ARM Linker, 4.1 [Build 894] [Standard]

==============================================================================

Section Cross References

    stm32f10x_adc.o(.text) refers to stm32f10x_rcc.o(.text) for RCC_APB2PeriphResetCmd
    stm32f10x_bkp.o(.text) refers to stm32f10x_rcc.o(.text) for RCC_BackupResetCmd
    stm32f10x_can.o(.text) refers to stm32f10x_rcc.o(.text) for RCC_APB1PeriphResetCmd
    stm32f10x_dac.o(.text) refers to stm32f10x_rcc.o(.text) for RCC_APB1PeriphResetCmd
    stm32f10x_gpio.o(.text) refers to stm32f10x_rcc.o(.text) for RCC_APB2PeriphResetCmd
    stm32f10x_i2c.o(.text) refers to stm32f10x_rcc.o(.text) for RCC_APB1PeriphResetCmd
    stm32f10x_pwr.o(.text) refers to stm32f10x_rcc.o(.text) for RCC_APB1PeriphResetCmd
    stm32f10x_rcc.o(.text) refers to stm32f10x_rcc.o(.data) for .data
    stm32f10x_spi.o(.text) refers to stm32f10x_rcc.o(.text) for RCC_APB2PeriphResetCmd
    stm32f10x_tim.o(.text) refers to stm32f10x_rcc.o(.text) for RCC_APB1PeriphResetCmd
    stm32f10x_usart.o(.text) refers to stm32f10x_rcc.o(.text) for RCC_APB2PeriphResetCmd
    stm32f10x_wwdg.o(.text) refers to stm32f10x_rcc.o(.text) for RCC_APB1PeriphResetCmd
    flash.o(.text) refers to stm32f10x_flash.o(.text) for FLASH_Unlock
    fsmc_sram.o(.text) refers to stm32f10x_fsmc.o(.text) for FSMC_NORSRAMInit
    lcd_12864.o(.text) refers to stm32f10x_gpio.o(.text) for GPIO_ResetBits
    lcd_12864.o(.text) refers to stm32f10x_spi.o(.text) for SPI_I2S_SendData
    system_init.o(.text) refers to misc.o(.text) for NVIC_SetVectorTable
    system_init.o(.text) refers to stm32f10x_gpio.o(.text) for GPIO_Init
    system_init.o(.text) refers to stm32f10x_rcc.o(.text) for RCC_APB2PeriphClockCmd
    system_init.o(.text) refers to stm32f10x_usart.o(.text) for USART_Init
    system_init.o(.text) refers to stm32f10x_pwr.o(.text) for PWR_BackupAccessCmd
    system_init.o(.text) refers to stm32f10x_bkp.o(.text) for BKP_DeInit
    system_init.o(.text) refers to stm32f10x_rtc.o(.text) for RTC_WaitForSynchro
    system_init.o(.text) refers to stm32f10x_flash.o(.text) for FLASH_SetLatency
    system_init.o(.text) refers to stm32f10x_tim.o(.text) for TIM_TimeBaseInit
    system_init.o(.text) refers to system_stm32f10x.o(.constdata) for SystemFrequency
    system_init.o(.text) refers to system_init.o(.data) for .data
    main.o(.text) refers to timertask.o(.text) for TmrInit
    main.o(.text) refers to stm32f10x_rtc.o(.text) for RTC_WaitForLastTask
    main.o(.text) refers to system_init.o(.text) for SystemResourcesInit
    main.o(.text) refers to stm32f10x_usart.o(.text) for USART_SendData
    main.o(.text) refers to stm32f10x_tim.o(.text) for TIM_Cmd
    main.o(.text) refers to main.o(.bss) for .bss
    main.o(.text) refers to main.o(.data) for .data
    stm32f10x_it.o(.text) refers to timertask.o(.text) for TmrDiDa
    stm32f10x_it.o(.text) refers to main.o(.text) for TimingDelay_Decrement
    stm32f10x_it.o(.text) refers to stm32f10x_rtc.o(.text) for RTC_GetITStatus
    stm32f10x_it.o(.text) refers to stm32f10x_gpio.o(.text) for GPIO_ReadOutputDataBit
    stm32f10x_it.o(.text) refers to stm32f10x_usart.o(.text) for USART_GetITStatus
    stm32f10x_it.o(.text) refers to main.o(.bss) for ComData
    stm32f10x_it.o(.text) refers to main.o(.data) for ACK_Data
    stm32f10x_it.o(.text) refers to stm32f10x_it.o(.data) for .data
    stm32f10x_it.o(.text) refers to main.o(.data) for DataSizeOfTransfer
    timertask.o(.text) refers to main.o(.bss) for TmrTbl
    entry.o(.ARM.Collect$$$$00000000) refers (Special) to entry7b.o(.ARM.Collect$$$$00000008) for _main_clock
    entry.o(.ARM.Collect$$$$00000000) refers (Special) to entry8.o(.ARM.Collect$$$$00000009) for _main_init
    entry.o(.ARM.Collect$$$$00000000) refers (Special) to entry5.o(.ARM.Collect$$$$00000004) for _main_scatterload
    entry.o(.ARM.Collect$$$$00000000) refers (Special) to entry2.o(.ARM.Collect$$$$00000001) for _main_stk
    entry2.o(.ARM.Collect$$$$00000001) refers to entry2.o(.ARM.Collect$$$$00002712) for __lit__00000000
    entry2.o(__vectab_stack_and_reset_area) refers to entry.o(.ARM.Collect$$$$00000000) for __main
    entry5.o(.ARM.Collect$$$$00000004) refers to init.o(.text) for __scatterload
    entry8.o(.ARM.Collect$$$$00000009) refers to main.o(.text) for main
    init.o(.text) refers to entry5.o(.ARM.Collect$$$$00000004) for __main_after_scatterload

