ARM Linker, 4.1 [Build 894] [Standard]

==============================================================================

Section Cross References

    system_stm32f10x.o(.text) refers to system_stm32f10x.o(.text) for SetSysClock
    startup_stm32f10x_md.o(RESET) refers to startup_stm32f10x_md.o(STACK) for __initial_sp
    startup_stm32f10x_md.o(RESET) refers to startup_stm32f10x_md.o(.text) for Reset_Handler
    startup_stm32f10x_md.o(RESET) refers to stm32f10x_it.o(.text) for NMI_Handler
    startup_stm32f10x_md.o(.text) refers to entry.o(.ARM.Collect$$$$00000000) for __main
    stm32f10x_adc.o(.text) refers to stm32f10x_rcc.o(.text) for RCC_APB2PeriphResetCmd
    stm32f10x_bkp.o(.text) refers to stm32f10x_rcc.o(.text) for RCC_BackupResetCmd
    stm32f10x_can.o(.text) refers to stm32f10x_rcc.o(.text) for RCC_APB1PeriphResetCmd
    stm32f10x_can.o(.text) refers to stm32f10x_can.o(.text) for CAN_FIFORelease
    stm32f10x_can.o(.text) refers to stm32f10x_can.o(.text) for CheckITStatus
    stm32f10x_dac.o(.text) refers to stm32f10x_rcc.o(.text) for RCC_APB1PeriphResetCmd
    stm32f10x_flash.o(.text) refers to stm32f10x_flash.o(.text) for FLASH_WaitForLastOperation
    stm32f10x_flash.o(.text) refers to stm32f10x_flash.o(.text) for FLASH_WaitForLastOperation
    stm32f10x_flash.o(.text) refers to stm32f10x_flash.o(.text) for FLASH_WaitForLastOperation
    stm32f10x_flash.o(.text) refers to stm32f10x_flash.o(.text) for FLASH_WaitForLastOperation
    stm32f10x_flash.o(.text) refers to stm32f10x_flash.o(.text) for FLASH_WaitForLastOperation
    stm32f10x_flash.o(.text) refers to stm32f10x_flash.o(.text) for FLASH_WaitForLastOperation
    stm32f10x_flash.o(.text) refers to stm32f10x_flash.o(.text) for FLASH_WaitForLastOperation
    stm32f10x_gpio.o(.text) refers to stm32f10x_rcc.o(.text) for RCC_APB2PeriphResetCmd
    stm32f10x_gpio.o(.text) refers to stm32f10x_rcc.o(.text) for RCC_APB2PeriphResetCmd
    stm32f10x_i2c.o(.text) refers to stm32f10x_rcc.o(.text) for RCC_APB1PeriphResetCmd
    stm32f10x_i2c.o(.text) refers to stm32f10x_rcc.o(.text) for RCC_GetClocksFreq
    stm32f10x_pwr.o(.text) refers to stm32f10x_rcc.o(.text) for RCC_APB1PeriphResetCmd
    stm32f10x_rcc.o(.text) refers to stm32f10x_rcc.o(.data) for APBAHBPrescTable
    stm32f10x_rtc.o(.text) refers to stm32f10x_rtc.o(.text) for RTC_EnterConfigMode
    stm32f10x_rtc.o(.text) refers to stm32f10x_rtc.o(.text) for RTC_EnterConfigMode
    stm32f10x_spi.o(.text) refers to stm32f10x_rcc.o(.text) for RCC_APB2PeriphResetCmd
    stm32f10x_spi.o(.text) refers to stm32f10x_rcc.o(.text) for RCC_APB1PeriphResetCmd
    stm32f10x_spi.o(.text) refers to stm32f10x_rcc.o(.text) for RCC_GetClocksFreq
    stm32f10x_tim.o(.text) refers to stm32f10x_rcc.o(.text) for RCC_APB2PeriphResetCmd
    stm32f10x_tim.o(.text) refers to stm32f10x_rcc.o(.text) for RCC_APB1PeriphResetCmd
    stm32f10x_tim.o(.text) refers to stm32f10x_tim.o(.text) for TI1_Config
    stm32f10x_tim.o(.text) refers to stm32f10x_tim.o(.text) for TIM_SetIC1Prescaler
    stm32f10x_tim.o(.text) refers to stm32f10x_tim.o(.text) for TIM_SetIC2Prescaler
    stm32f10x_tim.o(.text) refers to stm32f10x_tim.o(.text) for TIM_SetIC3Prescaler
    stm32f10x_tim.o(.text) refers to stm32f10x_tim.o(.text) for TIM_SetIC4Prescaler
    stm32f10x_tim.o(.text) refers to stm32f10x_tim.o(.text) for TI1_Config
    stm32f10x_tim.o(.text) refers to stm32f10x_tim.o(.text) for TIM_SetIC1Prescaler
    stm32f10x_tim.o(.text) refers to stm32f10x_tim.o(.text) for TIM_SetIC2Prescaler
    stm32f10x_tim.o(.text) refers to stm32f10x_tim.o(.text) for TIM_SelectInputTrigger
    stm32f10x_tim.o(.text) refers to stm32f10x_tim.o(.text) for TI2_Config
    stm32f10x_tim.o(.text) refers to stm32f10x_tim.o(.text) for TIM_SelectInputTrigger
    stm32f10x_tim.o(.text) refers to stm32f10x_tim.o(.text) for TIM_ETRConfig
    stm32f10x_tim.o(.text) refers to stm32f10x_tim.o(.text) for TIM_ETRConfig
    stm32f10x_usart.o(.text) refers to stm32f10x_rcc.o(.text) for RCC_APB2PeriphResetCmd
    stm32f10x_usart.o(.text) refers to stm32f10x_rcc.o(.text) for RCC_APB1PeriphResetCmd
    stm32f10x_usart.o(.text) refers to stm32f10x_rcc.o(.text) for RCC_GetClocksFreq
    stm32f10x_wwdg.o(.text) refers to stm32f10x_rcc.o(.text) for RCC_APB1PeriphResetCmd
    flash.o(.text) refers to stm32f10x_flash.o(.text) for FLASH_Unlock
    flash.o(.text) refers to stm32f10x_flash.o(.text) for FLASH_Unlock
    flash.o(.text) refers to stm32f10x_flash.o(.text) for FLASH_ClearFlag
    flash.o(.text) refers to stm32f10x_flash.o(.text) for FLASH_ProgramWord
    fsmc_sram.o(.text) refers to stm32f10x_fsmc.o(.text) for FSMC_NORSRAMInit
    fsmc_sram.o(.text) refers to stm32f10x_fsmc.o(.text) for FSMC_NORSRAMCmd
    lcd_12864.o(.text) refers to stm32f10x_gpio.o(.text) for GPIO_ResetBits
    lcd_12864.o(.text) refers to stm32f10x_spi.o(.text) for SPI_I2S_SendData
    lcd_12864.o(.text) refers to main.o(.text) for delay
    lcd_12864.o(.text) refers to memcpya.o(.text) for __aeabi_memcpy
[...]
    .text                                    0x0800658c   Section        0  calibrationvaluehigh.o(.text)
    .text                                    0x08006818   Section        0  calibrationvaluelow.o(.text)
    .text                                    0x08006908   Section        0  data.o(.text)
    .text                                    0x08006ba8   Section        0  data.o(.text)
    .text                                    0x08006bb4   Section        0  pid_c_stm32.o(.text)
    .text                                    0x08006c1c   Section        0  memcpya.o(.text)
    .text                                    0x08006c40   Section        0  strlen.o(.text)
    .text                                    0x08006c50   Section        0  fadd.o(.text)
    .text                                    0x08006d00   Section        0  fmul.o(.text)
    .text                                    0x08006d6c   Section        0  fdiv.o(.text)
    .text                                    0x08006dec   Section        0  fflti.o(.text)
    .text                                    0x08006dfe   Section        0  ffltui.o(.text)
    .text                                    0x08006e08   Section        0  ffixui.o(.text)
    .text                                    0x08006e30   Section        0  f2d.o(.text)
    .text                                    0x08006e5c   Section        0  uidiv.o(.text)
    .text                                    0x08006e88   Section        0  uldiv.o(.text)
    .text                                    0x08006eea   Section        0  fepilogue.o(.text)
    .text                                    0x08006eea   Section        0  iusefp.o(.text)
    .text                                    0x08006f56   Section        0  dadd.o(.text)
    .text                                    0x080070a2   Section        0  dmul.o(.text)
    .text                                    0x08007182   Section        0  ddiv.o(.text)
    .text                                    0x08007260   Section        0  dfixul.o(.text)
    .text                                    0x08007290   Section       40  cdrcmple.o(.text)
    .text                                    0x080072b8   Section       36  init.o(.text)
    .text                                    0x080072dc   Section        0  llshl.o(.text)
    .text                                    0x080072fa   Section        0  llushr.o(.text)
    .text                                    0x0800731a   Section        0  llsshr.o(.text)
    .text                                    0x0800733e   Section        0  depilogue.o(.text)
    i.__0sprintf                             0x080073fc   Section        0  printfa.o(i.__0sprintf)
    i.__scatterload_copy                     0x08007424   Section       14  handlers.o(i.__scatterload_copy)
    i.__scatterload_null                     0x08007432   Section        2  handlers.o(i.__scatterload_null)
    i.__scatterload_zeroinit                 0x08007434   Section       14  handlers.o(i.__scatterload_zeroinit)
    i._fp_digits                             0x08007444   Section        0  printfa.o(i._fp_digits)
    _fp_digits                               0x08007445   Thumb Code   324  printfa.o(i._fp_digits)
    i._printf_core                           0x0800759c   Section        0  printfa.o(i._printf_core)
    _printf_core                             0x0800759d   Thumb Code  1782  printfa.o(i._printf_core)
    i._printf_post_padding                   0x08007ca0   Section        0  printfa.o(i._printf_post_padding)
    _printf_post_padding                     0x08007ca1   Thumb Code    38  printfa.o(i._printf_post_padding)
    i._printf_pre_padding                    0x08007cc6   Section        0  printfa.o(i._printf_pre_padding)
    _printf_pre_padding                      0x08007cc7   Thumb Code    48  printfa.o(i._printf_pre_padding)
    i._sputc                                 0x08007cf6   Section        0  printfa.o(i._sputc)
    _sputc                                   0x08007cf7   Thumb Code    10  printfa.o(i._sputc)
    .constdata                               0x08007d00   Section       20  system_stm32f10x.o(.constdata)
    .constdata                               0x08007d14   Section     7656  lcd_12864.o(.constdata)
    .constdata                               0x08009afc   Section      512  modbus.o(.constdata)
    .constdata                               0x08009cfc   Section     2640  menu.o(.constdata)
    .constdata                               0x0800a74c   Section        6  regulatingvalvecontrol.o(.constdata)
    .constdata                               0x0800a754   Section        8  setalarmrangeh.o(.constdata)
    .constdata                               0x0800a75c   Section        8  setalarmrangehh.o(.constdata)
    .constdata                               0x0800a764   Section        8  setalarmrangel.o(.constdata)
    .constdata                               0x0800a76c   Section        8  setalarmrangell.o(.constdata)
    .constdata                               0x0800a774   Section        6  setd.o(.constdata)
    .constdata                               0x0800a77c   Section        4  setdampvalue.o(.constdata)
    .constdata                               0x0800a780   Section        4  setdeviceaddr.o(.constdata)
    .constdata                               0x0800a784   Section        8  setdovaluerangeh.o(.constdata)
    .constdata                               0x0800a78c   Section        8  setdovaluerangel.o(.constdata)
    .constdata                               0x0800a794   Section        6  seti.o(.constdata)
    .constdata                               0x0800a79c   Section        6  setp.o(.constdata)
    .constdata                               0x0800a7a4   Section        8  setrangeh.o(.constdata)
    .constdata                               0x0800a7ac   Section        8  setrangel.o(.constdata)
    .constdata                               0x0800a7b4   Section        8  setvalue.o(.constdata)
    .constdata                               0x0800a7bc   Section        8  calibrationstartvalue.o(.constdata)
    .constdata                               0x0800a7c4   Section        8  calibrationvaluehigh.o(.constdata)
    .constdata                               0x0800a7cc   Section        8  calibrationvaluelow.o(.constdata)
    .constdata                               0x0800a7d4   Section       54  data.o(.constdata)
    .conststring                             0x0800a80a   Section      343  menu.o(.conststring)
    .data                                    0x20000000   Section       20  stm32f10x_rcc.o(.data)
    APBAHBPrescTable                         0x20000000   Data          16  stm32f10x_rcc.o(.data)
    ADCPrescTable                            0x20000010   Data           4  stm32f10x_rcc.o(.data)
    .data                                    0x20000014   Section       32  main.o(.data)
    TimingDelay                              0x2000001c   Data           4  main.o(.data)
    .data                                    0x20000034   Section        8  stm32f10x_it.o(.data)
    .data                                    0x2000003c   Section        6  actuator.o(.data)
    .data                                    0x20000042   Section        3  menu.o(.data)
    .data                                    0x20000046   Section        2  regulatingvalvecontrol.o(.data)
    .data                                    0x20000048   Section        2  setalarmrangeh.o(.data)
    .data                                    0x2000004a   Section        2  setalarmrangehh.o(.data)
    .data                                    0x2000004c   Section        2  setalarmrangel.o(.data)
    .data                                    0x2000004e   Section        2  setalarmrangell.o(.data)
    .data                                    0x20000050   Section        2  setd.o(.data)
    .data                                    0x20000052   Section        2  setdampvalue.o(.data)
    .data                                    0x20000054   Section        1  setdeviceaddr.o(.data)
    .data                                    0x20000056   Section        2  setdovaluerangeh.o(.data)
    .data                                    0x20000058   Section        2  setdovaluerangel.o(.data)
    .data                                    0x2000005a   Section        2  seti.o(.data)
    .data                                    0x2000005c   Section        2  setp.o(.data)
    .data                                    0x2000005e   Section        2  setrangeh.o(.data)
    .data                                    0x20000060   Section        2  setrangel.o(.data)
    .data                                    0x20000062   Section        2  setvalue.o(.data)
    .data                                    0x20000064   Section        2  calibrationstartvalue.o(.data)
    .data                                    0x20000066   Section        2  calibrationvaluehigh.o(.data)
    .data                                    0x20000068   Section        2  calibrationvaluelow.o(.data)
    .data                                    0x2000006c   Section        4  data.o(.data)
    .data                                    0x20000070   Section        8  pid_c_stm32.o(.data)
    .bss                                     0x20000078   Section     4508  main.o(.bss)
    .bss                                     0x20001214   Section      522  stm32f10x_it.o(.bss)
    .bss                                     0x2000141e   Section      384  modbus.o(.bss)
    rbuf                                     0x2000141e   Data         128  modbus.o(.bss)
    trBuf                                    0x2000149e   Data         128  modbus.o(.bss)
    dataBuf                                  0x2000151e   Data         128  modbus.o(.bss)
    .bss                                     0x2000159e   Section       12  control.o(.bss)
    .bss                                     0x200015aa   Section      128  data.o(.bss)
    STACK                                    0x20001630   Section      512  startup_stm32f10x_md.o(STACK)

    Global Symbols

    Symbol Name                              Value     Ov Type        Size  Object(Section)

    BuildAttributes$$THM_ISAv4$P$D$K$B$S$PE$A:L22UL41UL21$X:L11$S22US41US21$IEEE1$IW$USESV6$~STKCKD$USESV7$~SHL$OTIME$ROPI$EBA8$MICROLIB$REQ8$PRES8$EABIv2 0x00000000   Number         0  anon$$obj.o ABSOLUTE
    __ARM_use_no_argv                        0x00000000   Number         0  main.o ABSOLUTE
    _printf_a                                0x00000000   Number         0  stubs.o ABSOLUTE
    _printf_c                                0x00000000   Number         0  stubs.o ABSOLUTE
    _printf_charcount                        0x00000000   Number         0  stubs.o ABSOLUTE
    _printf_d                                0x00000000   Number         0  stubs.o ABSOLUTE
    _printf_e                                0x00000000   Number         0  stubs.o ABSOLUTE
    _printf_f                                0x00000000   Number         0  stubs.o ABSOLUTE
    _printf_flags                            0x00000000   Number         0  stubs.o ABSOLUTE
    _printf_fp_dec                           0x00000000   Number         0  stubs.o ABSOLUTE
    _printf_fp_hex                           0x00000000   Number         0  stubs.o ABSOLUTE
    _printf_g                                0x00000000   Number         0  stubs.o ABSOLUTE
    _printf_i                                0x00000000   Number         0  stubs.o ABSOLUTE
    _printf_int_dec                          0x00000000   Number         0  stubs.o ABSOLUTE
    _printf_l                                0x00000000   Number         0  stubs.o ABSOLUTE
    _printf_lc                               0x00000000   Number         0  stubs.o ABSOLUTE
    _printf_ll                               0x00000000   Number         0  stubs.o ABSOLUTE
    _printf_lld                              0x00000000   Number         0  stubs.o ABSOLUTE
    _printf_lli                              0x00000000   Number         0  stubs.o ABSOLUTE
    _printf_llo                              0x00000000   Number         0  stubs.o ABSOLUTE
    _printf_llu                              0x00000000   Number         0  stubs.o ABSOLUTE
    _printf_llx                              0x00000000   Number         0  stubs.o ABSOLUTE
    _printf_longlong_dec                     0x00000000   Number         0  stubs.o ABSOLUTE
    _printf_longlong_hex                     0x00000000   Number         0  stubs.o ABSOLUTE
    _printf_longlong_oct                     0x00000000   Number         0  stubs.o ABSOLUTE
    _printf_ls                               0x00000000   Number         0  stubs.o ABSOLUTE
    _printf_mbtowc                           0x00000000   Number         0  stubs.o ABSOLUTE
    _printf_n                                0x00000000   Number         0  stubs.o ABSOLUTE
    _printf_o                                0x00000000   Number         0  stubs.o ABSOLUTE
    _printf_p                                0x00000000   Number         0  stubs.o ABSOLUTE
    _printf_percent                          0x00000000   Number         0  stubs.o ABSOLUTE
    _printf_pre_padding                      0x00000000   Number         0  stubs.o ABSOLUTE
    _printf_return_value                     0x00000000   Number         0  stubs.o ABSOLUTE
    _printf_s                                0x00000000   Number         0  stubs.o ABSOLUTE
    _printf_sizespec                         0x00000000   Number         0  stubs.o ABSOLUTE
    _printf_str                              0x00000000   Number         0  stubs.o ABSOLUTE
    _printf_truncate_signed                  0x00000000   Number         0  stubs.o ABSOLUTE
    _printf_truncate_unsigned                0x00000000   Number         0  stubs.o ABSOLUTE
    _printf_u                                0x00000000   Number         0  stubs.o ABSOLUTE
    _printf_wc                               0x00000000   Number         0  stubs.o ABSOLUTE
    _printf_wctomb                           0x00000000   Number         0  stubs.o ABSOLUTE
    _printf_widthprec                        0x00000000   Number         0  stubs.o ABSOLUTE
    _printf_x                                0x00000000   Number         0  stubs.o ABSOLUTE
    __decompress                              - Undefined Weak Reference
    _clock_init                               - Undefined Weak Reference
    __Vectors_Size                           0x000000ec   Number         0  startup_stm32f10x_md.o ABSOLUTE
    __Vectors                                0x08000000   Data           4  startup_stm32f10x_md.o(RESET)
    __Vectors_End                            0x080000ec   Data           0  startup_stm32f10x_md.o(RESET)
    __main                                   0x080000ed   Thumb Code     0  entry.o(.ARM.Collect$$$$00000000)
    _main_stk                                0x080000ed   Thumb Code     0  entry2.o(.ARM.Collect$$$$00000001)
    _main_scatterload                        0x080000f1   Thumb Code     0  entry5.o(.ARM.Collect$$$$00000004)
    __main_after_scatterload                 0x080000f5   Thumb Code     0  entry5.o(.ARM.Collect$$$$00000004)
    _main_clock                              0x080000f5   Thumb Code     0  entry7b.o(.ARM.Collect$$$$00000008)
    _main_init                               0x080000f5   Thumb Code     0  entry8.o(.ARM.Collect$$$$00000009)
    Reset_Handler                            0x08000101   Thumb Code     4  startup_stm32f10x_md.o(.text)
    ADC1_2_IRQHandler                        0x08000117   Thumb Code     0  startup_stm32f10x_md.o(.text)
    CAN1_RX1_IRQHandler                      0x08000117   Thumb Code     0  startup_stm32f10x_md.o(.text)
    CAN1_SCE_IRQHandler                      0x08000117   Thumb Code     0  startup_stm32f10x_md.o(.text)
    DMA1_Channel1_IRQHandler                 0x08000117   Thumb Code     0  startup_stm32f10x_md.o(.text)
    DMA1_Channel2_IRQHandler                 0x08000117   Thumb Code     0  startup_stm32f10x_md.o(.text)
    DMA1_Channel3_IRQHandler                 0x08000117   Thumb Code     0  startup_stm32f10x_md.o(.text)
    DMA1_Channel4_IRQHandler                 0x08000117   Thumb Code     0  startup_stm32f10x_md.o(.text)
    DMA1_Channel5_IRQHandler                 0x08000117   Thumb Code     0  startup_stm32f10x_md.o(.text)
    DMA1_Channel6_IRQHandler                 0x08000117   Thumb Code     0  startup_stm32f10x_md.o(.text)
    DMA1_Channel7_IRQHandler                 0x08000117   Thumb Code     0  startup_stm32f10x_md.o(.text)
    EXTI0_IRQHandler                         0x08000117   Thumb Code     0  startup_stm32f10x_md.o(.text)
    EXTI1_IRQHandler                         0x08000117   Thumb Code     0  startup_stm32f10x_md.o(.text)
    EXTI2_IRQHandler                         0x08000117   Thumb Code     0  startup_stm32f10x_md.o(.text)
    EXTI3_IRQHandler                         0x08000117   Thumb Code     0  startup_stm32f10x_md.o(.text)
    EXTI4_IRQHandler                         0x08000117   Thumb Code     0  startup_stm32f10x_md.o(.text)
    EXTI9_5_IRQHandler                       0x08000117   Thumb Code     0  startup_stm32f10x_md.o(.text)
    FLASH_IRQHandler                         0x08000117   Thumb Code     0  startup_stm32f10x_md.o(.text)
    I2C1_ER_IRQHandler                       0x08000117   Thumb Code     0  startup_stm32f10x_md.o(.text)
    I2C1_EV_IRQHandler                       0x08000117   Thumb Code     0  startup_stm32f10x_md.o(.text)
    I2C2_ER_IRQHandler                       0x08000117   Thumb Code     0  startup_stm32f10x_md.o(.text)
    I2C2_EV_IRQHandler                       0x08000117   Thumb Code     0  startup_stm32f10x_md.o(.text)
    PVD_IRQHandler                           0x08000117   Thumb Code     0  startup_stm32f10x_md.o(.text)
    RCC_IRQHandler                           0x08000117   Thumb Code     0  startup_stm32f10x_md.o(.text)
    RTCAlarm_IRQHandler                      0x08000117   Thumb Code     0  startup_stm32f10x_md.o(.text)
    SPI1_IRQHandler                          0x08000117   Thumb Code     0  startup_stm32f10x_md.o(.text)
    SPI2_IRQHandler                          0x08000117   Thumb Code     0  startup_stm32f10x_md.o(.text)
    TAMPER_IRQHandler                        0x08000117   Thumb Code     0  startup_stm32f10x_md.o(.text)
    TIM1_BRK_IRQHandler                      0x08000117   Thumb Code     0  startup_stm32f10x_md.o(.text)
    TIM1_CC_IRQHandler                       0x08000117   Thumb Code     0  startup_stm32f10x_md.o(.text)
    TIM1_TRG_COM_IRQHandler                  0x08000117   Thumb Code     0  startup_stm32f10x_md.o(.text)
    TIM1_UP_IRQHandler                       0x08000117   Thumb Code     0  startup_stm32f10x_md.o(.text)
    TIM2_IRQHandler                          0x08000117   Thumb Code     0  startup_stm32f10x_md.o(.text)
    TIM3_IRQHandler                          0x08000117   Thumb Code     0  startup_stm32f10x_md.o(.text)
    TIM4_IRQHandler                          0x08000117   Thumb Code     0  startup_stm32f10x_md.o(.text)
    USART1_IRQHandler                        0x08000117   Thumb Code     0  startup_stm32f10x_md.o(.text)
    USART3_IRQHandler                        0x08000117   Thumb Code     0  startup_stm32f10x_md.o(.text)
    USBWakeUp_IRQHandler                     0x08000117   Thumb Code     0  startup_stm32f10x_md.o(.text)
    USB_HP_CAN1_TX_IRQHandler                0x08000117   Thumb Code     0  startup_stm32f10x_md.o(.text)
    USB_LP_CAN1_RX0_IRQHandler               0x08000117   Thumb Code     0  startup_stm32f10x_md.o(.text)
    WWDG_IRQHandler                          0x08000117   Thumb Code     0  startup_stm32f10x_md.o(.text)
    NVIC_PriorityGroupConfig                 0x0800011d   Thumb Code    10  misc.o(.text)
    NVIC_Init                                0x08000127   Thumb Code   102  misc.o(.text)
    NVIC_SetVectorTable                      0x0800018d   Thumb Code    14  misc.o(.text)
    ADC_Init                                 0x080001b1   Thumb Code    70  stm32f10x_adc.o(.text)
    ADC_Cmd                                  0x080001f7   Thumb Code    22  stm32f10x_adc.o(.text)
    ADC_ResetCalibration                     0x0800020d   Thumb Code    10  stm32f10x_adc.o(.text)
    ADC_GetResetCalibrationStatus            0x08000217   Thumb Code    20  stm32f10x_adc.o(.text)
    ADC_StartCalibration                     0x0800022b   Thumb Code    10  stm32f10x_adc.o(.text)
    ADC_GetCalibrationStatus                 0x08000235   Thumb Code    20  stm32f10x_adc.o(.text)
    ADC_SoftwareStartConvCmd                 0x08000249   Thumb Code    22  stm32f10x_adc.o(.text)
    ADC_RegularChannelConfig                 0x0800025f   Thumb Code   184  stm32f10x_adc.o(.text)
    ADC_GetConversionValue                   0x08000317   Thumb Code     8  stm32f10x_adc.o(.text)
    ADC_GetFlagStatus                        0x0800031f   Thumb Code    18  stm32f10x_adc.o(.text)
    DAC_DeInit                               0x08000339   Thumb Code    22  stm32f10x_dac.o(.text)
    DAC_Init                                 0x0800034f   Thumb Code    46  stm32f10x_dac.o(.text)
    DAC_Cmd                                  0x0800037d   Thumb Code    34  stm32f10x_dac.o(.text)
    DAC_SoftwareTriggerCmd                   0x0800039f   Thumb Code    48  stm32f10x_dac.o(.text)
    DAC_SetChannel1Data                      0x080003cf   Thumb Code     8  stm32f10x_dac.o(.text)
    EXTI_Init                                0x080003dd   Thumb Code   150  stm32f10x_exti.o(.text)
    EXTI_GetITStatus                         0x08000473   Thumb Code    34  stm32f10x_exti.o(.text)
    EXTI_ClearITPendingBit                   0x08000495   Thumb Code     8  stm32f10x_exti.o(.text)
    FLASH_SetLatency                         0x080004a1   Thumb Code    18  stm32f10x_flash.o(.text)
    FLASH_PrefetchBufferCmd                  0x080004b3   Thumb Code    22  stm32f10x_flash.o(.text)
    FLASH_Unlock                             0x080004c9   Thumb Code    12  stm32f10x_flash.o(.text)
    FLASH_GetStatus                          0x080004d5   Thumb Code    50  stm32f10x_flash.o(.text)
    FLASH_WaitForLastOperation               0x08000515   Thumb Code    42  stm32f10x_flash.o(.text)
    FLASH_ErasePage                          0x0800053f   Thumb Code    76  stm32f10x_flash.o(.text)
    FLASH_ProgramHalfWord                    0x0800058b   Thumb Code    64  stm32f10x_flash.o(.text)
    FLASH_ClearFlag                          0x080005cb   Thumb Code     6  stm32f10x_flash.o(.text)
    GPIO_Init                                0x080005dd   Thumb Code   274  stm32f10x_gpio.o(.text)
    GPIO_ReadInputDataBit                    0x080006ef   Thumb Code    18  stm32f10x_gpio.o(.text)
    GPIO_ReadOutputDataBit                   0x08000701   Thumb Code    18  stm32f10x_gpio.o(.text)
    GPIO_SetBits                             0x08000713   Thumb Code     4  stm32f10x_gpio.o(.text)
    GPIO_ResetBits                           0x08000717   Thumb Code     4  stm32f10x_gpio.o(.text)
    GPIO_WriteBit                            0x0800071b   Thumb Code    10  stm32f10x_gpio.o(.text)
    GPIO_EXTILineConfig                      0x08000725   Thumb Code    60  stm32f10x_gpio.o(.text)
    RCC_DeInit                               0x08000765   Thumb Code    62  stm32f10x_rcc.o(.text)
    RCC_HSEConfig                            0x080007a3   Thumb Code    70  stm32f10x_rcc.o(.text)
    RCC_GetFlagStatus                        0x080007e9   Thumb Code    56  stm32f10x_rcc.o(.text)
    RCC_WaitForHSEStartUp                    0x08000821   Thumb Code    46  stm32f10x_rcc.o(.text)
    RCC_PLLConfig                            0x0800084f   Thumb Code    24  stm32f10x_rcc.o(.text)
    RCC_PLLCmd                               0x08000867   Thumb Code     6  stm32f10x_rcc.o(.text)
    RCC_SYSCLKConfig                         0x0800086d   Thumb Code    18  stm32f10x_rcc.o(.text)
    RCC_GetSYSCLKSource                      0x0800087f   Thumb Code    10  stm32f10x_rcc.o(.text)
    RCC_HCLKConfig                           0x08000889   Thumb Code    18  stm32f10x_rcc.o(.text)
    RCC_PCLK1Config                          0x0800089b   Thumb Code    18  stm32f10x_rcc.o(.text)
    RCC_PCLK2Config                          0x080008ad   Thumb Code    20  stm32f10x_rcc.o(.text)
    RCC_GetClocksFreq                        0x080008c1   Thumb Code   192  stm32f10x_rcc.o(.text)
    RCC_AHBPeriphClockCmd                    0x08000981   Thumb Code    26  stm32f10x_rcc.o(.text)
    RCC_APB2PeriphClockCmd                   0x0800099b   Thumb Code    26  stm32f10x_rcc.o(.text)
    RCC_APB1PeriphClockCmd                   0x080009b5   Thumb Code    26  stm32f10x_rcc.o(.text)
    RCC_APB1PeriphResetCmd                   0x080009cf   Thumb Code    26  stm32f10x_rcc.o(.text)
    RTC_EnterConfigMode                      0x08000a09   Thumb Code    14  stm32f10x_rtc.o(.text)
    RTC_ExitConfigMode                       0x08000a17   Thumb Code    16  stm32f10x_rtc.o(.text)
    RTC_GetCounter                           0x08000a27   Thumb Code    18  stm32f10x_rtc.o(.text)
    RTC_SetCounter                           0x08000a39   Thumb Code    26  stm32f10x_rtc.o(.text)
    RTC_WaitForLastTask                      0x08000a53   Thumb Code    14  stm32f10x_rtc.o(.text)
    RTC_GetITStatus                          0x08000a61   Thumb Code    32  stm32f10x_rtc.o(.text)
    RTC_ClearITPendingBit                    0x08000a81   Thumb Code    16  stm32f10x_rtc.o(.text)
    SPI_Init                                 0x08000a95   Thumb Code    60  stm32f10x_spi.o(.text)
    SPI_Cmd                                  0x08000ad1   Thumb Code    24  stm32f10x_spi.o(.text)
    SPI_I2S_SendData                         0x08000ae9   Thumb Code     4  stm32f10x_spi.o(.text)
    SPI_I2S_GetFlagStatus                    0x08000aed   Thumb Code    18  stm32f10x_spi.o(.text)
    TIM_TimeBaseInit                         0x08000b01   Thumb Code    50  stm32f10x_tim.o(.text)
    TIM_Cmd                                  0x08000c33   Thumb Code    24  stm32f10x_tim.o(.text)
    TIM_SetCounter                           0x08000c4b   Thumb Code     4  stm32f10x_tim.o(.text)
    TIM_GetCounter                           0x08000c4f   Thumb Code     6  stm32f10x_tim.o(.text)
    USART_Init                               0x08000c5d   Thumb Code   150  stm32f10x_usart.o(.text)
    USART_Cmd                                0x08000cf3   Thumb Code    24  stm32f10x_usart.o(.text)
    USART_ITConfig                           0x08000d0b   Thumb Code    64  stm32f10x_usart.o(.text)
    USART_SendData                           0x08000d4b   Thumb Code     8  stm32f10x_usart.o(.text)
    USART_ReceiveData                        0x08000d53   Thumb Code    10  stm32f10x_usart.o(.text)
    USART_GetFlagStatus                      0x08000d5d   Thumb Code    18  stm32f10x_usart.o(.text)
    USART_ClearFlag                          0x08000d6f   Thumb Code     6  stm32f10x_usart.o(.text)
    USART_GetITStatus                        0x08000d75   Thumb Code    76  stm32f10x_usart.o(.text)
    USART_ClearITPendingBit                  0x08000dc1   Thumb Code    20  stm32f10x_usart.o(.text)
    EraseFlash                               0x08000dd9   Thumb Code    70  flash.o(.text)
    ReadFlash_by_16Bit                       0x08000e1f   Thumb Code    10  flash.o(.text)
    WriteFlash_by_16Bit                      0x08000e29   Thumb Code    30  flash.o(.text)
    LcdWriteCom                              0x08000e49   Thumb Code    58  lcd_12864.o(.text)
    LcdInit                                  0x08000e83   Thumb Code   108  lcd_12864.o(.text)
    LcdWriteData                             0x08000eef   Thumb Code    58  lcd_12864.o(.text)
    SetBaseXY                                0x08000f29   Thumb Code    26  lcd_12864.o(.text)
    CleanScreen                              0x08000f43   Thumb Code    52  lcd_12864.o(.text)
    GetAscii1216                             0x08000f77   Thumb Code    30  lcd_12864.o(.text)
    DisplayOne12x16                          0x08000f95   Thumb Code   114  lcd_12864.o(.text)
    GetGB1616                                0x08001007   Thumb Code    74  lcd_12864.o(.text)
    DisplayOneLine12x16_with_params          0x08001051   Thumb Code   132  lcd_12864.o(.text)
    DisplayOneLine16x16_with_params          0x080010d5   Thumb Code   124  lcd_12864.o(.text)
    GetGB1216                                0x08001165   Thumb Code    26  lcd_12864.o(.text)
    DisplayOneGB12x16                        0x08001181   Thumb Code   114  lcd_12864.o(.text)
    GetGB2432                                0x080011f9   Thumb Code    60  lcd_12864.o(.text)
    DisplayOne24x32                          0x08001235   Thumb Code   114  lcd_12864.o(.text)
    SysTick_Configuration                    0x080012cd   Thumb Code    76  system_init.o(.text)
    USARTx_NVIC_Init                         0x08001319   Thumb Code    42  system_init.o(.text)
    USART_GPIO_Init                          0x08001343   Thumb Code    58  system_init.o(.text)
    USARTx_Configuration                     0x0800137d   Thumb Code    86  system_init.o(.text)
    FSCM_GPIO_Init                           0x080013d3   Thumb Code   206  system_init.o(.text)
    FSCM_Configuration                       0x080014a1   Thumb Code    16  system_init.o(.text)
    NVIC_Configuration                       0x080014b1   Thumb Code     2  system_init.o(.text)
    RCC_Configuration                        0x080014b3   Thumb Code    98  system_init.o(.text)
    GPIO_DI_NVIC_Configuration               0x08001515   Thumb Code    42  system_init.o(.text)
    GPIO_DI_EXIT_Configuration               0x0800153f   Thumb Code    44  system_init.o(.text)
    GPIO_DI_KEY0_Configration                0x0800156b   Thumb Code    54  system_init.o(.text)
    GPIO_DI_KEY1_Configration                0x080015a1   Thumb Code    54  system_init.o(.text)
    GPIO_DI_KEY2_Configration                0x080015d7   Thumb Code    54  system_init.o(.text)
    GPIO_DO_REALY_Configration               0x0800160d   Thumb Code    38  system_init.o(.text)
    GPIO_DO_RS485_Configration               0x08001633   Thumb Code    38  system_init.o(.text)
    GPIO_DO_LED_Configration                 0x08001659   Thumb Code    40  system_init.o(.text)
    GPIO_Configuration                       0x08001681   Thumb Code    60  system_init.o(.text)
    ADC_Configuration                        0x080016bd   Thumb Code     8  system_init.o(.text)
    Flash_Configuration                      0x080016c5   Thumb Code    68  system_init.o(.text)
    Timer_Configuration                      0x08001709   Thumb Code    44  system_init.o(.text)
    SPIx_GPIO_Config                         0x08001735   Thumb Code    96  system_init.o(.text)
    SPIx_Configuration                       0x08001795   Thumb Code    96  system_init.o(.text)
    SystemResourcesInit                      0x080017f5   Thumb Code   120  system_init.o(.text)
    usartSendData                            0x08001881   Thumb Code    28  usart.o(.text)
    RS485_RW_Select                          0x0800189d   Thumb Code    30  usart.o(.text)
    ADC_IN_adcInit                           0x080018c5   Thumb Code   140  adc.o(.text)
    GetVINAdcValue                           0x08001951   Thumb Code    30  adc.o(.text)
    GetPowerAdcValue                         0x08001979   Thumb Code     6  adc.o(.text)
    DAC_RCC_Init                             0x08001981   Thumb Code    24  dac.o(.text)
    DAC_GPIO_Init                            0x08001999   Thumb Code    22  dac.o(.text)
    DAC_Channel_Init                         0x080019af   Thumb Code    38  dac.o(.text)
    DAC_VOLTAGE_Configuration                0x080019d5   Thumb Code    16  dac.o(.text)
    DacOutput                                0x080019e5   Thumb Code    28  dac.o(.text)
    TmrTasksInit                             0x08001a29   Thumb Code    20  main.o(.text)
    uDelay                                   0x08001a3d   Thumb Code    52  main.o(.text)
    DevicesInit                              0x08001a71   Thumb Code    34  main.o(.text)
    main                                     0x08001a93   Thumb Code    42  main.o(.text)
    delay                                    0x08001abd   Thumb Code    16  main.o(.text)
    TimingDelay_Decrement                    0x08001acd   Thumb Code    18  main.o(.text)
    NMI_Handler                              0x08001af1   Thumb Code     2  stm32f10x_it.o(.text)
    HardFault_Handler                        0x08001af3   Thumb Code     4  stm32f10x_it.o(.text)
    MemManage_Handler                        0x08001af7   Thumb Code     4  stm32f10x_it.o(.text)
    BusFault_Handler                         0x08001afb   Thumb Code     4  stm32f10x_it.o(.text)
    UsageFault_Handler                       0x08001aff   Thumb Code     4  stm32f10x_it.o(.text)
    DebugMon_Handler                         0x08001b03   Thumb Code     2  stm32f10x_it.o(.text)
    SVC_Handler                              0x08001b05   Thumb Code     2  stm32f10x_it.o(.text)
    PendSV_Handler                           0x08001b07   Thumb Code     2  stm32f10x_it.o(.text)
    SysTick_Handler                          0x08001b09   Thumb Code    12  stm32f10x_it.o(.text)
    RTC_IRQHandler                           0x08001b15   Thumb Code    66  stm32f10x_it.o(.text)
    USART2_IRQHandler                        0x08001b57   Thumb Code   192  stm32f10x_it.o(.text)
    EXTI15_10_IRQHandler                     0x08001c17   Thumb Code   248  stm32f10x_it.o(.text)
    TmrCfgFnct                               0x08001d39   Thumb Code    26  timertask.o(.text)
    TmrInit                                  0x08001d53   Thumb Code    30  timertask.o(.text)
    TmrReset                                 0x08001d71   Thumb Code    20  timertask.o(.text)
    TmrSetMST                                0x08001d85   Thumb Code    52  timertask.o(.text)
    TmrSetT                                  0x08001db9   Thumb Code    22  timertask.o(.text)
    TmrStart                                 0x08001dcf   Thumb Code    18  timertask.o(.text)
    TmrStop                                  0x08001de1   Thumb Code    18  timertask.o(.text)
    TmrTask                                  0x08001df3   Thumb Code    90  timertask.o(.text)
    TmrDiDa                                  0x08001e4d   Thumb Code    42  timertask.o(.text)
    TmrCfg                                   0x08001e77   Thumb Code    60  timertask.o(.text)
    WrCom                                    0x08001eb9   Thumb Code    58  modbus.o(.text)
    CRC16                                    0x08001ef3   Thumb Code    42  modbus.o(.text)
    TrPakChk                                 0x08001f1d   Thumb Code    40  modbus.o(.text)
    RecPakChk                                0x08001f45   Thumb Code    42  modbus.o(.text)
    RdCom                                    0x08001f6f   Thumb Code    56  modbus.o(.text)
    getModbusPackage                         0x08001fa7   Thumb Code   138  modbus.o(.text)
    parseModbusPackage                       0x08002031   Thumb Code   344  modbus.o(.text)
    ModbusRecTimeoutTimerHanler              0x08002189   Thumb Code    32  modbus.o(.text)
    ModbusRecTimeoutTimerInit                0x080021a9   Thumb Code    30  modbus.o(.text)
    Convert_ADC_ValueToVolage                0x080021e9   Thumb Code    22  control.o(.text)
    Convert_MV_To_DAC_Raw                    0x080021ff   Thumb Code    68  control.o(.text)
    ManualControl                            0x08002243   Thumb Code    48  control.o(.text)
    ControlMode                              0x08002273   Thumb Code    18  control.o(.text)
    AutoControlTimerInit                     0x08002285   Thumb Code    28  control.o(.text)
    Convert_DAC_RawToCurrent                 0x080022a5   Thumb Code    22  control.o(.text)
    GetCurrentEngineValue                    0x080022bd   Thumb Code   154  control.o(.text)
    CurrentOutput                            0x0800235d   Thumb Code    38  control.o(.text)
    PID_Calc                                 0x08002383   Thumb Code    72  control.o(.text)
    RegulatingValveControl                   0x080023cb   Thumb Code   108  control.o(.text)
    DO_ThresholdControl                      0x08002437   Thumb Code    78  control.o(.text)
    AutoControl                              0x08002485   Thumb Code    32  control.o(.text)
    AutoControlHandler                       0x080024a5   Thumb Code    16  control.o(.text)
    SaveOptMod                               0x080024b5   Thumb Code    24  actuator.o(.text)
    SetOptMod                                0x080024cd   Thumb Code    34  actuator.o(.text)
    RestoreOptMod                            0x080024ef   Thumb Code    42  actuator.o(.text)
    OpenRelay                                0x08002519   Thumb Code    12  actuator.o(.text)
    CloseRelay                               0x08002525   Thumb Code    12  actuator.o(.text)
    OperateRelay                             0x08002531   Thumb Code    20  actuator.o(.text)
    OperateValve                             0x08002545   Thumb Code    20  actuator.o(.text)
    MainWindow                               0x08002569   Thumb Code   240  menu.o(.text)
    DisplayWindow                            0x08002659   Thumb Code    28  menu.o(.text)
    ReturnBackToMainWindowEnterKeyOpt        0x08002675   Thumb Code    28  menu.o(.text)
    MoveToRightMenu                          0x08002691   Thumb Code   108  menu.o(.text)
    MoveToLeftMenu                           0x080026fd   Thumb Code    46  menu.o(.text)
    ReturnToMainWindowKeyOptFun              0x0800272b   Thumb Code    58  menu.o(.text)
    StartScreenRefreshTimer                  0x08002765   Thumb Code    34  menu.o(.text)
    StopScreenRefreshTimer                   0x08002787   Thumb Code    10  menu.o(.text)
    MoveToNextMenu                           0x08002791   Thumb Code    26  menu.o(.text)
    DisplayMenu                              0x080027ab   Thumb Code    82  menu.o(.text)
    ReturnToSubMenuKeyOptFun                 0x080027fd   Thumb Code    38  menu.o(.text)
    MainWindowRefreshTimerInit               0x08002823   Thumb Code    26  menu.o(.text)
    MenuTimeoutTimerInit                     0x0800283d   Thumb Code    30  menu.o(.text)
    KeyOptFun                                0x0800285b   Thumb Code    76  menu.o(.text)
    ChangeDisplayMode                        0x080028a7   Thumb Code    12  menu.o(.text)
    MenuInit                                 0x080028b3   Thumb Code     8  menu.o(.text)
    MenuTimeoutTimerStop                     0x080028bb   Thumb Code    10  menu.o(.text)
    SetRefresh                               0x080028e9   Thumb Code     6  menu.o(.text)
    MainWindowRefreshTimer                   0x080028f5   Thumb Code    32  menu.o(.text)
    MenuTimeout                              0x08002919   Thumb Code    38  menu.o(.text)
    DisplayCalibrationZero                   0x08002955   Thumb Code   108  calibrationzero.o(.text)
    DisplayCalibrationZeroKeyOptFun          0x080029c1   Thumb Code    58  calibrationzero.o(.text)
    SaveCalibrationZero                      0x080029fb   Thumb Code    24  calibrationzero.o(.text)
    SaveCalibrationZeroKeyOptFun             0x08002a13   Thumb Code    46  calibrationzero.o(.text)
    MoveToSetValueHighKeyOptFun              0x08002a41   Thumb Code    52  calibrationzero.o(.text)
    DisplayCalibrationFull                   0x08002ad1   Thumb Code   198  calibrationfull.o(.text)
    DisplayCalibrationFullKeyOptFun          0x08002b97   Thumb Code    58  calibrationfull.o(.text)
    SaveCalibrationFull                      0x08002bd1   Thumb Code    20  calibrationfull.o(.text)
    SaveCalibrationFullKeyOptFun             0x08002be5   Thumb Code    38  calibrationfull.o(.text)
    SetValveValue                            0x08002c51   Thumb Code   352  regulatingvalvecontrol.o(.text)
    DisplayValveControlKeyOptFun             0x08002de1   Thumb Code    74  regulatingvalvecontrol.o(.text)
    SaveValveValue                           0x08002e2b   Thumb Code    16  regulatingvalvecontrol.o(.text)
    UpdateValveValue                         0x08002e3b   Thumb Code   118  regulatingvalvecontrol.o(.text)
    ChangeValveValueKeyOptFun                0x08002eb1   Thumb Code    54  regulatingvalvecontrol.o(.text)
    SaveValveValueKeyOptFun                  0x08002ee7   Thumb Code    46  regulatingvalvecontrol.o(.text)
    DisplaySetRelayStatus                    0x08002f29   Thumb Code   208  relaycontrol.o(.text)
    DisplayRelayStatusControlKeyOptFun       0x08003025   Thumb Code    56  relaycontrol.o(.text)
    SetRelayKeyOptFun                        0x0800305d   Thumb Code    76  relaycontrol.o(.text)
    DisplayAlarmRange                        0x080030b9   Thumb Code   372  alarmrangeinfo.o(.text)
    DisplayAlarmRangeKeyOptFun               0x0800322d   Thumb Code    54  alarmrangeinfo.o(.text)
    GetInfoFromData                          0x08003291   Thumb Code    58  basicinfo.o(.text)
    GetDateFromData                          0x080032d1   Thumb Code    54  basicinfo.o(.text)
    DisplayInfoBy12x16FromData               0x0800330d   Thumb Code    74  basicinfo.o(.text)
    DisplayDateBy12x16FromData               0x08003357   Thumb Code    66  basicinfo.o(.text)
    DisplayDeviceStatus                      0x08003399   Thumb Code   118  basicinfo.o(.text)
    SubMenuEnterKeyOpt                       0x08003439   Thumb Code    38  basicinfo.o(.text)
    SubMenuKeyOptFun                         0x0800345f   Thumb Code    46  basicinfo.o(.text)
    DisplayCurrentOutput                     0x080034a5   Thumb Code    94  currentoutputinfo.o(.text)
    DisplayCurrentOutputKeyOptFun            0x08003503   Thumb Code    58  currentoutputinfo.o(.text)
    DisplayDampInfo                          0x08003555   Thumb Code    98  dampinfo.o(.text)
    DisplayDampInfoKeyOptFun                 0x080035d1   Thumb Code    52  dampinfo.o(.text)
    DisplayDeviceAddr                        0x0800360d   Thumb Code    66  deviceaddrinfo.o(.text)
    DisplayDeviceAddrKeyOptFun               0x08003661   Thumb Code    52  deviceaddrinfo.o(.text)
    DisplayMeasureRange                      0x0800369d   Thumb Code   188  measurerangeinfo.o(.text)
    DisplayMeasureRangeKeyOptFun             0x08003771   Thumb Code    52  measurerangeinfo.o(.text)
    DisplayOutputControlModInfo              0x080037ad   Thumb Code    56  outputcontrolmodinfo.o(.text)
    DisplayOutputControlModInfoKeyOptFun     0x080037fd   Thumb Code    52  outputcontrolmodinfo.o(.text)
    DisplayPID_Info                          0x08003839   Thumb Code   154  pidinfo.o(.text)
    DisplayPID_InfoKeyOptFun                 0x080038e5   Thumb Code    52  pidinfo.o(.text)
    Convert_ADC_ValueTo_24V_Volage           0x08003921   Thumb Code    22  powervolageinfo.o(.text)
    DisplayPowerVolageInfo                   0x08003939   Thumb Code    82  powervolageinfo.o(.text)
    DisplayPowerVolageInfoKeyOptFun          0x0800399d   Thumb Code    56  powervolageinfo.o(.text)
    DisplayRelayStatusInfo                   0x080039dd   Thumb Code   144  relaystatusinfo.o(.text)
    DisplayRelayStatusInfoKeyOptFun          0x08003a99   Thumb Code    56  relaystatusinfo.o(.text)
    DisplaySetValue                          0x08003ad9   Thumb Code    94  valuesetinfo.o(.text)
    DisplaySetValeKeyOptFun                  0x08003b37   Thumb Code    54  valuesetinfo.o(.text)
    DisplaySetValueRange                     0x08003b85   Thumb Code   184  valuesetrangeinfo.o(.text)
    DisplaySetValueRangeKeyOptFun            0x08003c5d   Thumb Code    52  valuesetrangeinfo.o(.text)
    DisplayVolageInputInfo                   0x08003c99   Thumb Code    84  volageinputinfo.o(.text)
    DisplayVolageInputInfoKeyOptFun          0x08003ced   Thumb Code    58  volageinputinfo.o(.text)
    SetAlarmRangeHigh                        0x08003d3d   Thumb Code   294  setalarmrangeh.o(.text)
    UpdateAlarmRangeHigh                     0x08003e9d   Thumb Code   106  setalarmrangeh.o(.text)
    SetAlarmRangeHighKeyOptFun               0x08003f07   Thumb Code    62  setalarmrangeh.o(.text)
    SaveAlarmRangeHigh                       0x08003f45   Thumb Code    16  setalarmrangeh.o(.text)
    ChangeAlarmRangeHighkeyOptFun            0x08003f55   Thumb Code    54  setalarmrangeh.o(.text)
    SaveAlarmRangeHighKeyOptFun              0x08003f8b   Thumb Code    46  setalarmrangeh.o(.text)
    SetAlarmRangeHighHigh                    0x08003fd1   Thumb Code   294  setalarmrangehh.o(.text)
    UpdateAlarmRangeHighHigh                 0x080040f7   Thumb Code   106  setalarmrangehh.o(.text)
    SetAlarmRangeHighHighKeyOptFun           0x08004161   Thumb Code    64  setalarmrangehh.o(.text)
    SaveAlarmRangeHighHigh                   0x080041a1   Thumb Code    16  setalarmrangehh.o(.text)
    ChangeAlarmRangeHighHighkeyOptFun        0x080041b1   Thumb Code    54  setalarmrangehh.o(.text)
    SaveAlarmRangeHighHighKeyOptFun          0x080041e7   Thumb Code    46  setalarmrangehh.o(.text)
    SetAlarmRangeLow                         0x08004259   Thumb Code   294  setalarmrangel.o(.text)
    UpdateAlarmRangeLow                      0x0800437f   Thumb Code   106  setalarmrangel.o(.text)
    SetAlarmRangeLowKeyOptFun                0x080043e9   Thumb Code    64  setalarmrangel.o(.text)
    SaveAlarmRangeLow                        0x08004429   Thumb Code    16  setalarmrangel.o(.text)
    ChangeAlarmRangeLowkeyOptFun             0x08004439   Thumb Code    54  setalarmrangel.o(.text)
    SaveAlarmRangeLowKeyOptFun               0x0800446f   Thumb Code    46  setalarmrangel.o(.text)
    SetAlarmRangeLowLow                      0x080044e1   Thumb Code   294  setalarmrangell.o(.text)
    UpdateAlarmRangeLowLow                   0x08004607   Thumb Code   106  setalarmrangell.o(.text)
    SetAlarmRangeLowLowKeyOptFun             0x08004671   Thumb Code    64  setalarmrangell.o(.text)
    SaveAlarmRangeLowLow                     0x080046b1   Thumb Code    16  setalarmrangell.o(.text)
    ChangeAlarmRangeLowLowkeyOptFun          0x080046c1   Thumb Code    54  setalarmrangell.o(.text)
    SaveAlarmRangeLowLowKeyOptFun            0x080046f7   Thumb Code    46  setalarmrangell.o(.text)
    SetD                                     0x08004769   Thumb Code   298  setd.o(.text)
    UpdateD                                  0x08004893   Thumb Code   118  setd.o(.text)
    SetDKeyOptFun                            0x08004909   Thumb Code    64  setd.o(.text)
    SaveD                                    0x08004949   Thumb Code    16  setd.o(.text)
    ChangeDkeyOptFun                         0x08004959   Thumb Code    54  setd.o(.text)
    SaveDKeyOptFun                           0x0800498f   Thumb Code    46  setd.o(.text)
    SetDampValue                             0x080049f1   Thumb Code   256  setdampvalue.o(.text)
    UpdateDampValue                          0x08004af1   Thumb Code   104  setdampvalue.o(.text)
    SetDampValueKeyOptFun                    0x08004b59   Thumb Code    64  setdampvalue.o(.text)
    SaveDampValue                            0x08004b99   Thumb Code    16  setdampvalue.o(.text)
    ChangeDampValuekeyOptFun                 0x08004ba9   Thumb Code    54  setdampvalue.o(.text)
    SaveDampValueKeyOptFun                   0x08004bdf   Thumb Code    46  setdampvalue.o(.text)
    SetDeviceAddr                            0x08004c45   Thumb Code   246  setdeviceaddr.o(.text)
    SetDeviceAddrKeyOptFun                   0x08004d3b   Thumb Code    64  setdeviceaddr.o(.text)
    SaveDeviceAddr                           0x08004d7b   Thumb Code    16  setdeviceaddr.o(.text)
    UpdateDeviceAddr                         0x08004d8b   Thumb Code   104  setdeviceaddr.o(.text)
    ChangeDeviceAddrKeyOptFun                0x08004df3   Thumb Code    54  setdeviceaddr.o(.text)
    SaveDeviceAddrKeyOptFun                  0x08004e29   Thumb Code    48  setdeviceaddr.o(.text)
    SetDOValueRangeHigh                      0x08004e8d   Thumb Code   294  setdovaluerangeh.o(.text)
    UpdateDOValueRangeHigh                   0x08004fb3   Thumb Code   106  setdovaluerangeh.o(.text)
    SetDOValueRangeHighKeyOptFun             0x0800501d   Thumb Code    64  setdovaluerangeh.o(.text)
    SaveDOValueRangeHigh                     0x0800505d   Thumb Code    16  setdovaluerangeh.o(.text)
    ChangeDOValueRangeHighkeyOptFun          0x0800506d   Thumb Code    54  setdovaluerangeh.o(.text)
    SaveDOValueRangeHighKeyOptFun            0x080050a3   Thumb Code    46  setdovaluerangeh.o(.text)
    SetDOValueRangeLow                       0x08005115   Thumb Code   294  setdovaluerangel.o(.text)
    UpdateDOValueRangeLow                    0x0800523b   Thumb Code   106  setdovaluerangel.o(.text)
    SetDOValueRangeLowKeyOptFun              0x080052a5   Thumb Code    64  setdovaluerangel.o(.text)
    SaveDOValueRangeLow                      0x080052e5   Thumb Code    16  setdovaluerangel.o(.text)
    ChangeDOValueRangeLowkeyOptFun           0x080052f5   Thumb Code    54  setdovaluerangel.o(.text)
    SaveDOValueRangeLowKeyOptFun             0x0800532b   Thumb Code    46  setdovaluerangel.o(.text)
    SetI                                     0x0800539d   Thumb Code   298  seti.o(.text)
    UpdateI                                  0x080054c7   Thumb Code   118  seti.o(.text)
    SetIKeyOptFun                            0x0800553d   Thumb Code    64  seti.o(.text)
    SaveI                                    0x0800557d   Thumb Code    16  seti.o(.text)
    ChangeIkeyOptFun                         0x0800558d   Thumb Code    54  seti.o(.text)
    SaveIKeyOptFun                           0x080055c3   Thumb Code    46  seti.o(.text)
    SetOutputMode                            0x08005625   Thumb Code    96  setoutputmode.o(.text)
    SetOutputModeKeyOptFun                   0x08005685   Thumb Code    54  setoutputmode.o(.text)
    ChangeOutputModeKeyOptFun                0x080056bb   Thumb Code    64  setoutputmode.o(.text)
    SetP                                     0x08005725   Thumb Code   298  setp.o(.text)
    UpdateP                                  0x0800584f   Thumb Code   118  setp.o(.text)
    SetPKeyOptFun                            0x080058c5   Thumb Code    64  setp.o(.text)
    SaveP                                    0x08005905   Thumb Code    16  setp.o(.text)
    ChangePkeyOptFun                         0x08005915   Thumb Code    54  setp.o(.text)
    SavePKeyOptFun                           0x0800594b   Thumb Code    46  setp.o(.text)
    SetRangeHigh                             0x080059ad   Thumb Code   294  setrangeh.o(.text)
    UpdateRangeHigh                          0x08005ad3   Thumb Code   106  setrangeh.o(.text)
    SetRangeHighKeyOptFun                    0x08005b3d   Thumb Code    64  setrangeh.o(.text)
    SaveRangeHigh                            0x08005b7d   Thumb Code    16  setrangeh.o(.text)
    ChangeRangeHighkeyOptFun                 0x08005b8d   Thumb Code    54  setrangeh.o(.text)
    SaveRangeHighKeyOptFun                   0x08005bc3   Thumb Code    46  setrangeh.o(.text)
    SetRangeLow                              0x08005c35   Thumb Code   294  setrangel.o(.text)
    UpdateRangeLow                           0x08005d5b   Thumb Code   106  setrangel.o(.text)
    SetRangeLowKeyOptFun                     0x08005dc5   Thumb Code    64  setrangel.o(.text)
    SaveRangeLow                             0x08005e05   Thumb Code    16  setrangel.o(.text)
    ChangeRangeLowkeyOptFun                  0x08005e15   Thumb Code    54  setrangel.o(.text)
    SaveRangeLowKeyOptFun                    0x08005e4b   Thumb Code    46  setrangel.o(.text)
    DisplayValueAndSimbol                    0x08005ebd   Thumb Code    60  setvalue.o(.text)
    SetValue                                 0x08005ef9   Thumb Code   294  setvalue.o(.text)
    UpdateSetValue                           0x0800601f   Thumb Code   106  setvalue.o(.text)
    MoveToFirstValueMenuItem                 0x08006089   Thumb Code     6  setvalue.o(.text)
    SetValueKeyOptFun                        0x0800608f   Thumb Code    64  setvalue.o(.text)
    SaveValue                                0x080060cf   Thumb Code    16  setvalue.o(.text)
    ChangeValueKeyOptFun                     0x080060df   Thumb Code    54  setvalue.o(.text)
    SaveValueKeyOptFun                       0x08006115   Thumb Code    48  setvalue.o(.text)
    ReturnFromSetValueMenuKeyOptFun          0x08006145   Thumb Code    60  setvalue.o(.text)
    SetValveDirection                        0x080061c9   Thumb Code    96  setvalvedirection.o(.text)
    SetValveDirectionKeyOptFun               0x08006229   Thumb Code    54  setvalvedirection.o(.text)
    ChangeValveDirectionKeyOptFun            0x0800625f   Thumb Code    64  setvalvedirection.o(.text)
    DisplayCalibrationStartValue             0x080062c1   Thumb Code   270  calibrationstartvalue.o(.text)
    DisplayCalibrationStartValueKeyOptFun    0x08006411   Thumb Code    64  calibrationstartvalue.o(.text)
    UpdateStartValue                         0x08006451   Thumb Code   106  calibrationstartvalue.o(.text)
    ChangeStartValuekeyOptFun                0x080064bb   Thumb Code    54  calibrationstartvalue.o(.text)
    SaveStartValue                           0x080064f1   Thumb Code    24  calibrationstartvalue.o(.text)
    SaveStartValueKeyOptFun                  0x08006509   Thumb Code    46  calibrationstartvalue.o(.text)
    MoveToSetValueLowKeyOptFun               0x08006537   Thumb Code    52  calibrationstartvalue.o(.text)
    DisplayCalibrationValueHigh              0x0800658d   Thumb Code   254  calibrationvaluehigh.o(.text)
    UpdateValueHigh                          0x0800668b   Thumb Code   106  calibrationvaluehigh.o(.text)
    ChangeValueHighkeyOptFun                 0x080066f5   Thumb Code    54  calibrationvaluehigh.o(.text)
    SaveValueHigh                            0x0800672b   Thumb Code    44  calibrationvaluehigh.o(.text)
    SaveValueHighKeyOptFun                   0x08006757   Thumb Code    46  calibrationvaluehigh.o(.text)
    ReturnFromCalibrateMenuKeyOptFun         0x08006785   Thumb Code    64  calibrationvaluehigh.o(.text)
    UpdateValueLow                           0x08006819   Thumb Code   106  calibrationvaluelow.o(.text)
    ChangeValueLowkeyOptFun                  0x08006883   Thumb Code    54  calibrationvaluelow.o(.text)
    SaveValueLow                             0x080068b9   Thumb Code    16  calibrationvaluelow.o(.text)
    SaveValueLowKeyOptFun                    0x080068c9   Thumb Code    46  calibrationvaluelow.o(.text)
    GetData                                  0x08006909   Thumb Code    20  data.o(.text)
    LoadDataFromFlash                        0x0800691d   Thumb Code    50  data.o(.text)
    SaveDataToFlash                          0x0800694f   Thumb Code    90  data.o(.text)
    UpdateData                               0x080069a9   Thumb Code    30  data.o(.text)
    SetRelay                                 0x080069c7   Thumb Code    16  data.o(.text)
    InitCalibrationValue                     0x080069d7   Thumb Code    44  data.o(.text)
    NeedToWriteDefaultValueToFlash           0x08006a03   Thumb Code    36  data.o(.text)
    ConvertStringToWordArray                 0x08006a27   Thumb Code    62  data.o(.text)
    ConvertAsciiToWordArray                  0x08006a65   Thumb Code    36  data.o(.text)
    WriteDefaultValueToFlash                 0x08006a89   Thumb Code   216  data.o(.text)
    SystemParamsInit                         0x08006b61   Thumb Code    24  data.o(.text)
    GetRelayStatus                           0x08006ba9   Thumb Code    10  data.o(.text)
    DoFullPID                                0x08006bb5   Thumb Code    94  pid_c_stm32.o(.text)
    __aeabi_memcpy                           0x08006c1d   Thumb Code    36  memcpya.o(.text)
    __aeabi_memcpy4                          0x08006c1d   Thumb Code     0  memcpya.o(.text)
    __aeabi_memcpy8                          0x08006c1d   Thumb Code     0  memcpya.o(.text)
    strlen                                   0x08006c41   Thumb Code    16  strlen.o(.text)
    __aeabi_fadd                             0x08006c51   Thumb Code   164  fadd.o(.text)
    __aeabi_fsub                             0x08006cf5   Thumb Code     6  fadd.o(.text)
    __aeabi_frsub                            0x08006cfb   Thumb Code     6  fadd.o(.text)
    __aeabi_fmul                             0x08006d01   Thumb Code   108  fmul.o(.text)
    __aeabi_fdiv                             0x08006d6d   Thumb Code   128  fdiv.o(.text)
    __aeabi_i2f                              0x08006ded   Thumb Code    18  fflti.o(.text)
    __aeabi_ui2f                             0x08006dff   Thumb Code    10  ffltui.o(.text)
    __aeabi_f2uiz                            0x08006e09   Thumb Code    40  ffixui.o(.text)
    __aeabi_f2d                              0x08006e31   Thumb Code    44  f2d.o(.text)
    __aeabi_uidiv                            0x08006e5d   Thumb Code     0  uidiv.o(.text)
    __aeabi_uidivmod                         0x08006e5d   Thumb Code    44  uidiv.o(.text)
    __aeabi_uldivmod                         0x08006e89   Thumb Code    98  uldiv.o(.text)
    __I$use$fp                               0x08006eeb   Thumb Code     0  iusefp.o(.text)
    _float_round                             0x08006eeb   Thumb Code    18  fepilogue.o(.text)
    _float_epilogue                          0x08006efd   Thumb Code    90  fepilogue.o(.text)
    __aeabi_dadd                             0x08006f57   Thumb Code   320  dadd.o(.text)
    __aeabi_dsub                             0x08007097   Thumb Code     6  dadd.o(.text)
    __aeabi_drsub                            0x0800709d   Thumb Code     6  dadd.o(.text)
    __aeabi_dmul                             0x080070a3   Thumb Code   224  dmul.o(.text)
    __aeabi_ddiv                             0x08007183   Thumb Code   222  ddiv.o(.text)
    __aeabi_d2ulz                            0x08007261   Thumb Code    48  dfixul.o(.text)
    __aeabi_cdrcmple                         0x08007291   Thumb Code    38  cdrcmple.o(.text)
    __scatterload                            0x080072b9   Thumb Code    28  init.o(.text)
    __scatterload_rt2                        0x080072b9   Thumb Code     0  init.o(.text)
    __aeabi_llsl                             0x080072dd   Thumb Code    30  llshl.o(.text)
    _ll_shift_l                              0x080072dd   Thumb Code     0  llshl.o(.text)
    __aeabi_llsr                             0x080072fb   Thumb Code    32  llushr.o(.text)
    _ll_ushift_r                             0x080072fb   Thumb Code     0  llushr.o(.text)
    __aeabi_lasr                             0x0800731b   Thumb Code    36  llsshr.o(.text)
    _ll_sshift_r                             0x0800731b   Thumb Code     0  llsshr.o(.text)
    _double_round                            0x0800733f   Thumb Code    26  depilogue.o(.text)
    _double_epilogue                         0x08007359   Thumb Code   164  depilogue.o(.text)
    __0sprintf                               0x080073fd   Thumb Code    34  printfa.o(i.__0sprintf)
    __1sprintf                               0x080073fd   Thumb Code     0  printfa.o(i.__0sprintf)
    __2sprintf                               0x080073fd   Thumb Code     0  printfa.o(i.__0sprintf)
    __c89sprintf                             0x080073fd   Thumb Code     0  printfa.o(i.__0sprintf)
    sprintf                                  0x080073fd   Thumb Code     0  printfa.o(i.__0sprintf)
    __scatterload_copy                       0x08007425   Thumb Code    14  handlers.o(i.__scatterload_copy)
    __scatterload_null                       0x08007433   Thumb Code     2  handlers.o(i.__scatterload_null)
    __scatterload_zeroinit                   0x08007435   Thumb Code    14  handlers.o(i.__scatterload_zeroinit)
    SystemFrequency                          0x08007d00   Data           4  system_stm32f10x.o(.constdata)
    SystemFrequency_SysClk                   0x08007d04   Data           4  system_stm32f10x.o(.constdata)
    SystemFrequency_AHBClk                   0x08007d08   Data           4  system_stm32f10x.o(.constdata)
    SystemFrequency_APB1Clk                  0x08007d0c   Data           4  system_stm32f10x.o(.constdata)
    SystemFrequency_APB2Clk                  0x08007d10   Data           4  system_stm32f10x.o(.constdata)
    tGB_16                                   0x08007d14   Data        4454  lcd_12864.o(.constdata)
    GB_1216                                  0x08008e7a   Data          96  lcd_12864.o(.constdata)
    tGB_24                                   0x08008eda   Data        1067  lcd_12864.o(.constdata)
    ascii_12x16                              0x08009305   Data        2016  lcd_12864.o(.constdata)
    wCRCTable                                0x08009afc   Data         512  modbus.o(.constdata)
    menus                                    0x08009cfc   Data        2640  menu.o(.constdata)
    Region$$Table$$Base                      0x0800a964   Number         0  anon$$obj.o(Region$$Table)
    Region$$Table$$Limit                     0x0800a984   Number         0  anon$$obj.o(Region$$Table)
    DataSizeOfTransfer                       0x20000014   Data           1  main.o(.data)
    DataSizeOfReceiver                       0x20000015   Data           1  main.o(.data)
    ACK_Data                                 0x20000016   Data           6  main.o(.data)
    TxBuffer                                 0x20000020   Data           8  main.o(.data)
    RxBuffer                                 0x20000028   Data           8  main.o(.data)
    displayModel                             0x20000030   Data           4  main.o(.data)
    ReceiveComplete                          0x20000034   Data           1  stm32f10x_it.o(.data)
    TxCounter                                0x20000035   Data           1  stm32f10x_it.o(.data)
    RxCounter                                0x20000036   Data           1  stm32f10x_it.o(.data)
    cal                                      0x20000038   Data           4  stm32f10x_it.o(.data)
    preOptMod                                0x2000003c   Data           2  actuator.o(.data)
    preOutputMod                             0x2000003e   Data           2  actuator.o(.data)
    changed                                  0x20000040   Data           2  actuator.o(.data)
    windowPointer                            0x20000042   Data           1  menu.o(.data)
    currentMenu                              0x20000043   Data           1  menu.o(.data)
    needRefresh                              0x20000044   Data           1  menu.o(.data)
    newRegulatingValveValue                  0x20000046   Data           2  regulatingvalvecontrol.o(.data)
    newAlarmRangeHigh                        0x20000048   Data           2  setalarmrangeh.o(.data)
    newAlarmRangeHighHigh                    0x2000004a   Data           2  setalarmrangehh.o(.data)
    newAlarmRangeLow                         0x2000004c   Data           2  setalarmrangel.o(.data)
    newAlarmRangeLowLow                      0x2000004e   Data           2  setalarmrangell.o(.data)
    newD                                     0x20000050   Data           2  setd.o(.data)
    newDampValue                             0x20000052   Data           2  setdampvalue.o(.data)
    newSetDeviceAddrValue                    0x20000054   Data           1  setdeviceaddr.o(.data)
    newDOValueRangeHigh                      0x20000056   Data           2  setdovaluerangeh.o(.data)
    newDOValueRangeLow                       0x20000058   Data           2  setdovaluerangel.o(.data)
    newI                                     0x2000005a   Data           2  seti.o(.data)
    newP                                     0x2000005c   Data           2  setp.o(.data)
    newRangeHigh                             0x2000005e   Data           2  setrangeh.o(.data)
    newRangeLow                              0x20000060   Data           2  setrangel.o(.data)
    newSetValue                              0x20000062   Data           2  setvalue.o(.data)
    newStartValue                            0x20000064   Data           2  calibrationstartvalue.o(.data)
    newValueHigh                             0x20000066   Data           2  calibrationvaluehigh.o(.data)
    newValueLow                              0x20000068   Data           2  calibrationvaluelow.o(.data)
    DataStartAddr                            0x2000006c   Data           4  data.o(.data)
    PrevError                                0x20000070   Data           2  pid_c_stm32.o(.data)
    IntTerm                                  0x20000072   Data           2  pid_c_stm32.o(.data)
    PrevError_C                              0x20000074   Data           2  pid_c_stm32.o(.data)
    IntTerm_C                                0x20000076   Data           2  pid_c_stm32.o(.data)
    ComData                                  0x20000078   Data        4108  main.o(.bss)
    TmrTbl                                   0x20001084   Data         400  main.o(.bss)
    com2                                     0x20001214   Data         522  stm32f10x_it.o(.bss)
    CalibrationSensor                        0x2000159e   Data          12  control.o(.bss)
    Data                                     0x200015aa   Data         128  data.o(.bss)
    __initial_sp                             0x20001830   Data           0  startup_stm32f10x_md.o(STACK)



==============================================================================

Memory Map of the image

  Image Entry point : 0x08000101

  Load Region LR_1 (Base: 0x08000000, Size: 0x0000a9fc, Max: 0xffffffff, ABSOLUTE)

    Execution Region ER_RO (Base: 0x08000000, Size: 0x0000a984, Max: 0xffffffff, ABSOLUTE)

    Base Addr    Size         Type   Attr      Idx    E Section Name        Object

    0x08000000   0x000000ec   Data   RO           78    RESET               startup_stm32f10x_md.o
    0x080000ec   0x00000000   Code   RO         3899  * .ARM.Collect$$$$00000000  mc_w.l(entry.o)
    0x080000ec   0x00000004   Code   RO         4183    .ARM.Collect$$$$00000001  mc_w.l(entry2.o)
    0x080000f0   0x00000004   Code   RO         4186    .ARM.Collect$$$$00000004  mc_w.l(entry5.o)
    0x080000f4   0x00000000   Code   RO         4188    .ARM.Collect$$$$00000008  mc_w.l(entry7b.o)
    0x080000f4   0x00000008   Code   RO         4189    .ARM.Collect$$$$00000009  mc_w.l(entry8.o)
    0x080000fc   0x00000004   Code   RO         4184    .ARM.Collect$$$$00002712  mc_w.l(entry2.o)
    0x08000100   0x0000001c   Code   RO           79  * .text               startup_stm32f10x_md.o
    0x0800011c   0x00000094   Code   RO           83    .text               misc.o
    0x080001b0   0x00000188   Code   RO          112    .text               stm32f10x_adc.o
    0x08000338   0x000000a4   Code   RO          527    .text               stm32f10x_dac.o
    0x080003dc   0x000000c4   Code   RO          681    .text               stm32f10x_exti.o
    0x080004a0   0x0000013c   Code   RO          725    .text               stm32f10x_flash.o
    0x080005dc   0x00000188   Code   RO          952    .text               stm32f10x_gpio.o
    0x08000764   0x000002a4   Code   RO         1328    .text               stm32f10x_rcc.o
    0x08000a08   0x0000008c   Code   RO         1439    .text               stm32f10x_rtc.o
    0x08000a94   0x0000006a   Code   RO         1682    .text               stm32f10x_spi.o
    0x08000afe   0x00000002   PAD
    0x08000b00   0x0000015c   Code   RO         1811    .text               stm32f10x_tim.o
    0x08000c5c   0x0000017c   Code   RO         2321    .text               stm32f10x_usart.o
    0x08000dd8   0x0000006e   Code   RO         2498    .text               flash.o
    0x08000e46   0x00000002   PAD
    0x08000e48   0x0000031c   Code   RO         2549    .text               lcd_12864.o
    0x08001164   0x0000001a   Code   RO         2553    .text               lcd_12864.o
    0x0800117e   0x00000002   PAD
    0x08001180   0x00000078   Code   RO         2554    .text               lcd_12864.o
    0x080011f8   0x0000003c   Code   RO         2555    .text               lcd_12864.o
    0x08001234   0x00000078   Code   RO         2556    .text               lcd_12864.o
    0x080012ac   0x000005d4   Code   RO         2693    .text               system_init.o
    0x08001880   0x00000044   Code   RO         2726    .text               usart.o
    0x080018c4   0x000000b4   Code   RO         2743    .text               adc.o
    0x08001978   0x00000006   Code   RO         2744    .text               adc.o
    0x0800197e   0x00000002   PAD
    0x08001980   0x00000088   Code   RO         2771    .text               dac.o
    0x08001a08   0x000000e8   Code   RO         2783    .text               main.o
    0x08001af0   0x00000248   Code   RO         2815    .text               stm32f10x_it.o
    0x08001d38   0x00000180   Code   RO         2832    .text               timertask.o
    0x08001eb8   0x00000330   Code   RO         2860    .text               modbus.o
    0x080021e8   0x000000bc   Code   RO         2881    .text               control.o
    0x080022a4   0x00000016   Code   RO         2882    .text               control.o
    0x080022ba   0x00000002   PAD
    0x080022bc   0x000000a0   Code   RO         2883    .text               control.o
    0x0800235c   0x00000026   Code   RO         2884    .text               control.o
    0x08002382   0x00000048   Code   RO         2885    .text               control.o
    0x080023ca   0x0000006c   Code   RO         2886    .text               control.o
    0x08002436   0x0000004e   Code   RO         2887    .text               control.o
    0x08002484   0x00000020   Code   RO         2888    .text               control.o
    0x080024a4   0x00000010   Code   RO         2889    .text               control.o
    0x080024b4   0x000000b4   Code   RO         2956    .text               actuator.o
    0x08002568   0x000000f0   Code   RO         2989    .text               menu.o
    0x08002658   0x00000290   Code   RO         2990    .text               menu.o
    0x080028e8   0x0000000c   Code   RO         2991    .text               menu.o
    0x080028f4   0x00000024   Code   RO         2992    .text               menu.o
    0x08002918   0x0000003c   Code   RO         2993    .text               menu.o
    0x08002954   0x0000017c   Code   RO         3109    .text               calibrationzero.o
    0x08002ad0   0x00000180   Code   RO         3122    .text               calibrationfull.o
    0x08002c50   0x00000190   Code   RO         3135    .text               regulatingvalvecontrol.o
    0x08002de0   0x00000148   Code   RO         3136    .text               regulatingvalvecontrol.o
    0x08002f28   0x000000fc   Code   RO         3161    .text               relaycontrol.o
    0x08003024   0x00000094   Code   RO         3162    .text               relaycontrol.o
    0x080030b8   0x000001d8   Code   RO         3180    .text               alarmrangeinfo.o
    0x08003290   0x00000040   Code   RO         3193    .text               basicinfo.o
    0x080032d0   0x0000003c   Code   RO         3194    .text               basicinfo.o
    0x0800330c   0x0000004a   Code   RO         3196    .text               basicinfo.o
    0x08003356   0x00000042   Code   RO         3197    .text               basicinfo.o
    0x08003398   0x000000a0   Code   RO         3198    .text               basicinfo.o
    0x08003438   0x0000006c   Code   RO         3199    .text               basicinfo.o
    0x080034a4   0x000000b0   Code   RO         3242    .text               currentoutputinfo.o
    0x08003554   0x0000007c   Code   RO         3255    .text               dampinfo.o
    0x080035d0   0x0000003c   Code   RO         3256    .text               dampinfo.o
    0x0800360c   0x00000054   Code   RO         3274    .text               deviceaddrinfo.o
    0x08003660   0x0000003c   Code   RO         3275    .text               deviceaddrinfo.o
    0x0800369c   0x000000d4   Code   RO         3293    .text               measurerangeinfo.o
    0x08003770   0x0000003c   Code   RO         3294    .text               measurerangeinfo.o
    0x080037ac   0x00000050   Code   RO         3312    .text               outputcontrolmodinfo.o
    0x080037fc   0x0000003c   Code   RO         3313    .text               outputcontrolmodinfo.o
    0x08003838   0x000000ac   Code   RO         3331    .text               pidinfo.o
    0x080038e4   0x0000003c   Code   RO         3332    .text               pidinfo.o
    0x08003920   0x00000016   Code   RO         3350    .text               powervolageinfo.o
    0x08003936   0x00000002   PAD
    0x08003938   0x00000064   Code   RO         3351    .text               powervolageinfo.o
    0x0800399c   0x00000040   Code   RO         3352    .text               powervolageinfo.o
    0x080039dc   0x000000bc   Code   RO         3375    .text               relaystatusinfo.o
    0x08003a98   0x00000040   Code   RO         3376    .text               relaystatusinfo.o
    0x08003ad8   0x000000ac   Code   RO         3394    .text               valuesetinfo.o
    0x08003b84   0x000000d8   Code   RO         3407    .text               valuesetrangeinfo.o
    0x08003c5c   0x0000003c   Code   RO         3408    .text               valuesetrangeinfo.o
    0x08003c98   0x000000a4   Code   RO         3426    .text               volageinputinfo.o
    0x08003d3c   0x00000160   Code   RO         3439    .text               setalarmrangeh.o
    0x08003e9c   0x00000134   Code   RO         3440    .text               setalarmrangeh.o
    0x08003fd0   0x00000288   Code   RO         3465    .text               setalarmrangehh.o
    0x08004258   0x00000288   Code   RO         3485    .text               setalarmrangel.o
    0x080044e0   0x00000288   Code   RO         3505    .text               setalarmrangell.o
    0x08004768   0x00000288   Code   RO         3525    .text               setd.o
    0x080049f0   0x00000254   Code   RO         3545    .text               setdampvalue.o
    0x08004c44   0x00000248   Code   RO         3565    .text               setdeviceaddr.o
    0x08004e8c   0x00000288   Code   RO         3585    .text               setdovaluerangeh.o
    0x08005114   0x00000288   Code   RO         3605    .text               setdovaluerangel.o
    0x0800539c   0x00000288   Code   RO         3625    .text               seti.o
    0x08005624   0x00000100   Code   RO         3645    .text               setoutputmode.o
    0x08005724   0x00000288   Code   RO         3658    .text               setp.o
    0x080059ac   0x00000288   Code   RO         3678    .text               setrangeh.o
    0x08005c34   0x00000288   Code   RO         3698    .text               setrangel.o
    0x08005ebc   0x0000030c   Code   RO         3718    .text               setvalue.o
    0x080061c8   0x000000f8   Code   RO         3738    .text               setvalvedirection.o
    0x080062c0   0x00000150   Code   RO         3751    .text               calibrationstartvalue.o
    0x08006410   0x0000017c   Code   RO         3752    .text               calibrationstartvalue.o
    0x0800658c   0x0000028c   Code   RO         3777    .text               calibrationvaluehigh.o
    0x08006818   0x000000f0   Code   RO         3805    .text               calibrationvaluelow.o
    0x08006908   0x000002a0   Code   RO         3832    .text               data.o
    0x08006ba8   0x0000000a   Code   RO         3833    .text               data.o
    0x08006bb2   0x00000002   PAD
    0x08006bb4   0x00000068   Code   RO         3876    .text               pid_c_stm32.o
    0x08006c1c   0x00000024   Code   RO         3902    .text               mc_w.l(memcpya.o)
    0x08006c40   0x00000010   Code   RO         3904    .text               mc_w.l(strlen.o)
    0x08006c50   0x000000b0   Code   RO         4169    .text               mf_w.l(fadd.o)
    0x08006d00   0x0000006c   Code   RO         4171    .text               mf_w.l(fmul.o)
    0x08006d6c   0x00000080   Code   RO         4173    .text               mf_w.l(fdiv.o)
    0x08006dec   0x00000012   Code   RO         4175    .text               mf_w.l(fflti.o)
    0x08006dfe   0x0000000a   Code   RO         4177    .text               mf_w.l(ffltui.o)
    0x08006e08   0x00000028   Code   RO         4179    .text               mf_w.l(ffixui.o)
    0x08006e30   0x0000002c   Code   RO         4181    .text               mf_w.l(f2d.o)
    0x08006e5c   0x0000002c   Code   RO         4191    .text               mc_w.l(uidiv.o)
    0x08006e88   0x00000062   Code   RO         4193    .text               mc_w.l(uldiv.o)
    0x08006eea   0x00000000   Code   RO         4195    .text               mc_w.l(iusefp.o)
    0x08006eea   0x0000006c   Code   RO         4196    .text               mf_w.l(fepilogue.o)
    0x08006f56   0x0000014c   Code   RO         4198    .text               mf_w.l(dadd.o)
    0x080070a2   0x000000e0   Code   RO         4200    .text               mf_w.l(dmul.o)
    0x08007182   0x000000de   Code   RO         4202    .text               mf_w.l(ddiv.o)
    0x08007260   0x00000030   Code   RO         4204    .text               mf_w.l(dfixul.o)
    0x08007290   0x00000028   Code   RO         4206    .text               mf_w.l(cdrcmple.o)
    0x080072b8   0x00000024   Code   RO         4208    .text               mc_w.l(init.o)
    0x080072dc   0x0000001e   Code   RO         4210    .text               mc_w.l(llshl.o)
    0x080072fa   0x00000020   Code   RO         4212    .text               mc_w.l(llushr.o)
    0x0800731a   0x00000024   Code   RO         4214    .text               mc_w.l(llsshr.o)
    0x0800733e   0x000000be   Code   RO         4216    .text               mf_w.l(depilogue.o)
    0x080073fc   0x00000028   Code   RO         4143    i.__0sprintf        mc_w.l(printfa.o)
    0x08007424   0x0000000e   Code   RO         4220    i.__scatterload_copy  mc_w.l(handlers.o)
    0x08007432   0x00000002   Code   RO         4221    i.__scatterload_null  mc_w.l(handlers.o)
    0x08007434   0x0000000e   Code   RO         4222    i.__scatterload_zeroinit  mc_w.l(handlers.o)
    0x08007442   0x00000002   PAD
    0x08007444   0x00000158   Code   RO         4148    i._fp_digits        mc_w.l(printfa.o)
    0x0800759c   0x00000704   Code   RO         4149    i._printf_core      mc_w.l(printfa.o)
    0x08007ca0   0x00000026   Code   RO         4150    i._printf_post_padding  mc_w.l(printfa.o)
    0x08007cc6   0x00000030   Code   RO         4151    i._printf_pre_padding  mc_w.l(printfa.o)
    0x08007cf6   0x0000000a   Code   RO         4153    i._sputc            mc_w.l(printfa.o)
    0x08007d00   0x00000014   Data   RO           19    .constdata          system_stm32f10x.o
    0x08007d14   0x00001de8   Data   RO         2560    .constdata          lcd_12864.o
    0x08009afc   0x00000200   Data   RO         2862    .constdata          modbus.o
    0x08009cfc   0x00000a50   Data   RO         2994    .constdata          menu.o
    0x0800a74c   0x00000006   Data   RO         3137    .constdata          regulatingvalvecontrol.o
    0x0800a752   0x00000002   PAD
    0x0800a754   0x00000008   Data   RO         3441    .constdata          setalarmrangeh.o
    0x0800a75c   0x00000008   Data   RO         3466    .constdata          setalarmrangehh.o
    0x0800a764   0x00000008   Data   RO         3486    .constdata          setalarmrangel.o
    0x0800a76c   0x00000008   Data   RO         3506    .constdata          setalarmrangell.o
    0x0800a774   0x00000006   Data   RO         3526    .constdata          setd.o
    0x0800a77a   0x00000002   PAD
    0x0800a77c   0x00000004   Data   RO         3546    .constdata          setdampvalue.o
    0x0800a780   0x00000004   Data   RO         3566    .constdata          setdeviceaddr.o
    0x0800a784   0x00000008   Data   RO         3586    .constdata          setdovaluerangeh.o
    0x0800a78c   0x00000008   Data   RO         3606    .constdata          setdovaluerangel.o
    0x0800a794   0x00000006   Data   RO         3626    .constdata          seti.o
    0x0800a79a   0x00000002   PAD
    0x0800a79c   0x00000006   Data   RO         3659    .constdata          setp.o
    0x0800a7a2   0x00000002   PAD
    0x0800a7a4   0x00000008   Data   RO         3679    .constdata          setrangeh.o
    0x0800a7ac   0x00000008   Data   RO         3699    .constdata          setrangel.o
    0x0800a7b4   0x00000008   Data   RO         3719    .constdata          setvalue.o
    0x0800a7bc   0x00000008   Data   RO         3753    .constdata          calibrationstartvalue.o
    0x0800a7c4   0x00000008   Data   RO         3779    .constdata          calibrationvaluehigh.o
    0x0800a7cc   0x00000008   Data   RO         3806    .constdata          calibrationvaluelow.o
    0x0800a7d4   0x00000036   Data   RO         3835    .constdata          data.o
    0x0800a80a   0x00000157   Data   RO         2995    .conststring        menu.o
    0x0800a961   0x00000003   PAD
    0x0800a964   0x00000020   Data   RO         4218    Region$$Table       anon$$obj.o


    Execution Region ER_RW (Base: 0x20000000, Size: 0x00000078, Max: 0xffffffff, ABSOLUTE)

    Base Addr    Size         Type   Attr      Idx    E Section Name        Object

    0x20000000   0x00000014   Data   RW         1345    .data               stm32f10x_rcc.o
    0x20000014   0x00000020   Data   RW         2787    .data               main.o
    0x20000034   0x00000008   Data   RW         2817    .data               stm32f10x_it.o
    0x2000003c   0x00000006   Data   RW         2959    .data               actuator.o
    0x20000042   0x00000003   Data   RW         2996    .data               menu.o
    0x20000045   0x00000001   PAD
    0x20000046   0x00000002   Data   RW         3138    .data               regulatingvalvecontrol.o
    0x20000048   0x00000002   Data   RW         3442    .data               setalarmrangeh.o
    0x2000004a   0x00000002   Data   RW         3467    .data               setalarmrangehh.o
    0x2000004c   0x00000002   Data   RW         3487    .data               setalarmrangel.o
    0x2000004e   0x00000002   Data   RW         3507    .data               setalarmrangell.o
    0x20000050   0x00000002   Data   RW         3527    .data               setd.o
    0x20000052   0x00000002   Data   RW         3547    .data               setdampvalue.o
    0x20000054   0x00000001   Data   RW         3567    .data               setdeviceaddr.o
    0x20000055   0x00000001   PAD
    0x20000056   0x00000002   Data   RW         3587    .data               setdovaluerangeh.o
    0x20000058   0x00000002   Data   RW         3607    .data               setdovaluerangel.o
    0x2000005a   0x00000002   Data   RW         3627    .data               seti.o
    0x2000005c   0x00000002   Data   RW         3660    .data               setp.o
    0x2000005e   0x00000002   Data   RW         3680    .data               setrangeh.o
    0x20000060   0x00000002   Data   RW         3700    .data               setrangel.o
    0x20000062   0x00000002   Data   RW         3720    .data               setvalue.o
    0x20000064   0x00000002   Data   RW         3754    .data               calibrationstartvalue.o
    0x20000066   0x00000002   Data   RW         3780    .data               calibrationvaluehigh.o
    0x20000068   0x00000002   Data   RW         3807    .data               calibrationvaluelow.o
    0x2000006a   0x00000002   PAD
    0x2000006c   0x00000004   Data   RW         3836    .data               data.o
    0x20000070   0x00000008   Data   RW         3877    .data               pid_c_stm32.o


    Execution Region ER_ZI (Base: 0x20000078, Size: 0x000017b8, Max: 0xffffffff, ABSOLUTE)

    Base Addr    Size         Type   Attr      Idx    E Section Name        Object

    0x20000078   0x0000119c   Zero   RW         2786    .bss                main.o
    0x20001214   0x0000020a   Zero   RW         2816    .bss                stm32f10x_it.o
    0x2000141e   0x00000180   Zero   RW         2861    .bss                modbus.o
    0x2000159e   0x0000000c   Zero   RW         2890    .bss                control.o
    0x200015aa   0x00000080   Zero   RW         3834    .bss                data.o
    0x2000162a   0x00000006   PAD
    0x20001630   0x00000200   Zero   RW           76    STACK               startup_stm32f10x_md.o


==============================================================================

Image component sizes


      Code (inc. data)   RO Data    RW Data    ZI Data      Debug   Object Name

       180         16          0          6          0       1609   actuator.o
       186         10          0          0          0       1127   adc.o
       472         46          0          0          0        987   alarmrangeinfo.o
       532         78          0          0          0       4437   basicinfo.o
       384         70          0          0          0       1194   calibrationfull.o
       716        100          8          2          0       2656   calibrationstartvalue.o
       652         84          8          2          0       2084   calibrationvaluehigh.o
       240         18          8          2          0       1470   calibrationvaluelow.o
       380         92          0          0          0       1378   calibrationzero.o
       714         10          0          0         12       7392   control.o
         0          0          0          0          0       4248   core_cm3.o
       176         24          0          0          0        777   currentoutputinfo.o
       136          8          0          0          0       1042   dac.o
       184         34          0          0          0       1073   dampinfo.o
       682         48         54          4        128       3695   data.o
       144         26          0          0          0       1065   deviceaddrinfo.o
       110          0          0          0          0       2000   flash.o
      1122         32       7656          0          0      32122   lcd_12864.o
       232         18          0         32       4508       2718   main.o
       272         32          0          0          0       1209   measurerangeinfo.o
      1004         68       2983          3          0       5604   menu.o
       148         22          0          0          0       1253   misc.o
       816         34        512          0        384       3968   modbus.o
       140         32          0          0          0       1109   outputcontrolmodinfo.o
       104         10          0          8          0       1222   pid_c_stm32.o
       232         26          0          0          0       1137   pidinfo.o
       186         26          0          0          0       1692   powervolageinfo.o
       728         68          6          2          0       2435   regulatingvalvecontrol.o
       400         60          0          0          0       1327   relaycontrol.o
       252         52          0          0          0       1139   relaystatusinfo.o
       660         82          8          2          0       2355   setalarmrangeh.o
       648         68          8          2          0       2077   setalarmrangehh.o
       648         68          8          2          0       2010   setalarmrangel.o
       648         68          8          2          0       2051   setalarmrangell.o
       648         52          6          2          0       1766   setd.o
       596         56          4          2          0       1830   setdampvalue.o
       584         52          4          1          0       1961   setdeviceaddr.o
       648         68          8          2          0       2055   setdovaluerangeh.o
       648         68          8          2          0       2040   setdovaluerangel.o
       648         52          6          2          0       1766   seti.o
       256         42          0          0          0        917   setoutputmode.o
       648         52          6          2          0       1766   setp.o
       648         68          8          2          0       1930   setrangeh.o
       648         68          8          2          0       1919   setrangel.o
       780         72          8          2          0       2671   setvalue.o
       248         34          0          0          0        949   setvalvedirection.o
        28          4        236          0        512        728   startup_stm32f10x_md.o
       392          8          0          0          0      13635   stm32f10x_adc.o
       164          6          0          0          0       6457   stm32f10x_dac.o
       196          4          0          0          0       3236   stm32f10x_exti.o
       316         12          0          0          0       3353   stm32f10x_flash.o
       392          4          0          0          0       3043   stm32f10x_gpio.o
       584         42          0          8        522       2199   stm32f10x_it.o
       676         32          0         20          0       6109   stm32f10x_rcc.o
       140          4          0          0          0       1421   stm32f10x_rtc.o
       106          0          0          0          0       8766   stm32f10x_spi.o
       348          8          0          0          0       5437   stm32f10x_tim.o
       380          4          0          0          0       4201   stm32f10x_usart.o
      1492         52          0          0          0      10029   system_init.o
         0          0         20          0          0     251184   system_stm32f10x.o
       384          6          0          0          0       3661   timertask.o
        68         10          0          0          0        644   usart.o
       172         24          0          0          0        746   valuesetinfo.o
       276         40          0          0          0       1135   valuesetrangeinfo.o
       164         22          0          0          0        789   volageinputinfo.o

    ----------------------------------------------------------------------
     27420       2396      11632        120       6072     452005   Object Totals
         0          0         32          0          0          0   (incl. Generated)
        14          0         11          4          6          0   (incl. Padding)

    ----------------------------------------------------------------------

      Code (inc. data)   RO Data    RW Data    ZI Data      Debug   Library Member Name

         0          0          0          0          0          0   entry.o
         8          4          0          0          0          0   entry2.o
         4          0          0          0          0          0   entry5.o
         0          0          0          0          0          0   entry7b.o
         8          4          0          0          0          0   entry8.o
        30          0          0          0          0          0   handlers.o
        36          8          0          0          0         68   init.o
         0          0          0          0          0          0   iusefp.o
        30          0          0          0          0         68   llshl.o
        36          0          0          0          0         68   llsshr.o
        32          0          0          0          0         68   llushr.o
        36          0          0          0          0         68   memcpya.o
      2276         84          0          0          0        512   printfa.o
        16          0          0          0          0         68   strlen.o
        44          0          0          0          0         80   uidiv.o
        98          0          0          0          0         92   uldiv.o
        40          2          0          0          0         68   cdrcmple.o
       332          0          0          0          0        148   dadd.o
       222          0          0          0          0        100   ddiv.o
       190          0          0          0          0        176   depilogue.o
        48          0          0          0          0         68   dfixul.o
       224          0          0          0          0         96   dmul.o
        44          0          0          0          0         68   f2d.o
       176          0          0          0          0        140   fadd.o
       128          0          0          0          0         88   fdiv.o
       108          0          0          0          0        168   fepilogue.o
        40          0          0          0          0         68   ffixui.o
        18          0          0          0          0         68   fflti.o
        10          0          0          0          0         68   ffltui.o
       108          0          0          0          0         76   fmul.o

    ----------------------------------------------------------------------
      4344        102          0          0          0       2492   Library Totals
         2          0          0          0          0          0   (incl. Padding)

    ----------------------------------------------------------------------

      Code (inc. data)   RO Data    RW Data    ZI Data      Debug   Library Name

      2654        100          0          0          0       1092   mc_w.l
      1688          2          0          0          0       1400   mf_w.l

    ----------------------------------------------------------------------
      4344        102          0          0          0       2492   Library Totals

    ----------------------------------------------------------------------

==============================================================================


      Code (inc. data)   RO Data    RW Data    ZI Data      Debug   

     31764       2498      11632        120       6072     446801   Grand Totals
     31764       2498      11632        120       6072     446801   ELF Image Totals
     31764       2498      11632        120          0          0   ROM Totals

==============================================================================

    Total RO  Size (Code + RO Data)                43396 (  42.38kB)
    Total RW  Size (RW Data + ZI Data)              6192 (   6.05kB)
    Total ROM Size (Code + RO Data + RW Data)      43516 (  42.50kB)

==============================================================================

