ARM Linker, 4.1 [Build 894] [Standard]

==============================================================================

Section Cross References

    system_stm32f10x.o(.text) refers to system_stm32f10x.o(.text) for SetSysClock
    startup_stm32f10x_md.o(RESET) refers to startup_stm32f10x_md.o(STACK) for __initial_sp
    startup_stm32f10x_md.o(RESET) refers to startup_stm32f10x_md.o(.text) for Reset_Handler
    startup_stm32f10x_md.o(RESET) refers to stm32f10x_it.o(.text) for NMI_Handler
    startup_stm32f10x_md.o(.text) refers to entry.o(.ARM.Collect$$$$00000000) for __main
    measurerangeinfo.o(.text) refers to data.o(.text) for GetData
    measurerangeinfo.o(.text) refers to ffltui.o(.text) for __aeabi_ui2f
    measurerangeinfo.o(.text) refers to fdiv.o(.text) for __aeabi_fdiv
    measurerangeinfo.o(.text) refers to f2d.o(.text) for __aeabi_f2d
    measurerangeinfo.o(.text) refers to printfa.o(i.__0sprintf) for __2sprintf
    measurerangeinfo.o(.text) refers to lcd_12864.o(.text) for DisplayOneLine12x16_with_params
    measurerangeinfo.o(.text) refers to menu.o(.text) for MoveToLeftMenu
    measurerangeinfo.o(.text) refers to menu.o(.data) for needRefresh
    measurerangeinfo.o(.text) refers to measurerangeinfo.o(.text) for DisplayMeasureRange
    setdeviceaddr.o(.text) refers to lcd_12864.o(.text) for DisplayOneLine16x16_with_params
    setdeviceaddr.o(.text) refers to setvalue.o(.text) for DisplayValueAndSimbol
    setdeviceaddr.o(.text) refers to setdeviceaddr.o(.data) for newSetDeviceAddrValue
    setdeviceaddr.o(.text) refers to deviceaddrinfo.o(.data) for deviceAddr
    setdeviceaddr.o(.text) refers to menu.o(.data) for currentMenu
    setdeviceaddr.o(.text) refers to menu.o(.text) for MoveToLeftMenu
    setdeviceaddr.o(.text) refers to setvalue.o(.text) for MoveToFirstValueMenuItem
    setdeviceaddr.o(.text) refers to menu.o(.data) for needRefresh
    setdeviceaddr.o(.text) refers to deviceaddrinfo.o(.data) for deviceAddr
    setdeviceaddr.o(.text) refers to setdeviceaddr.o(.data) for newSetDeviceAddrValue
    setdeviceaddr.o(.text) refers to setdeviceaddr.o(.text) for SetDeviceAddr
    setdeviceaddr.o(.text) refers to main.o(.data) for displayModel
    setdeviceaddr.o(.text) refers to setdeviceaddr.o(.constdata) for .constdata
    stm32f10x_adc.o(.text) refers to stm32f10x_rcc.o(.text) for RCC_APB2PeriphResetCmd
    stm32f10x_bkp.o(.text) refers to stm32f10x_rcc.o(.text) for RCC_BackupResetCmd
    stm32f10x_can.o(.text) refers to stm32f10x_rcc.o(.text) for RCC_APB1PeriphResetCmd
    stm32f10x_can.o(.text) refers to stm32f10x_can.o(.text) for CAN_FIFORelease
    stm32f10x_can.o(.text) refers to stm32f10x_can.o(.text) for CheckITStatus
    stm32f10x_dac.o(.text) refers to stm32f10x_rcc.o(.text) for RCC_APB1PeriphResetCmd
    stm32f10x_flash.o(.text) refers to stm32f10x_flash.o(.text) for FLASH_WaitForLastOperation
    stm32f10x_flash.o(.text) refers to stm32f10x_flash.o(.text) for FLASH_WaitForLastOperation
    stm32f10x_flash.o(.text) refers to stm32f10x_flash.o(.text) for FLASH_WaitForLastOperation
    stm32f10x_flash.o(.text) refers to stm32f10x_flash.o(.text) for FLASH_WaitForLastOperation
    stm32f10x_flash.o(.text) refers to stm32f10x_flash.o(.text) for FLASH_WaitForLastOperation
    stm32f10x_flash.o(.text) refers to stm32f10x_flash.o(.text) for FLASH_WaitForLastOperation
    stm32f10x_flash.o(.text) refers to stm32f10x_flash.o(.text) for FLASH_WaitForLastOperation
    stm32f10x_flash.o(.text) refers to stm32f10x_flash.o(.text) for FLASH_WaitForLastOperation
    stm32f10x_gpio.o(.text) refers to stm32f10x_rcc.o(.text) for RCC_APB2PeriphResetCmd
    stm32f10x_gpio.o(.text) refers to stm32f10x_rcc.o(.text) for RCC_APB2PeriphResetCmd
    stm32f10x_i2c.o(.text) refers to stm32f10x_rcc.o(.text) for RCC_APB1PeriphResetCmd
    stm32f10x_i2c.o(.text) refers to stm32f10x_rcc.o(.text) for RCC_GetClocksFreq
    stm32f10x_pwr.o(.text) refers to stm32f10x_rcc.o(.text) for RCC_APB1PeriphResetCmd
    stm32f10x_rcc.o(.text) refers to stm32f10x_rcc.o(.data) for APBAHBPrescTable
    stm32f10x_rtc.o(.text) refers to stm32f10x_rtc.o(.text) for RTC_EnterConfigMode
    stm32f10x_rtc.o(.text) refers to stm32f10x_rtc.o(.text) for RTC_EnterConfigMode
    stm32f10x_spi.o(.text) refers to stm32f10x_rcc.o(.text) for RCC_APB2PeriphResetCmd
    stm32f10x_spi.o(.text) refers to stm32f10x_rcc.o(.text) for RCC_APB1PeriphResetCmd
    stm32f10x_spi.o(.text) refers to stm32f10x_rcc.o(.text) for RCC_GetClocksFreq
    stm32f10x_tim.o(.text) refers to stm32f10x_rcc.o(.text) for RCC_APB2PeriphResetCmd
    stm32f10x_tim.o(.text) refers to stm32f10x_rcc.o(.text) for RCC_APB1PeriphResetCmd
    stm32f10x_tim.o(.text) refers to stm32f10x_tim.o(.text) for TI1_Config
    stm32f10x_tim.o(.text) refers to stm32f10x_tim.o(.text) for TIM_SetIC1Prescaler
    stm32f10x_tim.o(.text) refers to stm32f10x_tim.o(.text) for TIM_SetIC2Prescaler
    stm32f10x_tim.o(.text) refers to stm32f10x_tim.o(.text) for TIM_SetIC3Prescaler
[...]
    Removing stm32f10x_adc.o(.text), (16 bytes).
    Removing stm32f10x_adc.o(.text), (36 bytes).
    Removing stm32f10x_adc.o(.text), (6 bytes).
    Removing stm32f10x_adc.o(.text), (36 bytes).
    Removing stm32f10x_adc.o(.text), (10 bytes).
    Removing stm32f10x_bkp.o(.text), (16 bytes).
    Removing stm32f10x_bkp.o(.text), (12 bytes).
    Removing stm32f10x_bkp.o(.text), (12 bytes).
    Removing stm32f10x_bkp.o(.text), (12 bytes).
    Removing stm32f10x_bkp.o(.text), (28 bytes).
    Removing stm32f10x_bkp.o(.text), (28 bytes).
    Removing stm32f10x_bkp.o(.text), (12 bytes).
    Removing stm32f10x_bkp.o(.text), (12 bytes).
    Removing stm32f10x_bkp.o(.text), (12 bytes).
    Removing stm32f10x_bkp.o(.text), (20 bytes).
    Removing stm32f10x_bkp.o(.text), (12 bytes).
    Removing stm32f10x_bkp.o(.text), (20 bytes).
    Removing stm32f10x_can.o(.text), (40 bytes).
    Removing stm32f10x_can.o(.text), (284 bytes).
    Removing stm32f10x_can.o(.text), (264 bytes).
    Removing stm32f10x_can.o(.text), (32 bytes).
    Removing stm32f10x_can.o(.text), (18 bytes).
    Removing stm32f10x_can.o(.text), (294 bytes).
    Removing stm32f10x_can.o(.text), (142 bytes).
    Removing stm32f10x_can.o(.text), (48 bytes).
    Removing stm32f10x_can.o(.text), (14 bytes).
    Removing stm32f10x_can.o(.text), (30 bytes).
    Removing stm32f10x_can.o(.text), (234 bytes).
    Removing stm32f10x_can.o(.text), (22 bytes).
    Removing stm32f10x_can.o(.text), (30 bytes).
    Removing stm32f10x_can.o(.text), (48 bytes).
    Removing stm32f10x_can.o(.text), (18 bytes).
    Removing stm32f10x_can.o(.text), (8 bytes).
    Removing stm32f10x_can.o(.text), (16 bytes).
    Removing stm32f10x_can.o(.text), (238 bytes).
    Removing stm32f10x_can.o(.text), (166 bytes).
    Removing stm32f10x_crc.o(.text), (12 bytes).
    Removing stm32f10x_crc.o(.text), (16 bytes).
    Removing stm32f10x_crc.o(.text), (36 bytes).
    Removing stm32f10x_crc.o(.text), (12 bytes).
    Removing stm32f10x_crc.o(.text), (12 bytes).
    Removing stm32f10x_crc.o(.text), (12 bytes).
    Removing stm32f10x_dac.o(.text), (12 bytes).
    Removing stm32f10x_dac.o(.text), (44 bytes).
    Removing stm32f10x_dac.o(.text), (36 bytes).
    Removing stm32f10x_dac.o(.text), (40 bytes).
    Removing stm32f10x_dac.o(.text), (12 bytes).
    Removing stm32f10x_dac.o(.text), (28 bytes).
    Removing stm32f10x_dac.o(.text), (20 bytes).
    Removing stm32f10x_dbgmcu.o(.text), (12 bytes).
    Removing stm32f10x_dbgmcu.o(.text), (16 bytes).
    Removing stm32f10x_dbgmcu.o(.text), (32 bytes).
    Removing stm32f10x_dma.o(.text), (324 bytes).
    Removing stm32f10x_dma.o(.text), (60 bytes).
    Removing stm32f10x_dma.o(.text), (26 bytes).
    Removing stm32f10x_dma.o(.text), (22 bytes).
    Removing stm32f10x_dma.o(.text), (18 bytes).
    Removing stm32f10x_dma.o(.text), (8 bytes).
    Removing stm32f10x_dma.o(.text), (44 bytes).
    Removing stm32f10x_dma.o(.text), (28 bytes).
    Removing stm32f10x_dma.o(.text), (44 bytes).
    Removing stm32f10x_dma.o(.text), (28 bytes).
    Removing stm32f10x_exti.o(.text), (36 bytes).
    Removing stm32f10x_exti.o(.text), (16 bytes).
    Removing stm32f10x_exti.o(.text), (16 bytes).
    Removing stm32f10x_exti.o(.text), (24 bytes).
    Removing stm32f10x_exti.o(.text), (12 bytes).
    Removing stm32f10x_flash.o(.text), (28 bytes).
    Removing stm32f10x_flash.o(.text), (20 bytes).
    Removing stm32f10x_flash.o(.text), (76 bytes).
    Removing stm32f10x_flash.o(.text), (160 bytes).
    Removing stm32f10x_flash.o(.text), (104 bytes).
    Removing stm32f10x_flash.o(.text), (68 bytes).
    Removing stm32f10x_flash.o(.text), (84 bytes).
    Removing stm32f10x_flash.o(.text), (196 bytes).
    Removing stm32f10x_flash.o(.text), (172 bytes).
    Removing stm32f10x_flash.o(.text), (108 bytes).
    Removing stm32f10x_flash.o(.text), (12 bytes).
    Removing stm32f10x_flash.o(.text), (12 bytes).
    Removing stm32f10x_flash.o(.text), (24 bytes).
    Removing stm32f10x_flash.o(.text), (24 bytes).
    Removing stm32f10x_flash.o(.text), (32 bytes).
    Removing stm32f10x_flash.o(.text), (48 bytes).
    Removing stm32f10x_fsmc.o(.text), (56 bytes).
    Removing stm32f10x_fsmc.o(.text), (72 bytes).
    Removing stm32f10x_fsmc.o(.text), (48 bytes).
    Removing stm32f10x_fsmc.o(.text), (220 bytes).
    Removing stm32f10x_fsmc.o(.text), (140 bytes).
    Removing stm32f10x_fsmc.o(.text), (136 bytes).
    Removing stm32f10x_fsmc.o(.text), (112 bytes).
    Removing stm32f10x_fsmc.o(.text), (54 bytes).
    Removing stm32f10x_fsmc.o(.text), (60 bytes).
    Removing stm32f10x_fsmc.o(.text), (52 bytes).
    Removing stm32f10x_fsmc.o(.text), (92 bytes).
    Removing stm32f10x_fsmc.o(.text), (48 bytes).
    Removing stm32f10x_fsmc.o(.text), (92 bytes).
    Removing stm32f10x_fsmc.o(.text), (28 bytes).
    Removing stm32f10x_fsmc.o(.text), (136 bytes).
    Removing stm32f10x_fsmc.o(.text), (56 bytes).
    Removing stm32f10x_fsmc.o(.text), (72 bytes).
    Removing stm32f10x_fsmc.o(.text), (68 bytes).
    Removing stm32f10x_fsmc.o(.text), (72 bytes).
    Removing stm32f10x_gpio.o(.text), (196 bytes).
    Removing stm32f10x_gpio.o(.text), (20 bytes).
    Removing stm32f10x_gpio.o(.text), (16 bytes).
    Removing stm32f10x_gpio.o(.text), (8 bytes).
    Removing stm32f10x_gpio.o(.text), (8 bytes).
    Removing stm32f10x_gpio.o(.text), (4 bytes).
    Removing stm32f10x_gpio.o(.text), (18 bytes).
    Removing stm32f10x_gpio.o(.text), (32 bytes).
    Removing stm32f10x_gpio.o(.text), (12 bytes).
    Removing stm32f10x_gpio.o(.text), (112 bytes).
    Removing stm32f10x_i2c.o(.text), (68 bytes).
    Removing stm32f10x_i2c.o(.text), (236 bytes).
    Removing stm32f10x_i2c.o(.text), (30 bytes).
    Removing stm32f10x_i2c.o(.text), (24 bytes).
    Removing stm32f10x_i2c.o(.text), (24 bytes).
    Removing stm32f10x_i2c.o(.text), (24 bytes).
    Removing stm32f10x_i2c.o(.text), (24 bytes).
    Removing stm32f10x_i2c.o(.text), (24 bytes).
    Removing stm32f10x_i2c.o(.text), (24 bytes).
    Removing stm32f10x_i2c.o(.text), (22 bytes).
    Removing stm32f10x_i2c.o(.text), (24 bytes).
    Removing stm32f10x_i2c.o(.text), (24 bytes).
    Removing stm32f10x_i2c.o(.text), (24 bytes).
    Removing stm32f10x_i2c.o(.text), (4 bytes).
    Removing stm32f10x_i2c.o(.text), (8 bytes).
    Removing stm32f10x_i2c.o(.text), (18 bytes).
    Removing stm32f10x_i2c.o(.text), (6 bytes).
    Removing stm32f10x_i2c.o(.text), (22 bytes).
    Removing stm32f10x_i2c.o(.text), (28 bytes).
    Removing stm32f10x_i2c.o(.text), (24 bytes).
    Removing stm32f10x_i2c.o(.text), (28 bytes).
    Removing stm32f10x_i2c.o(.text), (24 bytes).
    Removing stm32f10x_i2c.o(.text), (8 bytes).
    Removing stm32f10x_i2c.o(.text), (24 bytes).
    Removing stm32f10x_i2c.o(.text), (24 bytes).
    Removing stm32f10x_i2c.o(.text), (28 bytes).
    Removing stm32f10x_i2c.o(.text), (26 bytes).
    Removing stm32f10x_i2c.o(.text), (38 bytes).
    Removing stm32f10x_i2c.o(.text), (42 bytes).
    Removing stm32f10x_i2c.o(.text), (12 bytes).
    Removing stm32f10x_i2c.o(.text), (38 bytes).
    Removing stm32f10x_i2c.o(.text), (12 bytes).
    Removing stm32f10x_iwdg.o(.text), (12 bytes).
    Removing stm32f10x_iwdg.o(.text), (12 bytes).
    Removing stm32f10x_iwdg.o(.text), (12 bytes).
    Removing stm32f10x_iwdg.o(.text), (16 bytes).
    Removing stm32f10x_iwdg.o(.text), (16 bytes).
    Removing stm32f10x_iwdg.o(.text), (24 bytes).
    Removing stm32f10x_pwr.o(.text), (22 bytes).
    Removing stm32f10x_pwr.o(.text), (12 bytes).
    Removing stm32f10x_pwr.o(.text), (12 bytes).
    Removing stm32f10x_pwr.o(.text), (24 bytes).
    Removing stm32f10x_pwr.o(.text), (12 bytes).
    Removing stm32f10x_pwr.o(.text), (52 bytes).
    Removing stm32f10x_pwr.o(.text), (52 bytes).
    Removing stm32f10x_pwr.o(.text), (24 bytes).
    Removing stm32f10x_pwr.o(.text), (20 bytes).
    Removing stm32f10x_rcc.o(.text), (24 bytes).
    Removing stm32f10x_rcc.o(.text), (12 bytes).
    Removing stm32f10x_rcc.o(.text), (36 bytes).
    Removing stm32f10x_rcc.o(.text), (12 bytes).
    Removing stm32f10x_rcc.o(.text), (24 bytes).
    Removing stm32f10x_rcc.o(.text), (52 bytes).
    Removing stm32f10x_rcc.o(.text), (12 bytes).
    Removing stm32f10x_rcc.o(.text), (16 bytes).
    Removing stm32f10x_rcc.o(.text), (12 bytes).
    Removing stm32f10x_rcc.o(.text), (32 bytes).
    Removing stm32f10x_rcc.o(.text), (12 bytes).
    Removing stm32f10x_rcc.o(.text), (12 bytes).
    Removing stm32f10x_rcc.o(.text), (12 bytes).
    Removing stm32f10x_rcc.o(.text), (20 bytes).
    Removing stm32f10x_rcc.o(.text), (24 bytes).
    Removing stm32f10x_rcc.o(.text), (12 bytes).
    Removing stm32f10x_rtc.o(.text), (36 bytes).
    Removing stm32f10x_rtc.o(.text), (32 bytes).
    Removing stm32f10x_rtc.o(.text), (28 bytes).
    Removing stm32f10x_rtc.o(.text), (24 bytes).
    Removing stm32f10x_rtc.o(.text), (32 bytes).
    Removing stm32f10x_rtc.o(.text), (24 bytes).
    Removing stm32f10x_rtc.o(.text), (20 bytes).
    Removing stm32f10x_sdio.o(.text), (36 bytes).
    Removing stm32f10x_sdio.o(.text), (48 bytes).
    Removing stm32f10x_sdio.o(.text), (16 bytes).
    Removing stm32f10x_sdio.o(.text), (12 bytes).
    Removing stm32f10x_sdio.o(.text), (28 bytes).
    Removing stm32f10x_sdio.o(.text), (16 bytes).
    Removing stm32f10x_sdio.o(.text), (32 bytes).
    Removing stm32f10x_sdio.o(.text), (12 bytes).
    Removing stm32f10x_sdio.o(.text), (44 bytes).
    Removing stm32f10x_sdio.o(.text), (14 bytes).
    Removing stm32f10x_sdio.o(.text), (12 bytes).
    Removing stm32f10x_sdio.o(.text), (16 bytes).
    Removing stm32f10x_sdio.o(.text), (48 bytes).
    Removing stm32f10x_sdio.o(.text), (20 bytes).
    Removing stm32f10x_sdio.o(.text), (12 bytes).
    Removing stm32f10x_sdio.o(.text), (12 bytes).
    Removing stm32f10x_sdio.o(.text), (12 bytes).
    Removing stm32f10x_sdio.o(.text), (12 bytes).
    Removing stm32f10x_sdio.o(.text), (12 bytes).
    Removing stm32f10x_sdio.o(.text), (12 bytes).
    Removing stm32f10x_sdio.o(.text), (12 bytes).
    Removing stm32f10x_sdio.o(.text), (12 bytes).
    Removing stm32f10x_sdio.o(.text), (12 bytes).
    Removing stm32f10x_sdio.o(.text), (12 bytes).
    Removing stm32f10x_sdio.o(.text), (16 bytes).
    Removing stm32f10x_sdio.o(.text), (12 bytes).
    Removing stm32f10x_sdio.o(.text), (24 bytes).
    Removing stm32f10x_sdio.o(.text), (12 bytes).
    Removing stm32f10x_sdio.o(.text), (24 bytes).
    Removing stm32f10x_sdio.o(.text), (12 bytes).
    Removing stm32f10x_spi.o(.text), (92 bytes).
    Removing stm32f10x_spi.o(.text), (206 bytes).
    Removing stm32f10x_spi.o(.text), (24 bytes).
    Removing stm32f10x_spi.o(.text), (20 bytes).
    Removing stm32f10x_spi.o(.text), (24 bytes).
    Removing stm32f10x_spi.o(.text), (36 bytes).
    Removing stm32f10x_spi.o(.text), (24 bytes).
    Removing stm32f10x_spi.o(.text), (6 bytes).
    Removing stm32f10x_spi.o(.text), (30 bytes).
    Removing stm32f10x_spi.o(.text), (24 bytes).
    Removing stm32f10x_spi.o(.text), (18 bytes).
    Removing stm32f10x_spi.o(.text), (10 bytes).
    Removing stm32f10x_spi.o(.text), (24 bytes).
    Removing stm32f10x_spi.o(.text), (16 bytes).
    Removing stm32f10x_spi.o(.text), (6 bytes).
    Removing stm32f10x_spi.o(.text), (28 bytes).
    Removing stm32f10x_spi.o(.text), (6 bytes).
    Removing stm32f10x_spi.o(.text), (52 bytes).
    Removing stm32f10x_spi.o(.text), (20 bytes).
    Removing stm32f10x_tim.o(.text), (224 bytes).
    Removing stm32f10x_tim.o(.text), (120 bytes).
    Removing stm32f10x_tim.o(.text), (148 bytes).
    Removing stm32f10x_tim.o(.text), (144 bytes).
    Removing stm32f10x_tim.o(.text), (108 bytes).
    Removing stm32f10x_tim.o(.text), (22 bytes).
    Removing stm32f10x_tim.o(.text), (18 bytes).
    Removing stm32f10x_tim.o(.text), (22 bytes).
    Removing stm32f10x_tim.o(.text), (18 bytes).
    Removing stm32f10x_tim.o(.text), (110 bytes).
    Removing stm32f10x_tim.o(.text), (124 bytes).
    Removing stm32f10x_tim.o(.text), (32 bytes).
    Removing stm32f10x_tim.o(.text), (18 bytes).
    Removing stm32f10x_tim.o(.text), (20 bytes).
    Removing stm32f10x_tim.o(.text), (18 bytes).
    Removing stm32f10x_tim.o(.text), (18 bytes).
    Removing stm32f10x_tim.o(.text), (24 bytes).
    Removing stm32f10x_tim.o(.text), (30 bytes).
    Removing stm32f10x_tim.o(.text), (24 bytes).
    Removing stm32f10x_tim.o(.text), (4 bytes).
    Removing stm32f10x_tim.o(.text), (10 bytes).
    Removing stm32f10x_tim.o(.text), (24 bytes).
    Removing stm32f10x_tim.o(.text), (12 bytes).
    Removing stm32f10x_tim.o(.text), (18 bytes).
    Removing stm32f10x_tim.o(.text), (24 bytes).
    Removing stm32f10x_tim.o(.text), (62 bytes).
    Removing stm32f10x_tim.o(.text), (26 bytes).
    Removing stm32f10x_tim.o(.text), (54 bytes).
    Removing stm32f10x_tim.o(.text), (32 bytes).
    Removing stm32f10x_tim.o(.text), (6 bytes).
    Removing stm32f10x_tim.o(.text), (18 bytes).
    Removing stm32f10x_tim.o(.text), (62 bytes).
    Removing stm32f10x_tim.o(.text), (18 bytes).
    Removing stm32f10x_tim.o(.text), (22 bytes).
    Removing stm32f10x_tim.o(.text), (18 bytes).
    Removing stm32f10x_tim.o(.text), (22 bytes).
    Removing stm32f10x_tim.o(.text), (24 bytes).
    Removing stm32f10x_tim.o(.text), (24 bytes).
    Removing stm32f10x_tim.o(.text), (24 bytes).
    Removing stm32f10x_tim.o(.text), (24 bytes).
    Removing stm32f10x_tim.o(.text), (18 bytes).
    Removing stm32f10x_tim.o(.text), (22 bytes).
    Removing stm32f10x_tim.o(.text), (18 bytes).
    Removing stm32f10x_tim.o(.text), (22 bytes).
    Removing stm32f10x_tim.o(.text), (18 bytes).
    Removing stm32f10x_tim.o(.text), (22 bytes).
    Removing stm32f10x_tim.o(.text), (18 bytes).
    Removing stm32f10x_tim.o(.text), (22 bytes).
    Removing stm32f10x_tim.o(.text), (18 bytes).
    Removing stm32f10x_tim.o(.text), (20 bytes).
    Removing stm32f10x_tim.o(.text), (18 bytes).
    Removing stm32f10x_tim.o(.text), (20 bytes).
    Removing stm32f10x_tim.o(.text), (18 bytes).
    Removing stm32f10x_tim.o(.text), (18 bytes).
    Removing stm32f10x_tim.o(.text), (22 bytes).
    Removing stm32f10x_tim.o(.text), (22 bytes).
    Removing stm32f10x_tim.o(.text), (22 bytes).
    Removing stm32f10x_tim.o(.text), (22 bytes).
    Removing stm32f10x_tim.o(.text), (22 bytes).
    Removing stm32f10x_tim.o(.text), (30 bytes).
    Removing stm32f10x_tim.o(.text), (30 bytes).
    Removing stm32f10x_tim.o(.text), (142 bytes).
    Removing stm32f10x_tim.o(.text), (24 bytes).
    Removing stm32f10x_tim.o(.text), (24 bytes).
    Removing stm32f10x_tim.o(.text), (24 bytes).
    Removing stm32f10x_tim.o(.text), (18 bytes).
    Removing stm32f10x_tim.o(.text), (18 bytes).
    Removing stm32f10x_tim.o(.text), (18 bytes).
    Removing stm32f10x_tim.o(.text), (18 bytes).
    Removing stm32f10x_tim.o(.text), (4 bytes).
    Removing stm32f10x_tim.o(.text), (4 bytes).
    Removing stm32f10x_tim.o(.text), (4 bytes).
    Removing stm32f10x_tim.o(.text), (4 bytes).
    Removing stm32f10x_tim.o(.text), (4 bytes).
    Removing stm32f10x_tim.o(.text), (6 bytes).
    Removing stm32f10x_tim.o(.text), (14 bytes).
    Removing stm32f10x_tim.o(.text), (6 bytes).
    Removing stm32f10x_tim.o(.text), (6 bytes).
    Removing stm32f10x_tim.o(.text), (6 bytes).
    Removing stm32f10x_tim.o(.text), (8 bytes).
    Removing stm32f10x_tim.o(.text), (6 bytes).
    Removing stm32f10x_tim.o(.text), (6 bytes).
    Removing stm32f10x_tim.o(.text), (18 bytes).
    Removing stm32f10x_tim.o(.text), (6 bytes).
    Removing stm32f10x_tim.o(.text), (34 bytes).
    Removing stm32f10x_tim.o(.text), (6 bytes).
    Removing stm32f10x_usart.o(.text), (156 bytes).
    Removing stm32f10x_usart.o(.text), (24 bytes).
    Removing stm32f10x_usart.o(.text), (34 bytes).
    Removing stm32f10x_usart.o(.text), (12 bytes).
    Removing stm32f10x_usart.o(.text), (24 bytes).
    Removing stm32f10x_usart.o(.text), (18 bytes).
    Removing stm32f10x_usart.o(.text), (18 bytes).
    Removing stm32f10x_usart.o(.text), (24 bytes).
    Removing stm32f10x_usart.o(.text), (18 bytes).
    Removing stm32f10x_usart.o(.text), (24 bytes).
    Removing stm32f10x_usart.o(.text), (8 bytes).
    Removing stm32f10x_usart.o(.text), (10 bytes).
    Removing stm32f10x_usart.o(.text), (16 bytes).
    Removing stm32f10x_usart.o(.text), (16 bytes).
    Removing stm32f10x_usart.o(.text), (24 bytes).
    Removing stm32f10x_usart.o(.text), (24 bytes).
    Removing stm32f10x_usart.o(.text), (24 bytes).
    Removing stm32f10x_usart.o(.text), (18 bytes).
    Removing stm32f10x_usart.o(.text), (24 bytes).
    Removing stm32f10x_usart.o(.text), (18 bytes).
    Removing stm32f10x_usart.o(.text), (20 bytes).
    Removing stm32f10x_wwdg.o(.text), (22 bytes).
    Removing stm32f10x_wwdg.o(.text), (24 bytes).
    Removing stm32f10x_wwdg.o(.text), (28 bytes).
    Removing stm32f10x_wwdg.o(.text), (12 bytes).
    Removing stm32f10x_wwdg.o(.text), (16 bytes).
    Removing stm32f10x_wwdg.o(.text), (16 bytes).
    Removing stm32f10x_wwdg.o(.text), (12 bytes).
    Removing stm32f10x_wwdg.o(.text), (12 bytes).
    Removing flash.o(.text), (80 bytes).
    Removing flash.o(.text), (58 bytes).
    Removing flash.o(.text), (34 bytes).
    Removing flash.o(.text), (34 bytes).
    Removing flash.o(.text), (60 bytes).
    Removing lcd_12864.o(.text), (60 bytes).
    Removing lcd_12864.o(.text), (96 bytes).
    Removing lcd_12864.o(.text), (116 bytes).
    Removing lcd_12864.o(.text), (116 bytes).
    Removing lcd_12864.o(.text), (148 bytes).
    Removing system_init.o(.text), (88 bytes).
    Removing system_init.o(.text), (90 bytes).
    Removing system_init.o(.data), (6 bytes).
    Removing usart.o(.text), (32 bytes).
    Removing adc.o(.text), (148 bytes).
    Removing main.o(.text), (18 bytes).
    Removing main.o(.text), (36 bytes).
    Removing main.o(.text), (52 bytes).
    Removing timertask.o(.text), (28 bytes).
    Removing timertask.o(.text), (136 bytes).
    Removing timertask.o(.text), (24 bytes).
    Removing actuator.o(.text), (14 bytes).
    Removing actuator.o(.text), (32 bytes).
    Removing iir_stm32.o(.text), (404 bytes).

397 unused section(s) (total 15590 bytes) removed from the image.

==============================================================================

Image Symbol Table

    Local Symbols

    Symbol Name                              Value     Ov Type        Size  Object(Section)

    ../../microlib/division.c                0x00000000   Number         0  uidiv.o ABSOLUTE
    ../../microlib/division.c                0x00000000   Number         0  uldiv.o ABSOLUTE
    ../../microlib/f2d.c                     0x00000000   Number         0  f2d.o ABSOLUTE
    ../../microlib/fpadd.c                   0x00000000   Number         0  dadd.o ABSOLUTE
    ../../microlib/fpdiv.c                   0x00000000   Number         0  fdiv.o ABSOLUTE
    ../../microlib/fpdiv.c                   0x00000000   Number         0  ddiv.o ABSOLUTE
    ../../microlib/fpepilogue.c              0x00000000   Number         0  fepilogue.o ABSOLUTE
    ../../microlib/fpepilogue.c              0x00000000   Number         0  depilogue.o ABSOLUTE
    ../../microlib/fpfix.c                   0x00000000   Number         0  dfixul.o ABSOLUTE
    ../../microlib/fpflt.c                   0x00000000   Number         0  ffltui.o ABSOLUTE
    ../../microlib/fpmul.c                   0x00000000   Number         0  dmul.o ABSOLUTE
    ../../microlib/init/entry.s              0x00000000   Number         0  entry.o ABSOLUTE
    ../../microlib/init/entry.s              0x00000000   Number         0  entry7b.o ABSOLUTE
    ../../microlib/init/entry.s              0x00000000   Number         0  entry8.o ABSOLUTE
    ../../microlib/init/entry.s              0x00000000   Number         0  entry7a.o ABSOLUTE
    ../../microlib/init/entry.s              0x00000000   Number         0  entry5.o ABSOLUTE
    ../../microlib/init/entry.s              0x00000000   Number         0  entry2.o ABSOLUTE
    ../../microlib/longlong.c                0x00000000   Number         0  llsshr.o ABSOLUTE
    ../../microlib/longlong.c                0x00000000   Number         0  llushr.o ABSOLUTE
    ../../microlib/longlong.c                0x00000000   Number         0  llshl.o ABSOLUTE
    ../../microlib/printf/printf.c           0x00000000   Number         0  printf3.o ABSOLUTE
    ../../microlib/printf/printf.c           0x00000000   Number         0  printf7.o ABSOLUTE
    ../../microlib/printf/printf.c           0x00000000   Number         0  printfa.o ABSOLUTE
    ../../microlib/printf/printf.c           0x00000000   Number         0  printf2.o ABSOLUTE
    ../../microlib/printf/printf.c           0x00000000   Number         0  printf8.o ABSOLUTE
    ../../microlib/printf/printf.c           0x00000000   Number         0  printfb.o ABSOLUTE
    ../../microlib/printf/printf.c           0x00000000   Number         0  printf0.o ABSOLUTE
    ../../microlib/printf/printf.c           0x00000000   Number         0  printf1.o ABSOLUTE
    ../../microlib/printf/printf.c           0x00000000   Number         0  printf5.o ABSOLUTE
    ../../microlib/printf/printf.c           0x00000000   Number         0  printf6.o ABSOLUTE
    ../../microlib/printf/printf.c           0x00000000   Number         0  printf4.o ABSOLUTE
    ../../microlib/printf/stubs.s            0x00000000   Number         0  stubs.o ABSOLUTE
    ../../microlib/stdio/streams.c           0x00000000   Number         0  stdout.o ABSOLUTE
    ../../microlib/string/memcpy.c           0x00000000   Number         0  memcpya.o ABSOLUTE
    ../../microlib/string/memcpy.c           0x00000000   Number         0  memcpyb.o ABSOLUTE
    ../../microlib/stubs.s                   0x00000000   Number         0  iusefp.o ABSOLUTE
    ..\\sys\\core_cm3.c                      0x00000000   Number         0  core_cm3.o ABSOLUTE
    ..\lib\src\misc.c                        0x00000000   Number         0  misc.o ABSOLUTE
    ..\lib\src\stm32f10x_adc.c               0x00000000   Number         0  stm32f10x_adc.o ABSOLUTE
    ..\lib\src\stm32f10x_bkp.c               0x00000000   Number         0  stm32f10x_bkp.o ABSOLUTE
    ..\lib\src\stm32f10x_can.c               0x00000000   Number         0  stm32f10x_can.o ABSOLUTE
    ..\lib\src\stm32f10x_crc.c               0x00000000   Number         0  stm32f10x_crc.o ABSOLUTE
    ..\lib\src\stm32f10x_dac.c               0x00000000   Number         0  stm32f10x_dac.o ABSOLUTE
    ..\lib\src\stm32f10x_dbgmcu.c            0x00000000   Number         0  stm32f10x_dbgmcu.o ABSOLUTE
    ..\lib\src\stm32f10x_dma.c               0x00000000   Number         0  stm32f10x_dma.o ABSOLUTE
    ..\lib\src\stm32f10x_exti.c              0x00000000   Number         0  stm32f10x_exti.o ABSOLUTE
    ..\lib\src\stm32f10x_flash.c             0x00000000   Number         0  stm32f10x_flash.o ABSOLUTE
    ..\lib\src\stm32f10x_fsmc.c              0x00000000   Number         0  stm32f10x_fsmc.o ABSOLUTE
    ..\lib\src\stm32f10x_gpio.c              0x00000000   Number         0  stm32f10x_gpio.o ABSOLUTE
    ..\lib\src\stm32f10x_i2c.c               0x00000000   Number         0  stm32f10x_i2c.o ABSOLUTE
    ..\lib\src\stm32f10x_iwdg.c              0x00000000   Number         0  stm32f10x_iwdg.o ABSOLUTE
    ..\lib\src\stm32f10x_pwr.c               0x00000000   Number         0  stm32f10x_pwr.o ABSOLUTE
    ..\lib\src\stm32f10x_rcc.c               0x00000000   Number         0  stm32f10x_rcc.o ABSOLUTE
    ..\lib\src\stm32f10x_rtc.c               0x00000000   Number         0  stm32f10x_rtc.o ABSOLUTE
    ..\lib\src\stm32f10x_sdio.c              0x00000000   Number         0  stm32f10x_sdio.o ABSOLUTE
    ..\lib\src\stm32f10x_spi.c               0x00000000   Number         0  stm32f10x_spi.o ABSOLUTE
    ..\lib\src\stm32f10x_tim.c               0x00000000   Number         0  stm32f10x_tim.o ABSOLUTE
    ..\lib\src\stm32f10x_usart.c             0x00000000   Number         0  stm32f10x_usart.o ABSOLUTE
    ..\lib\src\stm32f10x_wwdg.c              0x00000000   Number         0  stm32f10x_wwdg.o ABSOLUTE
    ..\sys\core_cm3.c                        0x00000000   Number         0  core_cm3.o ABSOLUTE
    ..\sys\startup_stm32f10x_md.s            0x00000000   Number         0  startup_stm32f10x_md.o ABSOLUTE
    ..\sys\system_stm32f10x.c                0x00000000   Number         0  system_stm32f10x.o ABSOLUTE
    ..\user\data\src\Data.c                  0x00000000   Number         0  data.o ABSOLUTE
    ..\user\driver\src\adc.c                 0x00000000   Number         0  adc.o ABSOLUTE
    ..\user\driver\src\dac.c                 0x00000000   Number         0  dac.o ABSOLUTE
    ..\user\driver\src\flash.c               0x00000000   Number         0  flash.o ABSOLUTE
    ..\user\driver\src\lcd_12864.c           0x00000000   Number         0  lcd_12864.o ABSOLUTE
    ..\user\driver\src\system_init.c         0x00000000   Number         0  system_init.o ABSOLUTE
    ..\user\driver\src\usart.c               0x00000000   Number         0  usart.o ABSOLUTE
    ..\user\function\src\Actuator.c          0x00000000   Number         0  actuator.o ABSOLUTE
    ..\user\function\src\Control.c           0x00000000   Number         0  control.o ABSOLUTE
    ..\user\function\src\TimerTask.c         0x00000000   Number         0  timertask.o ABSOLUTE
    ..\user\function\src\menu\AlarmRangeInfo.c 0x00000000   Number         0  alarmrangeinfo.o ABSOLUTE
    ..\user\function\src\menu\BasicInfo.c    0x00000000   Number         0  basicinfo.o ABSOLUTE
    ..\user\function\src\menu\CurrentOutput.c 0x00000000   Number         0  currentoutput.o ABSOLUTE
    ..\user\function\src\menu\DampInfo.c     0x00000000   Number         0  dampinfo.o ABSOLUTE
    ..\user\function\src\menu\DeviceAddrInfo.c 0x00000000   Number         0  deviceaddrinfo.o ABSOLUTE
    ..\user\function\src\menu\MeasureRangeInfo.c 0x00000000   Number         0  measurerangeinfo.o ABSOLUTE
    ..\user\function\src\menu\Menu.c         0x00000000   Number         0  menu.o ABSOLUTE
    ..\user\function\src\menu\OutputControlModInfo.c 0x00000000   Number         0  outputcontrolmodinfo.o ABSOLUTE
    ..\user\function\src\menu\PIDInfo.c      0x00000000   Number         0  pidinfo.o ABSOLUTE
    ..\user\function\src\menu\RelayControl.c 0x00000000   Number         0  relaycontrol.o ABSOLUTE
    ..\user\function\src\menu\RelayStatusInfo.c 0x00000000   Number         0  relaystatusinfo.o ABSOLUTE
    ..\user\function\src\menu\SetDeviceAddr.c 0x00000000   Number         0  setdeviceaddr.o ABSOLUTE
    ..\user\function\src\menu\SetValue.c     0x00000000   Number         0  setvalue.o ABSOLUTE
    ..\user\function\src\menu\SetValueInfo.c 0x00000000   Number         0  setvalueinfo.o ABSOLUTE
    ..\user\function\src\menu\SetValueRange.c 0x00000000   Number         0  setvaluerange.o ABSOLUTE
    ..\user\function\src\menu\VolageInputInfo.c 0x00000000   Number         0  volageinputinfo.o ABSOLUTE
    ..\user\lib\src\PID_C_stm32.c            0x00000000   Number         0  pid_c_stm32.o ABSOLUTE
    ..\user\lib\src\iir_stm32.c              0x00000000   Number         0  iir_stm32.o ABSOLUTE
    ..\user\main.c                           0x00000000   Number         0  main.o ABSOLUTE
    ..\user\resoucre\pic.c                   0x00000000   Number         0  pic.o ABSOLUTE
    ..\user\stm32f10x_it.c                   0x00000000   Number         0  stm32f10x_it.o ABSOLUTE
    cdrcmple.s                               0x00000000   Number         0  cdrcmple.o ABSOLUTE
    dc.s                                     0x00000000   Number         0  dc.o ABSOLUTE
    handlers.s                               0x00000000   Number         0  handlers.o ABSOLUTE
    init.s                                   0x00000000   Number         0  init.o ABSOLUTE
    RESET                                    0x08000000   Section      236  startup_stm32f10x_md.o(RESET)
    .ARM.Collect$$$$00000000                 0x080000ec   Section        0  entry.o(.ARM.Collect$$$$00000000)
    .ARM.Collect$$$$00000001                 0x080000ec   Section        4  entry2.o(.ARM.Collect$$$$00000001)
    .ARM.Collect$$$$00000004                 0x080000f0   Section        4  entry5.o(.ARM.Collect$$$$00000004)
    .ARM.Collect$$$$00000008                 0x080000f4   Section        0  entry7b.o(.ARM.Collect$$$$00000008)
    .ARM.Collect$$$$00000009                 0x080000f4   Section        8  entry8.o(.ARM.Collect$$$$00000009)
    .ARM.Collect$$$$00002712                 0x080000fc   Section        4  entry2.o(.ARM.Collect$$$$00002712)
    __lit__00000000                          0x080000fc   Data           4  entry2.o(.ARM.Collect$$$$00002712)
    .text                                    0x08000100   Section       28  startup_stm32f10x_md.o(.text)
    .text                                    0x0800011c   Section        0  measurerangeinfo.o(.text)
    .text                                    0x080001f0   Section        0  measurerangeinfo.o(.text)
    .text                                    0x0800022c   Section        0  setdeviceaddr.o(.text)
    .text                                    0x08000348   Section        0  setdeviceaddr.o(.text)
    .text                                    0x08000478   Section        0  misc.o(.text)
    .text                                    0x0800050c   Section        0  stm32f10x_adc.o(.text)
    .text                                    0x08000684   Section        0  stm32f10x_adc.o(.text)
    .text                                    0x08000698   Section        0  stm32f10x_dac.o(.text)
    .text                                    0x08000734   Section        0  stm32f10x_dac.o(.text)
    .text                                    0x08000740   Section        0  stm32f10x_exti.o(.text)
    .text                                    0x08000804   Section        0  stm32f10x_flash.o(.text)
    delay                                    0x0800086b   Thumb Code    14  stm32f10x_flash.o(.text)
    .text                                    0x08000900   Section        0  stm32f10x_gpio.o(.text)
    .text                                    0x08000a88   Section        0  stm32f10x_rcc.o(.text)
    .text                                    0x08000d2c   Section        0  stm32f10x_rtc.o(.text)
    .text                                    0x08000db8   Section        0  stm32f10x_spi.o(.text)
    .text                                    0x08000e24   Section        0  stm32f10x_tim.o(.text)
    TI4_Config                               0x08000e57   Thumb Code    70  stm32f10x_tim.o(.text)
    TI3_Config                               0x08000e9d   Thumb Code    64  stm32f10x_tim.o(.text)
    TI2_Config                               0x08000edd   Thumb Code    68  stm32f10x_tim.o(.text)
    TI1_Config                               0x08000f21   Thumb Code    54  stm32f10x_tim.o(.text)
    .text                                    0x08000f60   Section        0  stm32f10x_usart.o(.text)
    .text                                    0x080010b0   Section        0  lcd_12864.o(.text)
    .text                                    0x08001474   Section        0  system_init.o(.text)
    NVIC_SetPriority                         0x08001475   Thumb Code    32  system_init.o(.text)
    .text                                    0x08001a20   Section        0  adc.o(.text)
    .text                                    0x08001ac0   Section        0  dac.o(.text)
    .text                                    0x08001b4c   Section        0  main.o(.text)
    ConmmunctionTimer                        0x08001b4d   Thumb Code    32  main.o(.text)
    .text                                    0x08001bdc   Section        0  stm32f10x_it.o(.text)
    .text                                    0x08001d84   Section        0  timertask.o(.text)
    .text                                    0x08001eb4   Section        0  timertask.o(.text)
    .text                                    0x08001ef0   Section        0  data.o(.text)
    .text                                    0x08001f58   Section        0  actuator.o(.text)
    .text                                    0x08001fd8   Section        0  control.o(.text)
    .text                                    0x08002124   Section        0  menu.o(.text)
    .text                                    0x080023d0   Section        0  menu.o(.text)
    .text                                    0x080023dc   Section        0  basicinfo.o(.text)
    .text                                    0x0800253c   Section        0  relaycontrol.o(.text)
    .text                                    0x08002638   Section        0  relaycontrol.o(.text)
    .text                                    0x080026cc   Section        0  setvalue.o(.text)
    .text                                    0x080029d0   Section        0  setvalueinfo.o(.text)
    .text                                    0x08002a7c   Section        0  currentoutput.o(.text)
    .text                                    0x08002af0   Section        0  currentoutput.o(.text)
    .text                                    0x08002b30   Section        0  setvaluerange.o(.text)
    .text                                    0x08002c44   Section        0  alarmrangeinfo.o(.text)
    .text                                    0x08002e1c   Section        0  outputcontrolmodinfo.o(.text)
    .text                                    0x08002ea8   Section        0  relaystatusinfo.o(.text)
    .text                                    0x08002fa4   Section        0  dampinfo.o(.text)
    .text                                    0x08003058   Section        0  pidinfo.o(.text)
    .text                                    0x0800313c   Section        0  volageinputinfo.o(.text)
    .text                                    0x080031f4   Section        0  deviceaddrinfo.o(.text)
    .text                                    0x08003280   Section        0  pid_c_stm32.o(.text)
    .text                                    0x0800331c   Section        0  memcpya.o(.text)
    .text                                    0x08003340   Section        0  fdiv.o(.text)
    .text                                    0x080033c0   Section        0  ffltui.o(.text)
    .text                                    0x080033ca   Section        0  f2d.o(.text)
    .text                                    0x080033f6   Section        0  uidiv.o(.text)
    .text                                    0x08003422   Section        0  uldiv.o(.text)
    .text                                    0x08003484   Section        0  iusefp.o(.text)
    .text                                    0x08003484   Section        0  fepilogue.o(.text)
    .text                                    0x080034f0   Section        0  dadd.o(.text)
    .text                                    0x0800363c   Section        0  dmul.o(.text)
    .text                                    0x0800371c   Section        0  ddiv.o(.text)
    .text                                    0x080037fa   Section        0  dfixul.o(.text)
    .text                                    0x0800382c   Section       40  cdrcmple.o(.text)
    .text                                    0x08003854   Section       36  init.o(.text)
    .text                                    0x08003878   Section        0  llshl.o(.text)
    .text                                    0x08003896   Section        0  llushr.o(.text)
    .text                                    0x080038b6   Section        0  llsshr.o(.text)
    .text                                    0x080038da   Section        0  depilogue.o(.text)
    i.__0sprintf                             0x08003998   Section        0  printfa.o(i.__0sprintf)
    i.__scatterload_copy                     0x080039c0   Section       14  handlers.o(i.__scatterload_copy)
    i.__scatterload_null                     0x080039ce   Section        2  handlers.o(i.__scatterload_null)
    i.__scatterload_zeroinit                 0x080039d0   Section       14  handlers.o(i.__scatterload_zeroinit)
    i._fp_digits                             0x080039e0   Section        0  printfa.o(i._fp_digits)
    _fp_digits                               0x080039e1   Thumb Code   324  printfa.o(i._fp_digits)
    i._printf_core                           0x08003b38   Section        0  printfa.o(i._printf_core)
    _printf_core                             0x08003b39   Thumb Code  1782  printfa.o(i._printf_core)
    i._printf_post_padding                   0x0800423c   Section        0  printfa.o(i._printf_post_padding)
    _printf_post_padding                     0x0800423d   Thumb Code    38  printfa.o(i._printf_post_padding)
    i._printf_pre_padding                    0x08004262   Section        0  printfa.o(i._printf_pre_padding)
    _printf_pre_padding                      0x08004263   Thumb Code    48  printfa.o(i._printf_pre_padding)
    i._sputc                                 0x08004292   Section        0  printfa.o(i._sputc)
    _sputc                                   0x08004293   Thumb Code    10  printfa.o(i._sputc)
    .constdata                               0x0800429c   Section       20  system_stm32f10x.o(.constdata)
    .constdata                               0x080042b0   Section        4  setdeviceaddr.o(.constdata)
    .constdata                               0x080042b4   Section     7048  lcd_12864.o(.constdata)
    .constdata                               0x08005e3c   Section     1072  menu.o(.constdata)
    .constdata                               0x0800626c   Section        8  setvalue.o(.constdata)
    .conststring                             0x08006274   Section      329  menu.o(.conststring)
    .data                                    0x20000000   Section        1  setdeviceaddr.o(.data)
    .data                                    0x20000001   Section       20  stm32f10x_rcc.o(.data)
    APBAHBPrescTable                         0x20000001   Data          16  stm32f10x_rcc.o(.data)
    ADCPrescTable                            0x20000011   Data           4  stm32f10x_rcc.o(.data)
    .data                                    0x20000018   Section       32  main.o(.data)
    TimingDelay                              0x20000020   Data           4  main.o(.data)
    .data                                    0x20000038   Section        8  stm32f10x_it.o(.data)
    .data                                    0x20000040   Section        2  data.o(.data)
    .data                                    0x20000042   Section        4  actuator.o(.data)
    .data                                    0x20000046   Section        3  menu.o(.data)
    .data                                    0x2000004a   Section        2  setvalue.o(.data)
    .data                                    0x2000004c   Section        2  deviceaddrinfo.o(.data)
    .data                                    0x2000004e   Section        8  pid_c_stm32.o(.data)
    .bss                                     0x20000058   Section     4508  main.o(.bss)
    .bss                                     0x200011f4   Section       52  data.o(.bss)
    STACK                                    0x20001228   Section      512  startup_stm32f10x_md.o(STACK)

    Global Symbols

    Symbol Name                              Value     Ov Type        Size  Object(Section)

    BuildAttributes$$THM_ISAv4$P$D$K$B$S$PE$A:L22UL41UL21$X:L11$S22US41US21$IEEE1$IW$USESV6$~STKCKD$USESV7$~SHL$OTIME$ROPI$EBA8$MICROLIB$REQ8$PRES8$EABIv2 0x00000000   Number         0  anon$$obj.o ABSOLUTE
    __ARM_use_no_argv                        0x00000000   Number         0  main.o ABSOLUTE
    _printf_a                                0x00000000   Number         0  stubs.o ABSOLUTE
    _printf_c                                0x00000000   Number         0  stubs.o ABSOLUTE
    _printf_charcount                        0x00000000   Number         0  stubs.o ABSOLUTE
    _printf_d                                0x00000000   Number         0  stubs.o ABSOLUTE
    _printf_e                                0x00000000   Number         0  stubs.o ABSOLUTE
    _printf_f                                0x00000000   Number         0  stubs.o ABSOLUTE
    _printf_flags                            0x00000000   Number         0  stubs.o ABSOLUTE
    _printf_fp_dec                           0x00000000   Number         0  stubs.o ABSOLUTE
    _printf_fp_hex                           0x00000000   Number         0  stubs.o ABSOLUTE
    _printf_g                                0x00000000   Number         0  stubs.o ABSOLUTE
    _printf_i                                0x00000000   Number         0  stubs.o ABSOLUTE
    _printf_int_dec                          0x00000000   Number         0  stubs.o ABSOLUTE
    _printf_l                                0x00000000   Number         0  stubs.o ABSOLUTE
    _printf_lc                               0x00000000   Number         0  stubs.o ABSOLUTE
    _printf_ll                               0x00000000   Number         0  stubs.o ABSOLUTE
    _printf_lld                              0x00000000   Number         0  stubs.o ABSOLUTE
    _printf_lli                              0x00000000   Number         0  stubs.o ABSOLUTE
    _printf_llo                              0x00000000   Number         0  stubs.o ABSOLUTE
    _printf_llu                              0x00000000   Number         0  stubs.o ABSOLUTE
    _printf_llx                              0x00000000   Number         0  stubs.o ABSOLUTE
    _printf_longlong_dec                     0x00000000   Number         0  stubs.o ABSOLUTE
    _printf_longlong_hex                     0x00000000   Number         0  stubs.o ABSOLUTE
    _printf_longlong_oct                     0x00000000   Number         0  stubs.o ABSOLUTE
    _printf_ls                               0x00000000   Number         0  stubs.o ABSOLUTE
    _printf_mbtowc                           0x00000000   Number         0  stubs.o ABSOLUTE
    _printf_n                                0x00000000   Number         0  stubs.o ABSOLUTE
    _printf_o                                0x00000000   Number         0  stubs.o ABSOLUTE
    _printf_p                                0x00000000   Number         0  stubs.o ABSOLUTE
    _printf_percent                          0x00000000   Number         0  stubs.o ABSOLUTE
    _printf_pre_padding                      0x00000000   Number         0  stubs.o ABSOLUTE
    _printf_return_value                     0x00000000   Number         0  stubs.o ABSOLUTE
    _printf_s                                0x00000000   Number         0  stubs.o ABSOLUTE
    _printf_sizespec                         0x00000000   Number         0  stubs.o ABSOLUTE
    _printf_str                              0x00000000   Number         0  stubs.o ABSOLUTE
    _printf_truncate_signed                  0x00000000   Number         0  stubs.o ABSOLUTE
    _printf_truncate_unsigned                0x00000000   Number         0  stubs.o ABSOLUTE
    _printf_u                                0x00000000   Number         0  stubs.o ABSOLUTE
    _printf_wc                               0x00000000   Number         0  stubs.o ABSOLUTE
    _printf_wctomb                           0x00000000   Number         0  stubs.o ABSOLUTE
    _printf_widthprec                        0x00000000   Number         0  stubs.o ABSOLUTE
    _printf_x                                0x00000000   Number         0  stubs.o ABSOLUTE
    __decompress                              - Undefined Weak Reference
    _clock_init                               - Undefined Weak Reference
    __Vectors_Size                           0x000000ec   Number         0  startup_stm32f10x_md.o ABSOLUTE
    __Vectors                                0x08000000   Data           4  startup_stm32f10x_md.o(RESET)
    __Vectors_End                            0x080000ec   Data           0  startup_stm32f10x_md.o(RESET)
    __main                                   0x080000ed   Thumb Code     0  entry.o(.ARM.Collect$$$$00000000)
    _main_stk                                0x080000ed   Thumb Code     0  entry2.o(.ARM.Collect$$$$00000001)
    _main_scatterload                        0x080000f1   Thumb Code     0  entry5.o(.ARM.Collect$$$$00000004)
    __main_after_scatterload                 0x080000f5   Thumb Code     0  entry5.o(.ARM.Collect$$$$00000004)
    _main_clock                              0x080000f5   Thumb Code     0  entry7b.o(.ARM.Collect$$$$00000008)
    _main_init                               0x080000f5   Thumb Code     0  entry8.o(.ARM.Collect$$$$00000009)
    Reset_Handler                            0x08000101   Thumb Code     4  startup_stm32f10x_md.o(.text)
    ADC1_2_IRQHandler                        0x08000117   Thumb Code     0  startup_stm32f10x_md.o(.text)
    CAN1_RX1_IRQHandler                      0x08000117   Thumb Code     0  startup_stm32f10x_md.o(.text)
    CAN1_SCE_IRQHandler                      0x08000117   Thumb Code     0  startup_stm32f10x_md.o(.text)
    DMA1_Channel1_IRQHandler                 0x08000117   Thumb Code     0  startup_stm32f10x_md.o(.text)
    DMA1_Channel2_IRQHandler                 0x08000117   Thumb Code     0  startup_stm32f10x_md.o(.text)
    DMA1_Channel3_IRQHandler                 0x08000117   Thumb Code     0  startup_stm32f10x_md.o(.text)
    DMA1_Channel4_IRQHandler                 0x08000117   Thumb Code     0  startup_stm32f10x_md.o(.text)
    DMA1_Channel5_IRQHandler                 0x08000117   Thumb Code     0  startup_stm32f10x_md.o(.text)
    DMA1_Channel6_IRQHandler                 0x08000117   Thumb Code     0  startup_stm32f10x_md.o(.text)
    DMA1_Channel7_IRQHandler                 0x08000117   Thumb Code     0  startup_stm32f10x_md.o(.text)
    EXTI0_IRQHandler                         0x08000117   Thumb Code     0  startup_stm32f10x_md.o(.text)
    EXTI1_IRQHandler                         0x08000117   Thumb Code     0  startup_stm32f10x_md.o(.text)
    EXTI2_IRQHandler                         0x08000117   Thumb Code     0  startup_stm32f10x_md.o(.text)
    EXTI3_IRQHandler                         0x08000117   Thumb Code     0  startup_stm32f10x_md.o(.text)
    EXTI4_IRQHandler                         0x08000117   Thumb Code     0  startup_stm32f10x_md.o(.text)
    EXTI9_5_IRQHandler                       0x08000117   Thumb Code     0  startup_stm32f10x_md.o(.text)
    FLASH_IRQHandler                         0x08000117   Thumb Code     0  startup_stm32f10x_md.o(.text)
    I2C1_ER_IRQHandler                       0x08000117   Thumb Code     0  startup_stm32f10x_md.o(.text)
    I2C1_EV_IRQHandler                       0x08000117   Thumb Code     0  startup_stm32f10x_md.o(.text)
    I2C2_ER_IRQHandler                       0x08000117   Thumb Code     0  startup_stm32f10x_md.o(.text)
    I2C2_EV_IRQHandler                       0x08000117   Thumb Code     0  startup_stm32f10x_md.o(.text)
    PVD_IRQHandler                           0x08000117   Thumb Code     0  startup_stm32f10x_md.o(.text)
    RCC_IRQHandler                           0x08000117   Thumb Code     0  startup_stm32f10x_md.o(.text)
    RTCAlarm_IRQHandler                      0x08000117   Thumb Code     0  startup_stm32f10x_md.o(.text)
    SPI1_IRQHandler                          0x08000117   Thumb Code     0  startup_stm32f10x_md.o(.text)
    SPI2_IRQHandler                          0x08000117   Thumb Code     0  startup_stm32f10x_md.o(.text)
    TAMPER_IRQHandler                        0x08000117   Thumb Code     0  startup_stm32f10x_md.o(.text)
    TIM1_BRK_IRQHandler                      0x08000117   Thumb Code     0  startup_stm32f10x_md.o(.text)
    TIM1_CC_IRQHandler                       0x08000117   Thumb Code     0  startup_stm32f10x_md.o(.text)
    TIM1_TRG_COM_IRQHandler                  0x08000117   Thumb Code     0  startup_stm32f10x_md.o(.text)
    TIM1_UP_IRQHandler                       0x08000117   Thumb Code     0  startup_stm32f10x_md.o(.text)
    TIM2_IRQHandler                          0x08000117   Thumb Code     0  startup_stm32f10x_md.o(.text)
    TIM3_IRQHandler                          0x08000117   Thumb Code     0  startup_stm32f10x_md.o(.text)
    TIM4_IRQHandler                          0x08000117   Thumb Code     0  startup_stm32f10x_md.o(.text)
    USART1_IRQHandler                        0x08000117   Thumb Code     0  startup_stm32f10x_md.o(.text)
    USART3_IRQHandler                        0x08000117   Thumb Code     0  startup_stm32f10x_md.o(.text)
    USBWakeUp_IRQHandler                     0x08000117   Thumb Code     0  startup_stm32f10x_md.o(.text)
    USB_HP_CAN1_TX_IRQHandler                0x08000117   Thumb Code     0  startup_stm32f10x_md.o(.text)
    USB_LP_CAN1_RX0_IRQHandler               0x08000117   Thumb Code     0  startup_stm32f10x_md.o(.text)
    WWDG_IRQHandler                          0x08000117   Thumb Code     0  startup_stm32f10x_md.o(.text)
    DisplayMeasureRange                      0x0800011d   Thumb Code   188  measurerangeinfo.o(.text)
    DisplayMeasureRangeKeyOptFun             0x080001f1   Thumb Code    52  measurerangeinfo.o(.text)
    SetDeviceAddr                            0x0800022d   Thumb Code   234  setdeviceaddr.o(.text)
    SetDeviceAddrKeyOptFun                   0x08000349   Thumb Code    60  setdeviceaddr.o(.text)
    SaveDeviceAddr                           0x08000385   Thumb Code    10  setdeviceaddr.o(.text)
    UpdateDeviceAddr                         0x0800038f   Thumb Code   104  setdeviceaddr.o(.text)
    ChangeDeviceAddrKeOptFun                 0x080003f7   Thumb Code    54  setdeviceaddr.o(.text)
    SaveDeviceAddrKeOptFun                   0x0800042d   Thumb Code    48  setdeviceaddr.o(.text)
    NVIC_PriorityGroupConfig                 0x08000479   Thumb Code    10  misc.o(.text)
    NVIC_Init                                0x08000483   Thumb Code   102  misc.o(.text)
    NVIC_SetVectorTable                      0x080004e9   Thumb Code    14  misc.o(.text)
    ADC_Init                                 0x0800050d   Thumb Code    70  stm32f10x_adc.o(.text)
    ADC_Cmd                                  0x08000553   Thumb Code    22  stm32f10x_adc.o(.text)
    ADC_ResetCalibration                     0x08000569   Thumb Code    10  stm32f10x_adc.o(.text)
    ADC_GetResetCalibrationStatus            0x08000573   Thumb Code    20  stm32f10x_adc.o(.text)
    ADC_StartCalibration                     0x08000587   Thumb Code    10  stm32f10x_adc.o(.text)
    ADC_GetCalibrationStatus                 0x08000591   Thumb Code    20  stm32f10x_adc.o(.text)
    ADC_SoftwareStartConvCmd                 0x080005a5   Thumb Code    22  stm32f10x_adc.o(.text)
    ADC_RegularChannelConfig                 0x080005bb   Thumb Code   184  stm32f10x_adc.o(.text)
    ADC_GetConversionValue                   0x08000673   Thumb Code     8  stm32f10x_adc.o(.text)
    ADC_GetFlagStatus                        0x08000685   Thumb Code    18  stm32f10x_adc.o(.text)
    DAC_DeInit                               0x08000699   Thumb Code    22  stm32f10x_dac.o(.text)
    DAC_Init                                 0x080006af   Thumb Code    46  stm32f10x_dac.o(.text)
    DAC_Cmd                                  0x080006dd   Thumb Code    34  stm32f10x_dac.o(.text)
    DAC_SoftwareTriggerCmd                   0x080006ff   Thumb Code    48  stm32f10x_dac.o(.text)
    DAC_SetChannel1Data                      0x08000735   Thumb Code     6  stm32f10x_dac.o(.text)
    EXTI_Init                                0x08000741   Thumb Code   150  stm32f10x_exti.o(.text)
    EXTI_GetITStatus                         0x080007d7   Thumb Code    34  stm32f10x_exti.o(.text)
    EXTI_ClearITPendingBit                   0x080007f9   Thumb Code     8  stm32f10x_exti.o(.text)
    FLASH_SetLatency                         0x08000805   Thumb Code    18  stm32f10x_flash.o(.text)
    FLASH_PrefetchBufferCmd                  0x08000817   Thumb Code    22  stm32f10x_flash.o(.text)
    FLASH_Unlock                             0x0800082d   Thumb Code    12  stm32f10x_flash.o(.text)
    FLASH_GetStatus                          0x08000839   Thumb Code    50  stm32f10x_flash.o(.text)
    FLASH_WaitForLastOperation               0x08000879   Thumb Code    42  stm32f10x_flash.o(.text)
    FLASH_ErasePage                          0x080008a3   Thumb Code    76  stm32f10x_flash.o(.text)
    FLASH_ClearFlag                          0x080008ef   Thumb Code     6  stm32f10x_flash.o(.text)
    GPIO_Init                                0x08000901   Thumb Code   274  stm32f10x_gpio.o(.text)
    GPIO_ReadInputDataBit                    0x08000a13   Thumb Code    18  stm32f10x_gpio.o(.text)
    GPIO_ReadOutputDataBit                   0x08000a25   Thumb Code    18  stm32f10x_gpio.o(.text)
    GPIO_SetBits                             0x08000a37   Thumb Code     4  stm32f10x_gpio.o(.text)
    GPIO_ResetBits                           0x08000a3b   Thumb Code     4  stm32f10x_gpio.o(.text)
    GPIO_WriteBit                            0x08000a3f   Thumb Code    10  stm32f10x_gpio.o(.text)
    GPIO_EXTILineConfig                      0x08000a49   Thumb Code    60  stm32f10x_gpio.o(.text)
    RCC_DeInit                               0x08000a89   Thumb Code    62  stm32f10x_rcc.o(.text)
    RCC_HSEConfig                            0x08000ac7   Thumb Code    70  stm32f10x_rcc.o(.text)
    RCC_GetFlagStatus                        0x08000b0d   Thumb Code    56  stm32f10x_rcc.o(.text)
    RCC_WaitForHSEStartUp                    0x08000b45   Thumb Code    46  stm32f10x_rcc.o(.text)
    RCC_PLLConfig                            0x08000b73   Thumb Code    24  stm32f10x_rcc.o(.text)
    RCC_PLLCmd                               0x08000b8b   Thumb Code     6  stm32f10x_rcc.o(.text)
    RCC_SYSCLKConfig                         0x08000b91   Thumb Code    18  stm32f10x_rcc.o(.text)
    RCC_GetSYSCLKSource                      0x08000ba3   Thumb Code    10  stm32f10x_rcc.o(.text)
    RCC_HCLKConfig                           0x08000bad   Thumb Code    18  stm32f10x_rcc.o(.text)
    RCC_PCLK1Config                          0x08000bbf   Thumb Code    18  stm32f10x_rcc.o(.text)
    RCC_PCLK2Config                          0x08000bd1   Thumb Code    20  stm32f10x_rcc.o(.text)
    RCC_GetClocksFreq                        0x08000be5   Thumb Code   192  stm32f10x_rcc.o(.text)
    RCC_AHBPeriphClockCmd                    0x08000ca5   Thumb Code    26  stm32f10x_rcc.o(.text)
    RCC_APB2PeriphClockCmd                   0x08000cbf   Thumb Code    26  stm32f10x_rcc.o(.text)
    RCC_APB1PeriphClockCmd                   0x08000cd9   Thumb Code    26  stm32f10x_rcc.o(.text)
    RCC_APB1PeriphResetCmd                   0x08000cf3   Thumb Code    26  stm32f10x_rcc.o(.text)
    RTC_EnterConfigMode                      0x08000d2d   Thumb Code    14  stm32f10x_rtc.o(.text)
    RTC_ExitConfigMode                       0x08000d3b   Thumb Code    16  stm32f10x_rtc.o(.text)
    RTC_GetCounter                           0x08000d4b   Thumb Code    18  stm32f10x_rtc.o(.text)
    RTC_SetCounter                           0x08000d5d   Thumb Code    26  stm32f10x_rtc.o(.text)
    RTC_WaitForLastTask                      0x08000d77   Thumb Code    14  stm32f10x_rtc.o(.text)
    RTC_GetITStatus                          0x08000d85   Thumb Code    32  stm32f10x_rtc.o(.text)
    RTC_ClearITPendingBit                    0x08000da5   Thumb Code    16  stm32f10x_rtc.o(.text)
    SPI_Init                                 0x08000db9   Thumb Code    60  stm32f10x_spi.o(.text)
    SPI_Cmd                                  0x08000df5   Thumb Code    24  stm32f10x_spi.o(.text)
    SPI_I2S_SendData                         0x08000e0d   Thumb Code     4  stm32f10x_spi.o(.text)
    SPI_I2S_GetFlagStatus                    0x08000e11   Thumb Code    18  stm32f10x_spi.o(.text)
    TIM_TimeBaseInit                         0x08000e25   Thumb Code    50  stm32f10x_tim.o(.text)
    USART_Init                               0x08000f61   Thumb Code   150  stm32f10x_usart.o(.text)
    USART_Cmd                                0x08000ff7   Thumb Code    24  stm32f10x_usart.o(.text)
    USART_ITConfig                           0x0800100f   Thumb Code    64  stm32f10x_usart.o(.text)
    USART_ReceiveData                        0x0800104f   Thumb Code    10  stm32f10x_usart.o(.text)
    USART_ClearFlag                          0x08001059   Thumb Code     6  stm32f10x_usart.o(.text)
    USART_GetITStatus                        0x0800105f   Thumb Code    76  stm32f10x_usart.o(.text)
    LcdWriteCom                              0x080010b1   Thumb Code    58  lcd_12864.o(.text)
    LcdInit                                  0x080010eb   Thumb Code   108  lcd_12864.o(.text)
    LcdWriteData                             0x08001157   Thumb Code    58  lcd_12864.o(.text)
    SetBaseXY                                0x08001191   Thumb Code    26  lcd_12864.o(.text)
    CleanScreen                              0x080011ab   Thumb Code    52  lcd_12864.o(.text)
    GetAscii1216                             0x080011df   Thumb Code    30  lcd_12864.o(.text)
    DisplayOne12x16                          0x080011fd   Thumb Code   114  lcd_12864.o(.text)
    GetGB1616                                0x0800126f   Thumb Code    74  lcd_12864.o(.text)
    DisplayOneLine12x16_with_params          0x080012b9   Thumb Code   132  lcd_12864.o(.text)
    DisplayOneLine16x16_with_params          0x0800133d   Thumb Code   124  lcd_12864.o(.text)
    GetGB2432                                0x080013b9   Thumb Code    60  lcd_12864.o(.text)
    DisplayOneLine24x32_with_params          0x080013f5   Thumb Code   104  lcd_12864.o(.text)
    SysTick_Configuration                    0x08001495   Thumb Code    76  system_init.o(.text)
    USARTx_NVIC_Init                         0x080014e1   Thumb Code    42  system_init.o(.text)
    USART_GPIO_Init                          0x0800150b   Thumb Code    58  system_init.o(.text)
    USARTx_Configuration                     0x08001545   Thumb Code    86  system_init.o(.text)
    FSCM_GPIO_Init                           0x0800159b   Thumb Code   206  system_init.o(.text)
    FSCM_Configuration                       0x08001669   Thumb Code    16  system_init.o(.text)
    NVIC_Configuration                       0x08001679   Thumb Code     2  system_init.o(.text)
    RCC_Configuration                        0x0800167b   Thumb Code    98  system_init.o(.text)
    GPIO_DI_NVIC_Configuration               0x080016dd   Thumb Code    42  system_init.o(.text)
    GPIO_DI_EXIT_Configuration               0x08001707   Thumb Code    44  system_init.o(.text)
    GPIO_DI_KEY0_Configration                0x08001733   Thumb Code    54  system_init.o(.text)
    GPIO_DI_KEY1_Configration                0x08001769   Thumb Code    54  system_init.o(.text)
    GPIO_DI_KEY2_Configration                0x0800179f   Thumb Code    54  system_init.o(.text)
    GPIO_DO_REALY_Configration               0x080017d5   Thumb Code    38  system_init.o(.text)
    GPIO_DO_LED_Configration                 0x080017fb   Thumb Code    40  system_init.o(.text)
    GPIO_Configuration                       0x08001823   Thumb Code    24  system_init.o(.text)
    ADC_Configuration                        0x0800183b   Thumb Code     8  system_init.o(.text)
    Flash_Configuration                      0x08001843   Thumb Code   108  system_init.o(.text)
    Timer_Configuration                      0x080018af   Thumb Code    44  system_init.o(.text)
    SPIx_GPIO_Config                         0x080018db   Thumb Code    96  system_init.o(.text)
    SPIx_Configuration                       0x0800193b   Thumb Code    96  system_init.o(.text)
    SystemResourcesInit                      0x0800199b   Thumb Code   120  system_init.o(.text)
    ADC_IN_adcInit                           0x08001a21   Thumb Code   140  adc.o(.text)
    GetVINAdcValue                           0x08001aad   Thumb Code    10  adc.o(.text)
    DAC_RCC_Init                             0x08001ac1   Thumb Code    24  dac.o(.text)
    DAC_GPIO_Init                            0x08001ad9   Thumb Code    22  dac.o(.text)
    DAC_Channel_Init                         0x08001aef   Thumb Code    38  dac.o(.text)
    DAC_VOLTAGE_Configuration                0x08001b15   Thumb Code    16  dac.o(.text)
    DacOutput                                0x08001b25   Thumb Code    32  dac.o(.text)
    TmrTasksInit                             0x08001b6d   Thumb Code    12  main.o(.text)
    DevicesInit                              0x08001b79   Thumb Code    12  main.o(.text)
    main                                     0x08001b85   Thumb Code    42  main.o(.text)
    delay                                    0x08001baf   Thumb Code    16  main.o(.text)
    TimingDelay_Decrement                    0x08001bbf   Thumb Code    18  main.o(.text)
    NMI_Handler                              0x08001bdd   Thumb Code     2  stm32f10x_it.o(.text)
    HardFault_Handler                        0x08001bdf   Thumb Code     4  stm32f10x_it.o(.text)
    MemManage_Handler                        0x08001be3   Thumb Code     4  stm32f10x_it.o(.text)
    BusFault_Handler                         0x08001be7   Thumb Code     4  stm32f10x_it.o(.text)
    UsageFault_Handler                       0x08001beb   Thumb Code     4  stm32f10x_it.o(.text)
    DebugMon_Handler                         0x08001bef   Thumb Code     2  stm32f10x_it.o(.text)
    SVC_Handler                              0x08001bf1   Thumb Code     2  stm32f10x_it.o(.text)
    PendSV_Handler                           0x08001bf3   Thumb Code     2  stm32f10x_it.o(.text)
    SysTick_Handler                          0x08001bf5   Thumb Code    12  stm32f10x_it.o(.text)
    RTC_IRQHandler                           0x08001c01   Thumb Code    66  stm32f10x_it.o(.text)
    USART2_IRQHandler                        0x08001c43   Thumb Code    52  stm32f10x_it.o(.text)
    EXTI15_10_IRQHandler                     0x08001c77   Thumb Code   232  stm32f10x_it.o(.text)
    TmrCfgFnct                               0x08001d85   Thumb Code    26  timertask.o(.text)
    TmrInit                                  0x08001d9f   Thumb Code    30  timertask.o(.text)
    TmrSetMST                                0x08001dbd   Thumb Code    52  timertask.o(.text)
    TmrSetT                                  0x08001df1   Thumb Code    22  timertask.o(.text)
    TmrStart                                 0x08001e07   Thumb Code    18  timertask.o(.text)
    TmrStop                                  0x08001e19   Thumb Code    18  timertask.o(.text)
    TmrTask                                  0x08001e2b   Thumb Code    90  timertask.o(.text)
    TmrDiDa                                  0x08001e85   Thumb Code    42  timertask.o(.text)
    TmrCfg                                   0x08001eb5   Thumb Code    60  timertask.o(.text)
    GetData                                  0x08001ef1   Thumb Code    20  data.o(.text)
    UpdateData                               0x08001f05   Thumb Code    16  data.o(.text)
    GetRelayStatus                           0x08001f15   Thumb Code     6  data.o(.text)
    SetRelay                                 0x08001f1b   Thumb Code     6  data.o(.text)
    SystemParamsInit                         0x08001f21   Thumb Code    46  data.o(.text)
    SaveOptMod                               0x08001f59   Thumb Code    24  actuator.o(.text)
    SetOptMod                                0x08001f71   Thumb Code    24  actuator.o(.text)
    RestoreOptMod                            0x08001f89   Thumb Code    24  actuator.o(.text)
    OpenRelay                                0x08001fa1   Thumb Code    12  actuator.o(.text)
    CloseRelay                               0x08001fad   Thumb Code    12  actuator.o(.text)
    OperateRelay                             0x08001fb9   Thumb Code    20  actuator.o(.text)
    Convert_ADC_ValueToMeter                 0x08001fd9   Thumb Code    22  control.o(.text)
    Convert_PID_OutputToRaw                  0x08001fef   Thumb Code    16  control.o(.text)
    Convert_DAC_VolageToCurrent              0x08001fff   Thumb Code    22  control.o(.text)
    CurrentOutput                            0x08002015   Thumb Code    36  control.o(.text)
    PID_Calc                                 0x08002039   Thumb Code    42  control.o(.text)
    RegulatingValveControl                   0x08002063   Thumb Code   104  control.o(.text)
    ManualControl                            0x080020cb   Thumb Code    30  control.o(.text)
    AutoControl                              0x080020e9   Thumb Code    24  control.o(.text)
    ControlMode                              0x08002101   Thumb Code    32  control.o(.text)
    MainWindow                               0x08002125   Thumb Code    60  menu.o(.text)
    DisplayWindow                            0x08002161   Thumb Code    28  menu.o(.text)
    ReturnBackToMainWindowEnterKeyOpt        0x0800217d   Thumb Code    30  menu.o(.text)
    MoveToRightMenu                          0x0800219b   Thumb Code   108  menu.o(.text)
    MoveToLeftMenu                           0x08002207   Thumb Code    46  menu.o(.text)
    ReturnToMainWindowKeyOptFun              0x08002235   Thumb Code    52  menu.o(.text)
    StartScreenRefreshTimer                  0x08002269   Thumb Code    34  menu.o(.text)
    StopScreenRefreshTimer                   0x0800228b   Thumb Code    10  menu.o(.text)
    MoveToNextMenu                           0x08002295   Thumb Code    26  menu.o(.text)
    DisplayMenu                              0x080022af   Thumb Code    82  menu.o(.text)
    ReturnToSubMenuKeyOptFun                 0x08002301   Thumb Code    38  menu.o(.text)
    KeyOptFun                                0x08002327   Thumb Code    74  menu.o(.text)
    ChangeDisplayMode                        0x08002371   Thumb Code    12  menu.o(.text)
    MenuInit                                 0x0800237d   Thumb Code    10  menu.o(.text)
    MainWindowRefreshTimer                   0x08002387   Thumb Code     8  menu.o(.text)
    MainWindowRefreshTimerInit               0x0800238f   Thumb Code    28  menu.o(.text)
    SetRefresh                               0x080023d1   Thumb Code     6  menu.o(.text)
    DisplayDeviceStatus                      0x080023dd   Thumb Code   180  basicinfo.o(.text)
    SubMenuEnterKeyOpt                       0x08002491   Thumb Code    40  basicinfo.o(.text)
    SubMenuKeyOptFun                         0x080024b9   Thumb Code    46  basicinfo.o(.text)
    DisplaySetRelayStatus                    0x0800253d   Thumb Code   208  relaycontrol.o(.text)
    DisplaySetRelayStatusKeOptFun            0x08002639   Thumb Code    56  relaycontrol.o(.text)
    SetRelayKeOptFun                         0x08002671   Thumb Code    76  relaycontrol.o(.text)
    DisplayValueAndSimbol                    0x080026cd   Thumb Code    60  setvalue.o(.text)
    SetValue                                 0x08002709   Thumb Code   294  setvalue.o(.text)
    UpdateSetValue                           0x0800282f   Thumb Code   106  setvalue.o(.text)
    MoveToFirstValueMenuItem                 0x08002899   Thumb Code     6  setvalue.o(.text)
    SetValueKeyOptFun                        0x0800289f   Thumb Code    64  setvalue.o(.text)
    SaveValue                                0x080028df   Thumb Code    14  setvalue.o(.text)
    ChangeValueKeOptFun                      0x080028ed   Thumb Code    54  setvalue.o(.text)
    SaveValueKeOptFun                        0x08002923   Thumb Code    48  setvalue.o(.text)
    ReturnFromSetValueMenuKeyOptFun          0x08002953   Thumb Code    52  setvalue.o(.text)
    DisplaySetValue                          0x080029d1   Thumb Code    94  setvalueinfo.o(.text)
    DisplaySetValeKeyOptFun                  0x08002a2f   Thumb Code    54  setvalueinfo.o(.text)
    DisplayCurrentOutput                     0x08002a7d   Thumb Code    94  currentoutput.o(.text)
    DisplayCurrentOutputKeOptFun             0x08002af1   Thumb Code    56  currentoutput.o(.text)
    DisplaySetValueRange                     0x08002b31   Thumb Code   184  setvaluerange.o(.text)
    DisplaySetValueRangeKeOptFun             0x08002be9   Thumb Code    54  setvaluerange.o(.text)
    DisplayAlarmRange                        0x08002c45   Thumb Code   372  alarmrangeinfo.o(.text)
    DisplayAlarmRangeKeyOptFun               0x08002db9   Thumb Code    54  alarmrangeinfo.o(.text)
    DisplayOutputControlModInfo              0x08002e1d   Thumb Code    56  outputcontrolmodinfo.o(.text)
    DisplayOutputControlModInfoKeyOptFun     0x08002e55   Thumb Code    54  outputcontrolmodinfo.o(.text)
    DisplayRelayStatusInfo                   0x08002ea9   Thumb Code   144  relaystatusinfo.o(.text)
    DisplayRelayStatusInfoKeyOptFun          0x08002f39   Thumb Code    58  relaystatusinfo.o(.text)
    DisplayDampInfo                          0x08002fa5   Thumb Code    98  dampinfo.o(.text)
    DisplayDampInfoKeyOptFun                 0x08003007   Thumb Code    54  dampinfo.o(.text)
    DisplayPID_Info                          0x08003059   Thumb Code   154  pidinfo.o(.text)
    DisplayPID_InfoKeyOptFun                 0x080030f3   Thumb Code    54  pidinfo.o(.text)
    Convert_ADC_ValueToVolage                0x0800313d   Thumb Code    22  volageinputinfo.o(.text)
    DisplayVolageInputInfo                   0x08003153   Thumb Code    84  volageinputinfo.o(.text)
    DisplayVolageInputInfoKeyOptFun          0x080031a7   Thumb Code    58  volageinputinfo.o(.text)
    DisplayDeviceAddr                        0x080031f5   Thumb Code    60  deviceaddrinfo.o(.text)
    DisplayDeviceAddrKeyOptFun               0x08003231   Thumb Code    54  deviceaddrinfo.o(.text)
    DoPID                                    0x08003281   Thumb Code    54  pid_c_stm32.o(.text)
    DoFullPID                                0x080032b7   Thumb Code    94  pid_c_stm32.o(.text)
    __aeabi_memcpy                           0x0800331d   Thumb Code    36  memcpya.o(.text)
    __aeabi_memcpy4                          0x0800331d   Thumb Code     0  memcpya.o(.text)
    __aeabi_memcpy8                          0x0800331d   Thumb Code     0  memcpya.o(.text)
    __aeabi_fdiv                             0x08003341   Thumb Code   128  fdiv.o(.text)
    __aeabi_ui2f                             0x080033c1   Thumb Code    10  ffltui.o(.text)
    __aeabi_f2d                              0x080033cb   Thumb Code    44  f2d.o(.text)
    __aeabi_uidiv                            0x080033f7   Thumb Code     0  uidiv.o(.text)
    __aeabi_uidivmod                         0x080033f7   Thumb Code    44  uidiv.o(.text)
    __aeabi_uldivmod                         0x08003423   Thumb Code    98  uldiv.o(.text)
    __I$use$fp                               0x08003485   Thumb Code     0  iusefp.o(.text)
    _float_round                             0x08003485   Thumb Code    18  fepilogue.o(.text)
    _float_epilogue                          0x08003497   Thumb Code    90  fepilogue.o(.text)
    __aeabi_dadd                             0x080034f1   Thumb Code   320  dadd.o(.text)
    __aeabi_dsub                             0x08003631   Thumb Code     6  dadd.o(.text)
    __aeabi_drsub                            0x08003637   Thumb Code     6  dadd.o(.text)
    __aeabi_dmul                             0x0800363d   Thumb Code   224  dmul.o(.text)
    __aeabi_ddiv                             0x0800371d   Thumb Code   222  ddiv.o(.text)
    __aeabi_d2ulz                            0x080037fb   Thumb Code    48  dfixul.o(.text)
    __aeabi_cdrcmple                         0x0800382d   Thumb Code    38  cdrcmple.o(.text)
    __scatterload                            0x08003855   Thumb Code    28  init.o(.text)
    __scatterload_rt2                        0x08003855   Thumb Code     0  init.o(.text)
    __aeabi_llsl                             0x08003879   Thumb Code    30  llshl.o(.text)
    _ll_shift_l                              0x08003879   Thumb Code     0  llshl.o(.text)
    __aeabi_llsr                             0x08003897   Thumb Code    32  llushr.o(.text)
    _ll_ushift_r                             0x08003897   Thumb Code     0  llushr.o(.text)
    __aeabi_lasr                             0x080038b7   Thumb Code    36  llsshr.o(.text)
    _ll_sshift_r                             0x080038b7   Thumb Code     0  llsshr.o(.text)
    _double_round                            0x080038db   Thumb Code    26  depilogue.o(.text)
    _double_epilogue                         0x080038f5   Thumb Code   164  depilogue.o(.text)
    __0sprintf                               0x08003999   Thumb Code    34  printfa.o(i.__0sprintf)
    __1sprintf                               0x08003999   Thumb Code     0  printfa.o(i.__0sprintf)
    __2sprintf                               0x08003999   Thumb Code     0  printfa.o(i.__0sprintf)
    __c89sprintf                             0x08003999   Thumb Code     0  printfa.o(i.__0sprintf)
    sprintf                                  0x08003999   Thumb Code     0  printfa.o(i.__0sprintf)
    __scatterload_copy                       0x080039c1   Thumb Code    14  handlers.o(i.__scatterload_copy)
    __scatterload_null                       0x080039cf   Thumb Code     2  handlers.o(i.__scatterload_null)
    __scatterload_zeroinit                   0x080039d1   Thumb Code    14  handlers.o(i.__scatterload_zeroinit)
    SystemFrequency                          0x0800429c   Data           4  system_stm32f10x.o(.constdata)
    SystemFrequency_SysClk                   0x080042a0   Data           4  system_stm32f10x.o(.constdata)
    SystemFrequency_AHBClk                   0x080042a4   Data           4  system_stm32f10x.o(.constdata)
    SystemFrequency_APB1Clk                  0x080042a8   Data           4  system_stm32f10x.o(.constdata)
    SystemFrequency_APB2Clk                  0x080042ac   Data           4  system_stm32f10x.o(.constdata)
    tGB_16                                   0x080042b4   Data        3944  lcd_12864.o(.constdata)
    tGB_24                                   0x0800521c   Data        1067  lcd_12864.o(.constdata)
    ascii_12x16                              0x08005647   Data        2016  lcd_12864.o(.constdata)
    menus                                    0x08005e3c   Data        1072  menu.o(.constdata)
    Region$$Table$$Base                      0x080063c0   Number         0  anon$$obj.o(Region$$Table)
    Region$$Table$$Limit                     0x080063e0   Number         0  anon$$obj.o(Region$$Table)
    newSetDeviceAddrValue                    0x20000000   Data           1  setdeviceaddr.o(.data)
    DataSizeOfTransfer                       0x20000018   Data           1  main.o(.data)
    DataSizeOfReceiver                       0x20000019   Data           1  main.o(.data)
    ACK_Data                                 0x2000001a   Data           6  main.o(.data)
    TxBuffer                                 0x20000024   Data           8  main.o(.data)
    RxBuffer                                 0x2000002c   Data           8  main.o(.data)
    displayModel                             0x20000034   Data           4  main.o(.data)
    ReceiveComplete                          0x20000038   Data           1  stm32f10x_it.o(.data)
    TxCounter                                0x20000039   Data           1  stm32f10x_it.o(.data)
    RxCounter                                0x2000003a   Data           1  stm32f10x_it.o(.data)
    cal                                      0x2000003c   Data           4  stm32f10x_it.o(.data)
    DO                                       0x20000040   Data           2  data.o(.data)
    preOptMod                                0x20000042   Data           2  actuator.o(.data)
    preOutputMod                             0x20000044   Data           2  actuator.o(.data)
    windowPointer                            0x20000046   Data           1  menu.o(.data)
    currentMenu                              0x20000047   Data           1  menu.o(.data)
    needRefresh                              0x20000048   Data           1  menu.o(.data)
    newSetValue                              0x2000004a   Data           2  setvalue.o(.data)
    deviceAddr                               0x2000004c   Data           2  deviceaddrinfo.o(.data)
    PrevError                                0x2000004e   Data           2  pid_c_stm32.o(.data)
    IntTerm                                  0x20000050   Data           2  pid_c_stm32.o(.data)
    PrevError_C                              0x20000052   Data           2  pid_c_stm32.o(.data)
    IntTerm_C                                0x20000054   Data           2  pid_c_stm32.o(.data)
    ComData                                  0x20000058   Data        4108  main.o(.bss)
    TmrTbl                                   0x20001064   Data         400  main.o(.bss)
    Data                                     0x200011f4   Data          52  data.o(.bss)
    __initial_sp                             0x20001428   Data           0  startup_stm32f10x_md.o(STACK)



==============================================================================

Memory Map of the image

  Image Entry point : 0x08000101

  Load Region LR_1 (Base: 0x08000000, Size: 0x00006438, Max: 0xffffffff, ABSOLUTE)

    Execution Region ER_RO (Base: 0x08000000, Size: 0x000063e0, Max: 0xffffffff, ABSOLUTE)

    Base Addr    Size         Type   Attr      Idx    E Section Name        Object

    0x08000000   0x000000ec   Data   RO           78    RESET               startup_stm32f10x_md.o
    0x080000ec   0x00000000   Code   RO         3258  * .ARM.Collect$$$$00000000  mc_w.l(entry.o)
    0x080000ec   0x00000004   Code   RO         3532    .ARM.Collect$$$$00000001  mc_w.l(entry2.o)
    0x080000f0   0x00000004   Code   RO         3535    .ARM.Collect$$$$00000004  mc_w.l(entry5.o)
    0x080000f4   0x00000000   Code   RO         3537    .ARM.Collect$$$$00000008  mc_w.l(entry7b.o)
    0x080000f4   0x00000008   Code   RO         3538    .ARM.Collect$$$$00000009  mc_w.l(entry8.o)
    0x080000fc   0x00000004   Code   RO         3533    .ARM.Collect$$$$00002712  mc_w.l(entry2.o)
    0x08000100   0x0000001c   Code   RO           79  * .text               startup_stm32f10x_md.o
    0x0800011c   0x000000d4   Code   RO           83    .text               measurerangeinfo.o
    0x080001f0   0x0000003c   Code   RO           84    .text               measurerangeinfo.o
    0x0800022c   0x0000011c   Code   RO          170    .text               setdeviceaddr.o
    0x08000348   0x00000130   Code   RO          171    .text               setdeviceaddr.o
    0x08000478   0x00000094   Code   RO          204    .text               misc.o
    0x0800050c   0x00000178   Code   RO          229    .text               stm32f10x_adc.o
    0x08000684   0x00000012   Code   RO          252    .text               stm32f10x_adc.o
    0x08000696   0x00000002   PAD
    0x08000698   0x0000009c   Code   RO          650    .text               stm32f10x_dac.o
    0x08000734   0x0000000c   Code   RO          655    .text               stm32f10x_dac.o
    0x08000740   0x000000c4   Code   RO          810    .text               stm32f10x_exti.o
    0x08000804   0x000000fc   Code   RO          854    .text               stm32f10x_flash.o
    0x08000900   0x00000188   Code   RO         1087    .text               stm32f10x_gpio.o
    0x08000a88   0x000002a4   Code   RO         1463    .text               stm32f10x_rcc.o
    0x08000d2c   0x0000008c   Code   RO         1574    .text               stm32f10x_rtc.o
    0x08000db8   0x0000006a   Code   RO         1817    .text               stm32f10x_spi.o
    0x08000e22   0x00000002   PAD
    0x08000e24   0x0000013c   Code   RO         1946    .text               stm32f10x_tim.o
    0x08000f60   0x00000150   Code   RO         2474    .text               stm32f10x_usart.o
    0x080010b0   0x000003c4   Code   RO         2707    .text               lcd_12864.o
    0x08001474   0x000005ac   Code   RO         2761    .text               system_init.o
    0x08001a20   0x000000a0   Code   RO         2810    .text               adc.o
    0x08001ac0   0x0000008c   Code   RO         2827    .text               dac.o
    0x08001b4c   0x00000090   Code   RO         2839    .text               main.o
    0x08001bdc   0x000001a8   Code   RO         2874    .text               stm32f10x_it.o
    0x08001d84   0x00000130   Code   RO         2890    .text               timertask.o
    0x08001eb4   0x0000003c   Code   RO         2894    .text               timertask.o
    0x08001ef0   0x00000068   Code   RO         2930    .text               data.o
    0x08001f58   0x00000080   Code   RO         2951    .text               actuator.o
    0x08001fd8   0x0000014c   Code   RO         2981    .text               control.o
    0x08002124   0x000002ac   Code   RO         2996    .text               menu.o
    0x080023d0   0x0000000c   Code   RO         2997    .text               menu.o
    0x080023dc   0x00000160   Code   RO         3027    .text               basicinfo.o
    0x0800253c   0x000000fc   Code   RO         3040    .text               relaycontrol.o
    0x08002638   0x00000094   Code   RO         3041    .text               relaycontrol.o
    0x080026cc   0x00000304   Code   RO         3059    .text               setvalue.o
    0x080029d0   0x000000ac   Code   RO         3079    .text               setvalueinfo.o
    0x08002a7c   0x00000074   Code   RO         3092    .text               currentoutput.o
    0x08002af0   0x00000040   Code   RO         3093    .text               currentoutput.o
    0x08002b30   0x00000114   Code   RO         3111    .text               setvaluerange.o
    0x08002c44   0x000001d8   Code   RO         3124    .text               alarmrangeinfo.o
    0x08002e1c   0x0000008c   Code   RO         3137    .text               outputcontrolmodinfo.o
    0x08002ea8   0x000000fc   Code   RO         3150    .text               relaystatusinfo.o
    0x08002fa4   0x000000b4   Code   RO         3163    .text               dampinfo.o
    0x08003058   0x000000e4   Code   RO         3176    .text               pidinfo.o
    0x0800313c   0x000000b8   Code   RO         3189    .text               volageinputinfo.o
    0x080031f4   0x0000008c   Code   RO         3202    .text               deviceaddrinfo.o
    0x08003280   0x0000009c   Code   RO         3240    .text               pid_c_stm32.o
    0x0800331c   0x00000024   Code   RO         3261    .text               mc_w.l(memcpya.o)
    0x08003340   0x00000080   Code   RO         3526    .text               mf_w.l(fdiv.o)
    0x080033c0   0x0000000a   Code   RO         3528    .text               mf_w.l(ffltui.o)
    0x080033ca   0x0000002c   Code   RO         3530    .text               mf_w.l(f2d.o)
    0x080033f6   0x0000002c   Code   RO         3540    .text               mc_w.l(uidiv.o)
    0x08003422   0x00000062   Code   RO         3542    .text               mc_w.l(uldiv.o)
    0x08003484   0x00000000   Code   RO         3544    .text               mc_w.l(iusefp.o)
    0x08003484   0x0000006c   Code   RO         3545    .text               mf_w.l(fepilogue.o)
    0x080034f0   0x0000014c   Code   RO         3547    .text               mf_w.l(dadd.o)
    0x0800363c   0x000000e0   Code   RO         3549    .text               mf_w.l(dmul.o)
    0x0800371c   0x000000de   Code   RO         3551    .text               mf_w.l(ddiv.o)
    0x080037fa   0x00000030   Code   RO         3553    .text               mf_w.l(dfixul.o)
    0x0800382a   0x00000002   PAD
    0x0800382c   0x00000028   Code   RO         3555    .text               mf_w.l(cdrcmple.o)
    0x08003854   0x00000024   Code   RO         3557    .text               mc_w.l(init.o)
    0x08003878   0x0000001e   Code   RO         3559    .text               mc_w.l(llshl.o)
    0x08003896   0x00000020   Code   RO         3561    .text               mc_w.l(llushr.o)
    0x080038b6   0x00000024   Code   RO         3563    .text               mc_w.l(llsshr.o)
    0x080038da   0x000000be   Code   RO         3565    .text               mf_w.l(depilogue.o)
    0x08003998   0x00000028   Code   RO         3500    i.__0sprintf        mc_w.l(printfa.o)
    0x080039c0   0x0000000e   Code   RO         3569    i.__scatterload_copy  mc_w.l(handlers.o)
    0x080039ce   0x00000002   Code   RO         3570    i.__scatterload_null  mc_w.l(handlers.o)
    0x080039d0   0x0000000e   Code   RO         3571    i.__scatterload_zeroinit  mc_w.l(handlers.o)
    0x080039de   0x00000002   PAD
    0x080039e0   0x00000158   Code   RO         3505    i._fp_digits        mc_w.l(printfa.o)
    0x08003b38   0x00000704   Code   RO         3506    i._printf_core      mc_w.l(printfa.o)
    0x0800423c   0x00000026   Code   RO         3507    i._printf_post_padding  mc_w.l(printfa.o)
    0x08004262   0x00000030   Code   RO         3508    i._printf_pre_padding  mc_w.l(printfa.o)
    0x08004292   0x0000000a   Code   RO         3510    i._sputc            mc_w.l(printfa.o)
    0x0800429c   0x00000014   Data   RO           19    .constdata          system_stm32f10x.o
    0x080042b0   0x00000004   Data   RO          172    .constdata          setdeviceaddr.o
    0x080042b4   0x00001b88   Data   RO         2713    .constdata          lcd_12864.o
    0x08005e3c   0x00000430   Data   RO         2998    .constdata          menu.o
    0x0800626c   0x00000008   Data   RO         3060    .constdata          setvalue.o
    0x08006274   0x00000149   Data   RO         2999    .conststring        menu.o
    0x080063bd   0x00000003   PAD
    0x080063c0   0x00000020   Data   RO         3567    Region$$Table       anon$$obj.o


    Execution Region ER_RW (Base: 0x20000000, Size: 0x00000058, Max: 0xffffffff, ABSOLUTE)

    Base Addr    Size         Type   Attr      Idx    E Section Name        Object

    0x20000000   0x00000001   Data   RW          173    .data               setdeviceaddr.o
    0x20000001   0x00000014   Data   RW         1480    .data               stm32f10x_rcc.o
    0x20000015   0x00000003   PAD
    0x20000018   0x00000020   Data   RW         2844    .data               main.o
    0x20000038   0x00000008   Data   RW         2875    .data               stm32f10x_it.o
    0x20000040   0x00000002   Data   RW         2932    .data               data.o
    0x20000042   0x00000004   Data   RW         2954    .data               actuator.o
    0x20000046   0x00000003   Data   RW         3000    .data               menu.o
    0x20000049   0x00000001   PAD
    0x2000004a   0x00000002   Data   RW         3061    .data               setvalue.o
    0x2000004c   0x00000002   Data   RW         3203    .data               deviceaddrinfo.o
    0x2000004e   0x00000008   Data   RW         3241    .data               pid_c_stm32.o


    Execution Region ER_ZI (Base: 0x20000058, Size: 0x000013d0, Max: 0xffffffff, ABSOLUTE)

    Base Addr    Size         Type   Attr      Idx    E Section Name        Object

    0x20000058   0x0000119c   Zero   RW         2843    .bss                main.o
    0x200011f4   0x00000034   Zero   RW         2931    .bss                data.o
    0x20001228   0x00000200   Zero   RW           76    STACK               startup_stm32f10x_md.o


==============================================================================

Image component sizes


      Code (inc. data)   RO Data    RW Data    ZI Data      Debug   Object Name

       128         12          0          4          0       1376   actuator.o
       160         10          0          0          0        708   adc.o
       472         46          0          0          0        967   alarmrangeinfo.o
       352         86          0          0          0        846   basicinfo.o
       332          4          0          0          0       2459   control.o
         0          0          0          0          0       4248   core_cm3.o
       180         30          0          0          0       1062   currentoutput.o
       140          8          0          0          0       1042   dac.o
       180         28          0          0          0        723   dampinfo.o
       104         10          0          2         52       1610   data.o
       140         26          0          2          0        904   deviceaddrinfo.o
       964         24       7048          0          0       5918   lcd_12864.o
       144         12          0         32       4508       2071   main.o
       272         32          0          0          0      25021   measurerangeinfo.o
       696         44       1401          3          0       4160   menu.o
       148         22          0          0          0       1253   misc.o
       140         30          0          0          0        735   outputcontrolmodinfo.o
       156          8          0          8          0       1508   pid_c_stm32.o
       228         20          0          0          0        795   pidinfo.o
       400         60          0          0          0       1265   relaycontrol.o
       252         50          0          0          0        785   relaystatusinfo.o
       588         78          4          1          0       2241   setdeviceaddr.o
       772         74          8          2          0       2629   setvalue.o
       172         24          0          0          0        730   setvalueinfo.o
       276         38          0          0          0        764   setvaluerange.o
        28          4        236          0        512        728   startup_stm32f10x_md.o
       394         10          0          0          0      13921   stm32f10x_adc.o
       168         12          0          0          0       6687   stm32f10x_dac.o
       196          4          0          0          0       3236   stm32f10x_exti.o
       252         12          0          0          0       3043   stm32f10x_flash.o
       392          4          0          0          0       3043   stm32f10x_gpio.o
       424         38          0          8          0       2158   stm32f10x_it.o
       676         32          0         20          0       6109   stm32f10x_rcc.o
       140          4          0          0          0       1421   stm32f10x_rtc.o
       106          0          0          0          0       8766   stm32f10x_spi.o
       316         10          0          0          0       4875   stm32f10x_tim.o
       336          6          0          0          0       3514   stm32f10x_usart.o
      1452         54          0          0          0       9834   system_init.o
         0          0         20          0          0     251184   system_stm32f10x.o
       364          6          0          0          0       3750   timertask.o
       184         20          0          0          0       1035   volageinputinfo.o

    ----------------------------------------------------------------------
     12828        992       8752         88       5072     389124   Object Totals
         0          0         32          0          0          0   (incl. Generated)
         4          0          3          6          0          0   (incl. Padding)

    ----------------------------------------------------------------------

      Code (inc. data)   RO Data    RW Data    ZI Data      Debug   Library Member Name

         0          0          0          0          0          0   entry.o
         8          4          0          0          0          0   entry2.o
         4          0          0          0          0          0   entry5.o
         0          0          0          0          0          0   entry7b.o
         8          4          0          0          0          0   entry8.o
        30          0          0          0          0          0   handlers.o
        36          8          0          0          0         68   init.o
         0          0          0          0          0          0   iusefp.o
        30          0          0          0          0         68   llshl.o
        36          0          0          0          0         68   llsshr.o
        32          0          0          0          0         68   llushr.o
        36          0          0          0          0         68   memcpya.o
      2276         84          0          0          0        512   printfa.o
        44          0          0          0          0         80   uidiv.o
        98          0          0          0          0         92   uldiv.o
        40          2          0          0          0         68   cdrcmple.o
       332          0          0          0          0        148   dadd.o
       222          0          0          0          0        100   ddiv.o
       190          0          0          0          0        176   depilogue.o
        48          0          0          0          0         68   dfixul.o
       224          0          0          0          0         96   dmul.o
        44          0          0          0          0         68   f2d.o
       128          0          0          0          0         88   fdiv.o
       108          0          0          0          0        168   fepilogue.o
        10          0          0          0          0         68   ffltui.o

    ----------------------------------------------------------------------
      3988        102          0          0          0       2072   Library Totals
         4          0          0          0          0          0   (incl. Padding)

    ----------------------------------------------------------------------

      Code (inc. data)   RO Data    RW Data    ZI Data      Debug   Library Name

      2638        100          0          0          0       1024   mc_w.l
      1346          2          0          0          0       1048   mf_w.l

    ----------------------------------------------------------------------
      3988        102          0          0          0       2072   Library Totals

    ----------------------------------------------------------------------

==============================================================================


      Code (inc. data)   RO Data    RW Data    ZI Data      Debug   

     16816       1094       8752         88       5072     386360   Grand Totals
     16816       1094       8752         88       5072     386360   ELF Image Totals
     16816       1094       8752         88          0          0   ROM Totals

==============================================================================

    Total RO  Size (Code + RO Data)                25568 (  24.97kB)
    Total RW  Size (RW Data + ZI Data)              5160 (   5.04kB)
    Total ROM Size (Code + RO Data + RW Data)      25656 (  25.05kB)

==============================================================================

